/home/yorkuy/Code/Leg_Gimbal/RM2023_Lib_V1.2/RM_Lib.h:677:7:<unnamed struct>::<constructor>()	16	static
/home/yorkuy/Code/Leg_Gimbal/Control/Pitch.h:18:5:PITCH::PITCH()	16	static
/usr/include/newlib/c++/10.3.1/arm-none-eabi/thumb/v7e-m+fp/hard/bits/gthr-default.h:229:1:int __gthread_key_delete(__gthread_key_t)	16	static
/home/yorkuy/Code/Leg_Gimbal/Math_Lib/SMC.h:274:2:SMC::SMC(float, float, float, float, float, float, float, float)	48	static
/home/yorkuy/Code/Leg_Gimbal/Math_Lib/SMC.h:336:5:SMC_PITCH::SMC_PITCH(float, float, float, float, float, float, float)	40	static
/home/yorkuy/Code/Leg_Gimbal/Control/Pitch.cpp:25:7:float gm6020to_torq_pitch(float)	24	static
/home/yorkuy/Code/Leg_Gimbal/Control/Pitch.cpp:39:18:static f (PITCH::* PITCH::stateFuncOf(PITCH::State))(u8)	24	static
/home/yorkuy/Code/Leg_Gimbal/Control/Pitch.cpp:49:6:void PITCH::switchState(PITCH::State)	32	static
/home/yorkuy/Code/Leg_Gimbal/Control/Pitch.cpp:59:3:f PITCH::runCurrentState(u8)	16	static
/home/yorkuy/Code/Leg_Gimbal/Control/Pitch.cpp:69:3:f PITCH::stateNORMAL(u8)	16	static
/home/yorkuy/Code/Leg_Gimbal/Control/Pitch.cpp:86:3:f PITCH::stateENCODER(u8)	24	static
/home/yorkuy/Code/Leg_Gimbal/Control/Pitch.cpp:107:3:f PITCH::stateAUTO_ZM(u8)	16	static
/home/yorkuy/Code/Leg_Gimbal/Control/Pitch.cpp:117:3:f PITCH::stateZERO(u8)	16	static
/home/yorkuy/Code/Leg_Gimbal/Control/Pitch.cpp:126:3:f PITCH::Pitch_Out_Interface(u8)	24	static
/home/yorkuy/Code/Leg_Gimbal/Control/Pitch.cpp:172:6:void PITCH::set_Pitch_Target(f)	16	static
/home/yorkuy/Code/Leg_Gimbal/Control/Pitch.cpp:176:6:void PITCH::set_SMCref(f)	16	static
/home/yorkuy/Code/Leg_Gimbal/Control/Pitch.cpp:180:1:void __static_initialization_and_destruction_0(int, int)	16	static
/home/yorkuy/Code/Leg_Gimbal/Control/Pitch.cpp:180:1:cpp)	8	static
