/usr/include/newlib/c++/10.3.1/bits/std_abs.h:56:3:long int std::abs(long int)	16	static
/usr/include/newlib/c++/10.3.1/bits/std_abs.h:75:3:constexpr float std::abs(float)	16	static
/home/yorkuy/code/Leg_Gimbal/RM2023_Lib_V1.2/RM_Lib.h:677:7:<unnamed struct>::<constructor>()	16	static
/home/yorkuy/code/Leg_Gimbal/RM2023_Lib_V1.2/RM_Lib.h:962:3:UpDown_check_class::UpDown_check_class(bool)	16	static
/home/yorkuy/code/Leg_Gimbal/RM2023_Lib_V1.2/RM_Lib.h:963:22:UpDown_check_state UpDown_check_class::updata(bool)	16	static
/home/yorkuy/code/Leg_Gimbal/Control/Shoot.h:47:9:MCL::MCL()	16	static
/home/yorkuy/code/Leg_Gimbal/Control/Shoot.h:87:13:BP::Energy::Energy()	16	static
/home/yorkuy/code/Leg_Gimbal/Control/Shoot.h:138:9:BP::BP()	16	static
/home/yorkuy/code/Leg_Gimbal/Math_Lib/PID.h:32:3:PID_class::PID_class(float, float, float, float, float, float, float, float, float)	48	static
/home/yorkuy/code/Leg_Gimbal/Control/Shoot.cpp:25:14:float ramp_towards(float, float, float)	32	static
/home/yorkuy/code/Leg_Gimbal/Control/Shoot.cpp:35:14:float clamp_float(float, float, float)	24	static
/home/yorkuy/code/Leg_Gimbal/Control/Shoot.cpp:44:6:void slope(float*, float, float)	32	static
/home/yorkuy/code/Leg_Gimbal/Control/Shoot.cpp:62:6:void MCL::MCL_while_layer(u8)	24	static
/home/yorkuy/code/Leg_Gimbal/Control/Shoot.cpp:98:6:void MCL::Update_Bullet_Feedback(f, uint16_t)	32	static
/home/yorkuy/code/Leg_Gimbal/Control/Shoot.cpp:118:4:f* MCL::MCL_deal(u8)	64	static
/home/yorkuy/code/Leg_Gimbal/Control/Shoot.cpp:179:22:f (BP::* stateFuncOf(BP::FsmState))()	24	static
/home/yorkuy/code/Leg_Gimbal/Control/Shoot.cpp:189:6:void BP::switchState(BP::FsmState)	32	static
/home/yorkuy/code/Leg_Gimbal/Control/Shoot.cpp:199:10:f runCurrentState(BP*)	16	static
/home/yorkuy/code/Leg_Gimbal/Control/Shoot.cpp:209:3:f BP::stateZERO()	16	static
/home/yorkuy/code/Leg_Gimbal/Control/Shoot.cpp:216:3:f BP::stateOneShot()	16	static
/home/yorkuy/code/Leg_Gimbal/Control/Shoot.cpp:225:3:f BP::stateContinuous()	16	static
/home/yorkuy/code/Leg_Gimbal/Control/Shoot.cpp:233:3:f BP::stateRecovery()	16	static
/home/yorkuy/code/Leg_Gimbal/Control/Shoot.cpp:251:3:f BP::BP_Out_Interface(u8, u8)	64	static
/home/yorkuy/code/Leg_Gimbal/Control/Shoot.cpp:406:6:void BP::Start_Recovery(double, double, u8)	32	static
/home/yorkuy/code/Leg_Gimbal/Control/Shoot.cpp:419:6:void BP::Stop_Recovery(double)	24	static
/home/yorkuy/code/Leg_Gimbal/Control/Shoot.cpp:433:6:void BP::BP_while_layer()	16	static
/home/yorkuy/code/Leg_Gimbal/Control/Shoot.cpp:458:6:void BP::BP_Energy()	16	static
/home/yorkuy/code/Leg_Gimbal/Control/Shoot.cpp:478:6:void BP::BP_time_out()	32	static
/home/yorkuy/code/Leg_Gimbal/Control/Shoot.cpp:531:3:f BP::BP_deal(u8, u8)	16	static
/home/yorkuy/code/Leg_Gimbal/Control/Shoot.cpp:534:1:void __static_initialization_and_destruction_0(int, int)	24	static
/home/yorkuy/code/Leg_Gimbal/Control/Shoot.cpp:534:1:cpp)	8	static
