/usr/include/newlib/c++/10.3.1/bits/std_abs.h:56:3:long int std::abs(long int)	16	static
/usr/include/newlib/c++/10.3.1/bits/std_abs.h:75:3:constexpr float std::abs(float)	16	static
/home/yorkuy/Code/Leg_Gimbal/RM2023_Lib_V1.2/RM_Lib.h:677:7:<unnamed struct>::<constructor>()	16	static
/home/yorkuy/Code/Leg_Gimbal/RM2023_Lib_V1.2/RM_Lib.h:962:3:UpDown_check_class::UpDown_check_class(bool)	16	static
/home/yorkuy/Code/Leg_Gimbal/RM2023_Lib_V1.2/RM_Lib.h:963:22:UpDown_check_state UpDown_check_class::updata(bool)	16	static
/home/yorkuy/Code/Leg_Gimbal/Control/Shoot.h:39:9:MCL::MCL()	16	static
/home/yorkuy/Code/Leg_Gimbal/Control/Shoot.h:76:13:BP::Energy::Energy()	16	static
/home/yorkuy/Code/Leg_Gimbal/Control/Shoot.h:127:9:BP::BP()	16	static
/home/yorkuy/Code/Leg_Gimbal/Math_Lib/PID.h:32:3:PID_class::PID_class(float, float, float, float, float, float, float, float, float)	48	static
/home/yorkuy/Code/Leg_Gimbal/Control/Shoot.cpp:25:14:float ramp_towards(float, float, float)	32	static
/home/yorkuy/Code/Leg_Gimbal/Control/Shoot.cpp:35:6:void slope(float*, float, float)	32	static
/home/yorkuy/Code/Leg_Gimbal/Control/Shoot.cpp:53:6:void MCL::MCL_while_layer(u8)	24	static
/home/yorkuy/Code/Leg_Gimbal/Control/Shoot.cpp:89:4:f* MCL::MCL_deal(u8)	64	static
/home/yorkuy/Code/Leg_Gimbal/Control/Shoot.cpp:150:22:f (BP::* stateFuncOf(BP::FsmState))()	24	static
/home/yorkuy/Code/Leg_Gimbal/Control/Shoot.cpp:160:6:void BP::switchState(BP::FsmState)	32	static
/home/yorkuy/Code/Leg_Gimbal/Control/Shoot.cpp:170:10:f runCurrentState(BP*)	16	static
/home/yorkuy/Code/Leg_Gimbal/Control/Shoot.cpp:180:3:f BP::stateZERO()	16	static
/home/yorkuy/Code/Leg_Gimbal/Control/Shoot.cpp:187:3:f BP::stateOneShot()	16	static
/home/yorkuy/Code/Leg_Gimbal/Control/Shoot.cpp:196:3:f BP::stateContinuous()	16	static
/home/yorkuy/Code/Leg_Gimbal/Control/Shoot.cpp:204:3:f BP::stateRecovery()	16	static
/home/yorkuy/Code/Leg_Gimbal/Control/Shoot.cpp:222:3:f BP::BP_Out_Interface(u8, u8)	64	static
/home/yorkuy/Code/Leg_Gimbal/Control/Shoot.cpp:377:6:void BP::Start_Recovery(double, double, u8)	32	static
/home/yorkuy/Code/Leg_Gimbal/Control/Shoot.cpp:390:6:void BP::Stop_Recovery(double)	24	static
/home/yorkuy/Code/Leg_Gimbal/Control/Shoot.cpp:404:6:void BP::BP_while_layer()	16	static
/home/yorkuy/Code/Leg_Gimbal/Control/Shoot.cpp:429:6:void BP::BP_Energy()	16	static
/home/yorkuy/Code/Leg_Gimbal/Control/Shoot.cpp:449:6:void BP::BP_time_out()	32	static
/home/yorkuy/Code/Leg_Gimbal/Control/Shoot.cpp:502:3:f BP::BP_deal(u8, u8)	16	static
/home/yorkuy/Code/Leg_Gimbal/Control/Shoot.cpp:505:1:void __static_initialization_and_destruction_0(int, int)	24	static
/home/yorkuy/Code/Leg_Gimbal/Control/Shoot.cpp:505:1:cpp)	8	static
