/home/cyn/control_code/Leg_Gimbal/RM2023_Lib_V1.2/RM_Lib.h:677:7:<unnamed struct>::<constructor>()	16	static
/home/cyn/control_code/Leg_Gimbal/RM2023_Lib_V1.2/RM_Lib.h:962:3:UpDown_check_class::UpDown_check_class(bool)	16	static
/home/cyn/control_code/Leg_Gimbal/RM2023_Lib_V1.2/RM_Lib.h:963:22:UpDown_check_state UpDown_check_class::updata(bool)	16	static
/home/cyn/control_code/Leg_Gimbal/Control/Yaw.h:23:5:YAW::YAW()	16	static
/usr/include/newlib/c++/10.3.1/arm-none-eabi/thumb/v7e-m+fp/hard/bits/gthr-default.h:229:1:int __gthread_key_delete(__gthread_key_t)	16	static
/home/cyn/control_code/Leg_Gimbal/Math_Lib/SMC.h:274:2:SMC::SMC(float, float, float, float, float, float, float, float)	48	static
/home/cyn/control_code/Leg_Gimbal/Control/Yaw.cpp:36:14:float max_short_mang(float, float)	24	static
/home/cyn/control_code/Leg_Gimbal/Control/Yaw.cpp:46:7:float gm6020to_torq(float)	24	static
/home/cyn/control_code/Leg_Gimbal/Control/Yaw.cpp:53:6:void YAW::yaw_mode_deal(u8, u8, u8)	16	static
/home/cyn/control_code/Leg_Gimbal/Control/Yaw.cpp:83:6:void YAW::set_SMCref(f)	16	static
/home/cyn/control_code/Leg_Gimbal/Control/Yaw.cpp:90:6:void YAW::set_Yaw_Angle(f)	16	static
/home/cyn/control_code/Leg_Gimbal/Control/Yaw.cpp:95:16:static f (YAW::* YAW::stateFuncOf(YAW::State))(u8)	24	static
/home/cyn/control_code/Leg_Gimbal/Control/Yaw.cpp:105:6:void YAW::switchState(YAW::State)	32	static
/home/cyn/control_code/Leg_Gimbal/Control/Yaw.cpp:115:3:f YAW::runCurrentState(u8)	16	static
/home/cyn/control_code/Leg_Gimbal/Control/Yaw.cpp:124:6:void YAW::updateEncoderMang(f)	24	static
/home/cyn/control_code/Leg_Gimbal/Control/Yaw.cpp:144:7:float YAW::stateNORMAL(u8)	24	static
/home/cyn/control_code/Leg_Gimbal/Control/Yaw.cpp:193:7:float YAW::stateENCODER(u8)	24	static
/home/cyn/control_code/Leg_Gimbal/Control/Yaw.cpp:211:7:float YAW::stateAUTO_ZM(u8)	16	static
/home/cyn/control_code/Leg_Gimbal/Control/Yaw.cpp:220:7:float YAW::stateSTANDUP(u8)	24	static
/home/cyn/control_code/Leg_Gimbal/Control/Yaw.cpp:244:7:float YAW::stateBACKING(u8)	16	static
/home/cyn/control_code/Leg_Gimbal/Control/Yaw.cpp:261:7:float YAW::stateZERO(u8)	16	static
/home/cyn/control_code/Leg_Gimbal/Control/Yaw.cpp:272:7:float YAW::Yaw_Out_Interface(u8)	24	static
/home/cyn/control_code/Leg_Gimbal/Control/Yaw.cpp:328:1:void __static_initialization_and_destruction_0(int, int)	16	static
/home/cyn/control_code/Leg_Gimbal/Control/Yaw.cpp:328:1:cpp)	8	static
