/home/yorkuy/Code/Leg_Gimbal/RM2023_Lib_V1.2/RM_Lib.h:350:21:TransitionState YKStateTransitionDetector::update(uint16_t)	0	static
/home/yorkuy/Code/Leg_Gimbal/RM2023_Lib_V1.2/RM_Lib.h:963:22:UpDown_check_state UpDown_check_class::updata(bool)	0	static
/home/yorkuy/Code/Leg_Gimbal/App_Lib/app_gimbal.cpp:324:6:void App_Gimbal_Init()	8	static
/home/yorkuy/Code/Leg_Gimbal/App_Lib/app_gimbal.cpp:332:6:void App_Gimbal_Loop()	32	static
/home/yorkuy/Code/Leg_Gimbal/App_Lib/app_gimbal.cpp:343:6:void App_Gimbal_TIM_PeriodElapsedCallback(TIM_HandleTypeDef*)	32	static
/home/yorkuy/Code/Leg_Gimbal/App_Lib/app_gimbal.cpp:419:6:void App_Gimbal_CAN1_RxFifo0Callback(CAN_HandleTypeDef*)	8	static
/home/yorkuy/Code/Leg_Gimbal/App_Lib/app_gimbal.cpp:432:6:void App_Gimbal_CAN2_RxFifo1Callback(CAN_HandleTypeDef*)	16	static
/home/yorkuy/Code/Leg_Gimbal/App_Lib/app_gimbal.cpp:449:6:void App_Gimbal_USART1_IRQHandler()	16	static
/home/yorkuy/Code/Leg_Gimbal/App_Lib/app_gimbal.cpp:471:6:void App_Gimbal_USART2_IRQHandler()	32	static
/home/yorkuy/Code/Leg_Gimbal/App_Lib/app_gimbal.cpp:509:1:cpp)	36	static
