/home/yorkuy/code/Leg_Gimbal/RM2023_Lib_V1.2/communication.h:248:20:void UnpackFloatSafe_Zm(const volatile uint8_t*, uint32_t, volatile FloatBytes_t*, float)	8	static
/home/yorkuy/code/Leg_Gimbal/RM2023_Lib_V1.2/communication.h:241:20:void UnpackFloatSafe(const volatile uint8_t*, uint32_t, volatile FloatBytes_t*)	8	static
/home/yorkuy/code/Leg_Gimbal/RM2023_Lib_V1.2/communication.c:20:10:uint16_t get_crc16(const uint8_t*, uint32_t)	8	static
/home/yorkuy/code/Leg_Gimbal/RM2023_Lib_V1.2/communication.c:35:6:bool check_crc16(const uint8_t*, uint32_t)	16	static
/home/yorkuy/code/Leg_Gimbal/RM2023_Lib_V1.2/communication.c:42:9:uint8_t cal_crc_table(uint8_t*, uint8_t)	8	static
/home/yorkuy/code/Leg_Gimbal/RM2023_Lib_V1.2/communication.c:56:6:void Mini_PC_Init()	0	static
/home/yorkuy/code/Leg_Gimbal/RM2023_Lib_V1.2/communication.c:62:9:void Mini_PC_SendData()	16	static
/home/yorkuy/code/Leg_Gimbal/RM2023_Lib_V1.2/communication.c:105:6:void GetReceive_SP(uint8_t*)	16	static
/home/yorkuy/code/Leg_Gimbal/RM2023_Lib_V1.2/communication.c:170:6:void Mini_PC_newSendData(float, float, uint8_t, uint8_t)	8	static
/home/yorkuy/code/Leg_Gimbal/RM2023_Lib_V1.2/communication.c:242:6:void getReceiveData(uint8_t*)	8	static
/home/yorkuy/code/Leg_Gimbal/RM2023_Lib_V1.2/communication.c:265:1:c)	0	static
