/home/yorkuy/Code/Leg_Gimbal/RM2023_Lib_V1.2/CP_System.c:778:13:Append_CRC8_Check_Sum.part.0.constprop	12	static
/home/yorkuy/Code/Leg_Gimbal/RM2023_Lib_V1.2/CP_System.c:821:13:Append_CRC16_Check_Sum.constprop	20	static
/home/yorkuy/Code/Leg_Gimbal/RM2023_Lib_V1.2/CP_System.c:23:6:CP_System_Init	0	static
/home/yorkuy/Code/Leg_Gimbal/RM2023_Lib_V1.2/CP_System.c:65:10:micros	8	static
/home/yorkuy/Code/Leg_Gimbal/RM2023_Lib_V1.2/CP_System.c:529:17:CP_data_deal	32	static
/home/yorkuy/Code/Leg_Gimbal/RM2023_Lib_V1.2/CP_System.c:29:6:CP_System_IRQHandler	24	static
/home/yorkuy/Code/Leg_Gimbal/RM2023_Lib_V1.2/CP_System.c:50:6:CP_System_DMACplt_DataDeal	24	static
/home/yorkuy/Code/Leg_Gimbal/RM2023_Lib_V1.2/CP_System.c:75:6:Judge_IF_DUM_Normal	8	static
/home/yorkuy/Code/Leg_Gimbal/RM2023_Lib_V1.2/CP_System.c:85:6:CP_Delete_Graphic	16	static
/home/yorkuy/Code/Leg_Gimbal/RM2023_Lib_V1.2/CP_System.c:114:6:CP_DrawOrDelete_One_Graphic	56	static
/home/yorkuy/Code/Leg_Gimbal/RM2023_Lib_V1.2/CP_System.c:177:6:CP_DrawOrDelete_Two_Graphic	96	static
/home/yorkuy/Code/Leg_Gimbal/RM2023_Lib_V1.2/CP_System.c:236:6:CP_DrawOrDelete_Five_Graphic	96	static
/home/yorkuy/Code/Leg_Gimbal/RM2023_Lib_V1.2/CP_System.c:295:6:CP_DrawOrDelete_Seven_Graphic	96	static
/home/yorkuy/Code/Leg_Gimbal/RM2023_Lib_V1.2/CP_System.c:354:6:CP_DrawOrDelete_One_Number	40	static
/home/yorkuy/Code/Leg_Gimbal/RM2023_Lib_V1.2/CP_System.c:412:6:CP_DrawOrDelete_Char	64	static
/home/yorkuy/Code/Leg_Gimbal/RM2023_Lib_V1.2/CP_System.c:476:6:CP_Robot_SendBytes	32	static
/home/yorkuy/Code/Leg_Gimbal/RM2023_Lib_V1.2/CP_System.c:503:6:CP_Robot_SendByte	16	static
/home/yorkuy/Code/Leg_Gimbal/RM2023_Lib_V1.2/CP_System.c:508:6:CP_Map	32	static
