/home/cyn/control_code/Leg_Gimbal/RM2023_Lib_V1.2/RM_Lib.h:677:7:<unnamed struct>::<constructor>()	16	static
/home/cyn/control_code/Leg_Gimbal/Core/Src/stm32f4xx_it.c:92:6:void NMI_Handler()	4	static
/home/cyn/control_code/Leg_Gimbal/Core/Src/stm32f4xx_it.c:107:6:void HardFault_Handler()	4	static
/home/cyn/control_code/Leg_Gimbal/Core/Src/stm32f4xx_it.c:122:6:void MemManage_Handler()	4	static
/home/cyn/control_code/Leg_Gimbal/Core/Src/stm32f4xx_it.c:137:6:void BusFault_Handler()	4	static
/home/cyn/control_code/Leg_Gimbal/Core/Src/stm32f4xx_it.c:152:6:void UsageFault_Handler()	4	static
/home/cyn/control_code/Leg_Gimbal/Core/Src/stm32f4xx_it.c:167:6:void SVC_Handler()	4	static
/home/cyn/control_code/Leg_Gimbal/Core/Src/stm32f4xx_it.c:180:6:void DebugMon_Handler()	4	static
/home/cyn/control_code/Leg_Gimbal/Core/Src/stm32f4xx_it.c:193:6:void PendSV_Handler()	4	static
/home/cyn/control_code/Leg_Gimbal/Core/Src/stm32f4xx_it.c:206:6:void SysTick_Handler()	8	static
/home/cyn/control_code/Leg_Gimbal/Core/Src/stm32f4xx_it.c:227:6:void DMA1_Stream0_IRQHandler()	8	static
/home/cyn/control_code/Leg_Gimbal/Core/Src/stm32f4xx_it.c:241:6:void DMA1_Stream1_IRQHandler()	8	static
/home/cyn/control_code/Leg_Gimbal/Core/Src/stm32f4xx_it.c:255:6:void DMA1_Stream3_IRQHandler()	8	static
/home/cyn/control_code/Leg_Gimbal/Core/Src/stm32f4xx_it.c:269:6:void DMA1_Stream5_IRQHandler()	8	static
/home/cyn/control_code/Leg_Gimbal/Core/Src/stm32f4xx_it.c:283:6:void DMA1_Stream6_IRQHandler()	8	static
/home/cyn/control_code/Leg_Gimbal/Core/Src/stm32f4xx_it.c:297:6:void CAN1_RX0_IRQHandler()	8	static
/home/cyn/control_code/Leg_Gimbal/Core/Src/stm32f4xx_it.c:311:6:void TIM1_UP_TIM10_IRQHandler()	8	static
/home/cyn/control_code/Leg_Gimbal/Core/Src/stm32f4xx_it.c:325:6:void TIM2_IRQHandler()	8	static
/home/cyn/control_code/Leg_Gimbal/Core/Src/stm32f4xx_it.c:339:6:void USART1_IRQHandler()	8	static
/home/cyn/control_code/Leg_Gimbal/Core/Src/stm32f4xx_it.c:354:6:void USART2_IRQHandler()	8	static
/home/cyn/control_code/Leg_Gimbal/Core/Src/stm32f4xx_it.c:369:6:void USART3_IRQHandler()	8	static
/home/cyn/control_code/Leg_Gimbal/Core/Src/stm32f4xx_it.c:383:6:void TIM8_BRK_TIM12_IRQHandler()	8	static
/home/cyn/control_code/Leg_Gimbal/Core/Src/stm32f4xx_it.c:397:6:void TIM8_UP_TIM13_IRQHandler()	8	static
/home/cyn/control_code/Leg_Gimbal/Core/Src/stm32f4xx_it.c:411:6:void DMA1_Stream7_IRQHandler()	8	static
/home/cyn/control_code/Leg_Gimbal/Core/Src/stm32f4xx_it.c:425:6:void TIM5_IRQHandler()	8	static
/home/cyn/control_code/Leg_Gimbal/Core/Src/stm32f4xx_it.c:439:6:void UART5_IRQHandler()	8	static
/home/cyn/control_code/Leg_Gimbal/Core/Src/stm32f4xx_it.c:453:6:void TIM6_DAC_IRQHandler()	8	static
/home/cyn/control_code/Leg_Gimbal/Core/Src/stm32f4xx_it.c:467:6:void TIM7_IRQHandler()	8	static
/home/cyn/control_code/Leg_Gimbal/Core/Src/stm32f4xx_it.c:481:6:void DMA2_Stream1_IRQHandler()	8	static
/home/cyn/control_code/Leg_Gimbal/Core/Src/stm32f4xx_it.c:495:6:void DMA2_Stream2_IRQHandler()	8	static
/home/cyn/control_code/Leg_Gimbal/Core/Src/stm32f4xx_it.c:509:6:void CAN2_RX1_IRQHandler()	8	static
/home/cyn/control_code/Leg_Gimbal/Core/Src/stm32f4xx_it.c:523:6:void USART6_IRQHandler()	8	static
/home/cyn/control_code/Leg_Gimbal/Core/Src/stm32f4xx_it.c:532:1:void __static_initialization_and_destruction_0(int, int)	16	static
/home/cyn/control_code/Leg_Gimbal/Core/Src/stm32f4xx_it.c:532:1:c)	8	static
