Archive member included to satisfy reference by file (symbol)

/usr/lib/gcc/arm-none-eabi/10.3.1/../../../arm-none-eabi/lib/thumb/v7e-m+fp/hard/libstdc++_nano.a(new_op.o)
                              CMakeFiles/Gimbal_V1.1.dir/Control/Shoot.cpp.obj (operator new(unsigned int))
/usr/lib/gcc/arm-none-eabi/10.3.1/../../../arm-none-eabi/lib/thumb/v7e-m+fp/hard/libstdc++_nano.a(new_handler.o)
                              /usr/lib/gcc/arm-none-eabi/10.3.1/../../../arm-none-eabi/lib/thumb/v7e-m+fp/hard/libstdc++_nano.a(new_op.o) (std::get_new_handler())
/usr/lib/gcc/arm-none-eabi/10.3.1/../../../arm-none-eabi/lib/thumb/v7e-m+fp/hard/libm.a(lib_a-s_floor.o)
                              CMakeFiles/Gimbal_V1.1.dir/CH010/nmea_dec.c.obj (floor)
/usr/lib/gcc/arm-none-eabi/10.3.1/../../../arm-none-eabi/lib/thumb/v7e-m+fp/hard/libm.a(lib_a-sf_cos.o)
                              CMakeFiles/Gimbal_V1.1.dir/RM2023_Lib_V1.2/RM_Lib.cpp.obj (cosf)
/usr/lib/gcc/arm-none-eabi/10.3.1/../../../arm-none-eabi/lib/thumb/v7e-m+fp/hard/libm.a(lib_a-sf_sin.o)
                              CMakeFiles/Gimbal_V1.1.dir/RM2023_Lib_V1.2/RM_Lib.cpp.obj (sinf)
/usr/lib/gcc/arm-none-eabi/10.3.1/../../../arm-none-eabi/lib/thumb/v7e-m+fp/hard/libm.a(lib_a-w_atan2.o)
                              CMakeFiles/Gimbal_V1.1.dir/RM2023_Lib_V1.2/RM_Lib.cpp.obj (atan2)
/usr/lib/gcc/arm-none-eabi/10.3.1/../../../arm-none-eabi/lib/thumb/v7e-m+fp/hard/libm.a(lib_a-wf_asin.o)
                              CMakeFiles/Gimbal_V1.1.dir/RM2023_Lib_V1.2/RM_Lib.cpp.obj (asinf)
/usr/lib/gcc/arm-none-eabi/10.3.1/../../../arm-none-eabi/lib/thumb/v7e-m+fp/hard/libm.a(lib_a-wf_atan2.o)
                              CMakeFiles/Gimbal_V1.1.dir/RM2023_Lib_V1.2/RM_Lib.cpp.obj (atan2f)
/usr/lib/gcc/arm-none-eabi/10.3.1/../../../arm-none-eabi/lib/thumb/v7e-m+fp/hard/libm.a(lib_a-wf_sqrt.o)
                              CMakeFiles/Gimbal_V1.1.dir/RM2023_Lib_V1.2/RM_Lib.cpp.obj (sqrtf)
/usr/lib/gcc/arm-none-eabi/10.3.1/../../../arm-none-eabi/lib/thumb/v7e-m+fp/hard/libm.a(lib_a-e_atan2.o)
                              /usr/lib/gcc/arm-none-eabi/10.3.1/../../../arm-none-eabi/lib/thumb/v7e-m+fp/hard/libm.a(lib_a-w_atan2.o) (__ieee754_atan2)
/usr/lib/gcc/arm-none-eabi/10.3.1/../../../arm-none-eabi/lib/thumb/v7e-m+fp/hard/libm.a(lib_a-ef_asin.o)
                              /usr/lib/gcc/arm-none-eabi/10.3.1/../../../arm-none-eabi/lib/thumb/v7e-m+fp/hard/libm.a(lib_a-wf_asin.o) (__ieee754_asinf)
/usr/lib/gcc/arm-none-eabi/10.3.1/../../../arm-none-eabi/lib/thumb/v7e-m+fp/hard/libm.a(lib_a-ef_atan2.o)
                              /usr/lib/gcc/arm-none-eabi/10.3.1/../../../arm-none-eabi/lib/thumb/v7e-m+fp/hard/libm.a(lib_a-wf_atan2.o) (__ieee754_atan2f)
/usr/lib/gcc/arm-none-eabi/10.3.1/../../../arm-none-eabi/lib/thumb/v7e-m+fp/hard/libm.a(lib_a-ef_rem_pio2.o)
                              /usr/lib/gcc/arm-none-eabi/10.3.1/../../../arm-none-eabi/lib/thumb/v7e-m+fp/hard/libm.a(lib_a-sf_cos.o) (__ieee754_rem_pio2f)
/usr/lib/gcc/arm-none-eabi/10.3.1/../../../arm-none-eabi/lib/thumb/v7e-m+fp/hard/libm.a(lib_a-ef_sqrt.o)
                              /usr/lib/gcc/arm-none-eabi/10.3.1/../../../arm-none-eabi/lib/thumb/v7e-m+fp/hard/libm.a(lib_a-wf_sqrt.o) (__ieee754_sqrtf)
/usr/lib/gcc/arm-none-eabi/10.3.1/../../../arm-none-eabi/lib/thumb/v7e-m+fp/hard/libm.a(lib_a-kf_cos.o)
                              /usr/lib/gcc/arm-none-eabi/10.3.1/../../../arm-none-eabi/lib/thumb/v7e-m+fp/hard/libm.a(lib_a-sf_cos.o) (__kernel_cosf)
/usr/lib/gcc/arm-none-eabi/10.3.1/../../../arm-none-eabi/lib/thumb/v7e-m+fp/hard/libm.a(lib_a-kf_rem_pio2.o)
                              /usr/lib/gcc/arm-none-eabi/10.3.1/../../../arm-none-eabi/lib/thumb/v7e-m+fp/hard/libm.a(lib_a-ef_rem_pio2.o) (__kernel_rem_pio2f)
/usr/lib/gcc/arm-none-eabi/10.3.1/../../../arm-none-eabi/lib/thumb/v7e-m+fp/hard/libm.a(lib_a-kf_sin.o)
                              /usr/lib/gcc/arm-none-eabi/10.3.1/../../../arm-none-eabi/lib/thumb/v7e-m+fp/hard/libm.a(lib_a-sf_cos.o) (__kernel_sinf)
/usr/lib/gcc/arm-none-eabi/10.3.1/../../../arm-none-eabi/lib/thumb/v7e-m+fp/hard/libm.a(lib_a-s_atan.o)
                              /usr/lib/gcc/arm-none-eabi/10.3.1/../../../arm-none-eabi/lib/thumb/v7e-m+fp/hard/libm.a(lib_a-e_atan2.o) (atan)
/usr/lib/gcc/arm-none-eabi/10.3.1/../../../arm-none-eabi/lib/thumb/v7e-m+fp/hard/libm.a(lib_a-s_fabs.o)
                              /usr/lib/gcc/arm-none-eabi/10.3.1/../../../arm-none-eabi/lib/thumb/v7e-m+fp/hard/libm.a(lib_a-e_atan2.o) (fabs)
/usr/lib/gcc/arm-none-eabi/10.3.1/../../../arm-none-eabi/lib/thumb/v7e-m+fp/hard/libm.a(lib_a-s_lib_ver.o)
                              /usr/lib/gcc/arm-none-eabi/10.3.1/../../../arm-none-eabi/lib/thumb/v7e-m+fp/hard/libm.a(lib_a-wf_asin.o) (__fdlib_version)
/usr/lib/gcc/arm-none-eabi/10.3.1/../../../arm-none-eabi/lib/thumb/v7e-m+fp/hard/libm.a(lib_a-sf_atan.o)
[...]
Memory Configuration

Name             Origin             Length             Attributes
RAM              0x0000000020000000 0x0000000000020000 xrw
CCMRAM           0x0000000010000000 0x0000000000010000 xrw
FLASH            0x0000000008000000 0x0000000000100000 xr
*default*        0x0000000000000000 0xffffffffffffffff

Linker script and memory map

LOAD /usr/lib/gcc/arm-none-eabi/10.3.1/thumb/v7e-m+fp/hard/crti.o
LOAD /usr/lib/gcc/arm-none-eabi/10.3.1/thumb/v7e-m+fp/hard/crtbegin.o
LOAD /usr/lib/gcc/arm-none-eabi/10.3.1/../../../arm-none-eabi/lib/thumb/v7e-m+fp/hard/crt0.o
LOAD cmake/stm32cubemx/CMakeFiles/STM32_Drivers.dir/__/__/Core/Src/system_stm32f4xx.c.obj
LOAD cmake/stm32cubemx/CMakeFiles/STM32_Drivers.dir/__/__/Drivers/STM32F4xx_HAL_Driver/Src/stm32f4xx_hal_can.c.obj
LOAD cmake/stm32cubemx/CMakeFiles/STM32_Drivers.dir/__/__/Drivers/STM32F4xx_HAL_Driver/Src/stm32f4xx_hal_rcc.c.obj
LOAD cmake/stm32cubemx/CMakeFiles/STM32_Drivers.dir/__/__/Drivers/STM32F4xx_HAL_Driver/Src/stm32f4xx_hal_rcc_ex.c.obj
LOAD cmake/stm32cubemx/CMakeFiles/STM32_Drivers.dir/__/__/Drivers/STM32F4xx_HAL_Driver/Src/stm32f4xx_hal_flash.c.obj
LOAD cmake/stm32cubemx/CMakeFiles/STM32_Drivers.dir/__/__/Drivers/STM32F4xx_HAL_Driver/Src/stm32f4xx_hal_flash_ex.c.obj
LOAD cmake/stm32cubemx/CMakeFiles/STM32_Drivers.dir/__/__/Drivers/STM32F4xx_HAL_Driver/Src/stm32f4xx_hal_flash_ramfunc.c.obj
LOAD cmake/stm32cubemx/CMakeFiles/STM32_Drivers.dir/__/__/Drivers/STM32F4xx_HAL_Driver/Src/stm32f4xx_hal_gpio.c.obj
LOAD cmake/stm32cubemx/CMakeFiles/STM32_Drivers.dir/__/__/Drivers/STM32F4xx_HAL_Driver/Src/stm32f4xx_hal_dma_ex.c.obj
LOAD cmake/stm32cubemx/CMakeFiles/STM32_Drivers.dir/__/__/Drivers/STM32F4xx_HAL_Driver/Src/stm32f4xx_hal_dma.c.obj
LOAD cmake/stm32cubemx/CMakeFiles/STM32_Drivers.dir/__/__/Drivers/STM32F4xx_HAL_Driver/Src/stm32f4xx_hal_pwr.c.obj
LOAD cmake/stm32cubemx/CMakeFiles/STM32_Drivers.dir/__/__/Drivers/STM32F4xx_HAL_Driver/Src/stm32f4xx_hal_pwr_ex.c.obj
LOAD cmake/stm32cubemx/CMakeFiles/STM32_Drivers.dir/__/__/Drivers/STM32F4xx_HAL_Driver/Src/stm32f4xx_hal_cortex.c.obj
LOAD cmake/stm32cubemx/CMakeFiles/STM32_Drivers.dir/__/__/Drivers/STM32F4xx_HAL_Driver/Src/stm32f4xx_hal.c.obj
LOAD cmake/stm32cubemx/CMakeFiles/STM32_Drivers.dir/__/__/Drivers/STM32F4xx_HAL_Driver/Src/stm32f4xx_hal_exti.c.obj
LOAD cmake/stm32cubemx/CMakeFiles/STM32_Drivers.dir/__/__/Drivers/STM32F4xx_HAL_Driver/Src/stm32f4xx_hal_spi.c.obj
LOAD cmake/stm32cubemx/CMakeFiles/STM32_Drivers.dir/__/__/Drivers/STM32F4xx_HAL_Driver/Src/stm32f4xx_hal_tim.c.obj
LOAD cmake/stm32cubemx/CMakeFiles/STM32_Drivers.dir/__/__/Drivers/STM32F4xx_HAL_Driver/Src/stm32f4xx_hal_tim_ex.c.obj
LOAD cmake/stm32cubemx/CMakeFiles/STM32_Drivers.dir/__/__/Drivers/STM32F4xx_HAL_Driver/Src/stm32f4xx_hal_uart.c.obj
LOAD CMakeFiles/Gimbal_V1.1.dir/Core/Src/main.c.obj
LOAD CMakeFiles/Gimbal_V1.1.dir/Core/Src/gpio.c.obj
LOAD CMakeFiles/Gimbal_V1.1.dir/Core/Src/can.c.obj
LOAD CMakeFiles/Gimbal_V1.1.dir/Core/Src/dma.c.obj
LOAD CMakeFiles/Gimbal_V1.1.dir/Core/Src/spi.c.obj
LOAD CMakeFiles/Gimbal_V1.1.dir/Core/Src/tim.c.obj
LOAD CMakeFiles/Gimbal_V1.1.dir/Core/Src/usart.c.obj
LOAD CMakeFiles/Gimbal_V1.1.dir/Core/Src/stm32f4xx_it.c.obj
LOAD CMakeFiles/Gimbal_V1.1.dir/Core/Src/stm32f4xx_hal_msp.c.obj
LOAD CMakeFiles/Gimbal_V1.1.dir/Core/Src/sysmem.c.obj
LOAD CMakeFiles/Gimbal_V1.1.dir/Core/Src/syscalls.c.obj
LOAD CMakeFiles/Gimbal_V1.1.dir/startup_stm32f405xx.s.obj
LOAD CMakeFiles/Gimbal_V1.1.dir/RM2023_Lib_V1.2/communication.c.obj
LOAD CMakeFiles/Gimbal_V1.1.dir/RM2023_Lib_V1.2/CP_System.c.obj
LOAD CMakeFiles/Gimbal_V1.1.dir/RM2023_Lib_V1.2/RM_Lib.cpp.obj
LOAD CMakeFiles/Gimbal_V1.1.dir/CH010/example_data.c.obj
LOAD CMakeFiles/Gimbal_V1.1.dir/CH010/hipnuc_dec.c.obj
LOAD CMakeFiles/Gimbal_V1.1.dir/CH010/nmea_dec.c.obj
LOAD CMakeFiles/Gimbal_V1.1.dir/Motor_Lib/DM.cpp.obj
LOAD CMakeFiles/Gimbal_V1.1.dir/Motor_Lib/RM.cpp.obj
LOAD CMakeFiles/Gimbal_V1.1.dir/Motor_Lib/RMD.cpp.obj
LOAD CMakeFiles/Gimbal_V1.1.dir/Math_Lib/PID.cpp.obj
LOAD CMakeFiles/Gimbal_V1.1.dir/Math_Lib/SMC.cpp.obj
LOAD CMakeFiles/Gimbal_V1.1.dir/Control/Pitch.cpp.obj
LOAD CMakeFiles/Gimbal_V1.1.dir/Control/Shoot.cpp.obj
LOAD CMakeFiles/Gimbal_V1.1.dir/Control/Yaw.cpp.obj
LOAD CMakeFiles/Gimbal_V1.1.dir/App_Lib/app_gimbal.cpp.obj
LOAD CMakeFiles/Gimbal_V1.1.dir/App_Lib/main.cpp.obj
LOAD /usr/lib/gcc/arm-none-eabi/10.3.1/../../../arm-none-eabi/lib/thumb/v7e-m+fp/hard/libstdc++_nano.a
LOAD /usr/lib/gcc/arm-none-eabi/10.3.1/../../../arm-none-eabi/lib/thumb/v7e-m+fp/hard/libm.a
START GROUP
LOAD /usr/lib/gcc/arm-none-eabi/10.3.1/thumb/v7e-m+fp/hard/libgcc.a
LOAD /usr/lib/gcc/arm-none-eabi/10.3.1/../../../arm-none-eabi/lib/thumb/v7e-m+fp/hard/libg_nano.a
LOAD /usr/lib/gcc/arm-none-eabi/10.3.1/../../../arm-none-eabi/lib/thumb/v7e-m+fp/hard/libc_nano.a
END GROUP
START GROUP
LOAD /usr/lib/gcc/arm-none-eabi/10.3.1/thumb/v7e-m+fp/hard/libgcc.a
LOAD /usr/lib/gcc/arm-none-eabi/10.3.1/../../../arm-none-eabi/lib/thumb/v7e-m+fp/hard/libc_nano.a
END GROUP
LOAD /usr/lib/gcc/arm-none-eabi/10.3.1/thumb/v7e-m+fp/hard/crtend.o
LOAD /usr/lib/gcc/arm-none-eabi/10.3.1/thumb/v7e-m+fp/hard/crtn.o
                0x0000000020020000                _estack = (ORIGIN (RAM) + LENGTH (RAM))
                0x0000000020018000                _sstack = (_estack - _Min_Stack_Size)
                0x0000000000003c00                _Min_Heap_Size = 0x3c00
                0x0000000000008000                _Min_Stack_Size = 0x8000

.isr_vector     0x0000000008000000      0x188
                0x0000000008000000                . = ALIGN (0x4)
 *(.isr_vector)
 .isr_vector    0x0000000008000000      0x188 CMakeFiles/Gimbal_V1.1.dir/startup_stm32f405xx.s.obj
                0x0000000008000000                g_pfnVectors
                0x0000000008000188                . = ALIGN (0x4)

.text           0x0000000008000188     0x9ee4
                0x0000000008000188                . = ALIGN (0x4)
 *(.text)
 .text          0x0000000008000188       0x88 /usr/lib/gcc/arm-none-eabi/10.3.1/thumb/v7e-m+fp/hard/crtbegin.o
 .text          0x0000000008000210       0x68 /usr/lib/gcc/arm-none-eabi/10.3.1/../../../arm-none-eabi/lib/thumb/v7e-m+fp/hard/libm.a(lib_a-wf_asin.o)
                0x0000000008000210                asinf
 .text          0x0000000008000278        0x4 /usr/lib/gcc/arm-none-eabi/10.3.1/../../../arm-none-eabi/lib/thumb/v7e-m+fp/hard/libm.a(lib_a-wf_atan2.o)
                0x0000000008000278                atan2f
 .text          0x000000000800027c      0x20c /usr/lib/gcc/arm-none-eabi/10.3.1/../../../arm-none-eabi/lib/thumb/v7e-m+fp/hard/libm.a(lib_a-ef_asin.o)
                0x000000000800027c                __ieee754_asinf
 .text          0x0000000008000488      0x14c /usr/lib/gcc/arm-none-eabi/10.3.1/../../../arm-none-eabi/lib/thumb/v7e-m+fp/hard/libm.a(lib_a-ef_atan2.o)
                0x0000000008000488                __ieee754_atan2f
 .text          0x00000000080005d4        0x8 /usr/lib/gcc/arm-none-eabi/10.3.1/../../../arm-none-eabi/lib/thumb/v7e-m+fp/hard/libm.a(lib_a-ef_sqrt.o)
                0x00000000080005d4                __ieee754_sqrtf
 .text          0x00000000080005dc      0x1a8 /usr/lib/gcc/arm-none-eabi/10.3.1/../../../arm-none-eabi/lib/thumb/v7e-m+fp/hard/libm.a(lib_a-sf_atan.o)
                0x00000000080005dc                atanf
 .text          0x0000000008000784       0x10 /usr/lib/gcc/arm-none-eabi/10.3.1/../../../arm-none-eabi/lib/thumb/v7e-m+fp/hard/libm.a(lib_a-sf_fabs.o)
                0x0000000008000784                fabsf
 .text          0x0000000008000794        0xc /usr/lib/gcc/arm-none-eabi/10.3.1/../../../arm-none-eabi/lib/thumb/v7e-m+fp/hard/libm.a(lib_a-sf_nan.o)
                0x0000000008000794                nanf
 .text          0x00000000080007a0      0x378 /usr/lib/gcc/arm-none-eabi/10.3.1/thumb/v7e-m+fp/hard/libgcc.a(_arm_addsubdf3.o)
                0x00000000080007a0                __aeabi_drsub
                0x00000000080007a8                __aeabi_dsub
                0x00000000080007a8                __subdf3
                0x00000000080007ac                __adddf3
                0x00000000080007ac                __aeabi_dadd
                0x0000000008000a24                __aeabi_ui2d
                0x0000000008000a24                __floatunsidf
                0x0000000008000a44                __floatsidf
                0x0000000008000a44                __aeabi_i2d
                0x0000000008000a68                __extendsfdf2
                0x0000000008000a68                __aeabi_f2d
                0x0000000008000aac                __aeabi_ul2d
                0x0000000008000aac                __floatundidf
                0x0000000008000abc                __floatdidf
                0x0000000008000abc                __aeabi_l2d
 .text          0x0000000008000b18      0x424 /usr/lib/gcc/arm-none-eabi/10.3.1/thumb/v7e-m+fp/hard/libgcc.a(_arm_muldivdf3.o)
                0x0000000008000b18                __aeabi_dmul
                0x0000000008000b18                __muldf3
                0x0000000008000d6c                __aeabi_ddiv
                0x0000000008000d6c                __divdf3
 .text          0x0000000008000f3c      0x110 /usr/lib/gcc/arm-none-eabi/10.3.1/thumb/v7e-m+fp/hard/libgcc.a(_arm_cmpdf2.o)
                0x0000000008000f3c                __gtdf2
                0x0000000008000f3c                __gedf2
                0x0000000008000f44                __ltdf2
                0x0000000008000f44                __ledf2
                0x0000000008000f4c                __cmpdf2
                0x0000000008000f4c                __eqdf2
                0x0000000008000f4c                __nedf2
                0x0000000008000fc8                __aeabi_cdrcmple
                0x0000000008000fd8                __aeabi_cdcmple
                0x0000000008000fd8                __aeabi_cdcmpeq
                0x0000000008000fe8                __aeabi_dcmpeq
                0x0000000008000ffc                __aeabi_dcmplt
                0x0000000008001010                __aeabi_dcmple
                0x0000000008001024                __aeabi_dcmpge
                0x0000000008001038                __aeabi_dcmpgt
 .text          0x000000000800104c       0xa0 /usr/lib/gcc/arm-none-eabi/10.3.1/thumb/v7e-m+fp/hard/libgcc.a(_arm_truncdfsf2.o)
                0x000000000800104c                __aeabi_d2f
                0x000000000800104c                __truncdfsf2
 .text          0x00000000080010ec       0x30 /usr/lib/gcc/arm-none-eabi/10.3.1/thumb/v7e-m+fp/hard/libgcc.a(_aeabi_uldivmod.o)
                0x00000000080010ec                __aeabi_uldivmod
 .text          0x000000000800111c      0x2d0 /usr/lib/gcc/arm-none-eabi/10.3.1/thumb/v7e-m+fp/hard/libgcc.a(_udivmoddi4.o)
                0x000000000800111c                __udivmoddi4
 .text          0x00000000080013ec        0x4 /usr/lib/gcc/arm-none-eabi/10.3.1/thumb/v7e-m+fp/hard/libgcc.a(_dvmd_tls.o)
                0x00000000080013ec                __aeabi_ldiv0
                0x00000000080013ec                __aeabi_idiv0
 .text          0x00000000080013f0       0x10 /usr/lib/gcc/arm-none-eabi/10.3.1/../../../arm-none-eabi/lib/thumb/v7e-m+fp/hard/libg_nano.a(lib_a-abort.o)
                0x00000000080013f0                abort
 .text          0x0000000008001400        0xc /usr/lib/gcc/arm-none-eabi/10.3.1/../../../arm-none-eabi/lib/thumb/v7e-m+fp/hard/libg_nano.a(lib_a-errno.o)
                0x0000000008001400                __errno
 .text          0x000000000800140c       0x48 /usr/lib/gcc/arm-none-eabi/10.3.1/../../../arm-none-eabi/lib/thumb/v7e-m+fp/hard/libg_nano.a(lib_a-init.o)
                0x000000000800140c                __libc_init_array
 .text          0x0000000008001454       0x20 /usr/lib/gcc/arm-none-eabi/10.3.1/../../../arm-none-eabi/lib/thumb/v7e-m+fp/hard/libg_nano.a(lib_a-malloc.o)
                0x0000000008001454                malloc
                0x0000000008001464                free
 .text          0x0000000008001474      0x134 /usr/lib/gcc/arm-none-eabi/10.3.1/../../../arm-none-eabi/lib/thumb/v7e-m+fp/hard/libg_nano.a(lib_a-memcpy.o)
                0x0000000008001474                memcpy
 .text          0x00000000080015a8       0xa4 /usr/lib/gcc/arm-none-eabi/10.3.1/../../../arm-none-eabi/lib/thumb/v7e-m+fp/hard/libg_nano.a(lib_a-memset.o)
                0x00000000080015a8                memset
 .text          0x000000000800164c       0xc4 /usr/lib/gcc/arm-none-eabi/10.3.1/../../../arm-none-eabi/lib/thumb/v7e-m+fp/hard/libg_nano.a(lib_a-nano-freer.o)
                0x000000000800164c                _free_r
 .text          0x0000000008001710       0xb4 /usr/lib/gcc/arm-none-eabi/10.3.1/../../../arm-none-eabi/lib/thumb/v7e-m+fp/hard/libg_nano.a(lib_a-nano-mallocr.o)
                0x0000000008001710                _malloc_r
 .text          0x00000000080017c4       0x24 /usr/lib/gcc/arm-none-eabi/10.3.1/../../../arm-none-eabi/lib/thumb/v7e-m+fp/hard/libg_nano.a(lib_a-sbrkr.o)
                0x00000000080017c4                _sbrk_r
 .text          0x00000000080017e8      0x268 /usr/lib/gcc/arm-none-eabi/10.3.1/../../../arm-none-eabi/lib/thumb/v7e-m+fp/hard/libg_nano.a(lib_a-signal.o)
                0x00000000080017e8                _init_signal_r
                0x0000000008001814                _signal_r
                0x000000000800185c                _raise_r
                0x00000000080018b0                __sigtramp_r
                0x0000000008001910                raise
                0x0000000008001968                signal
                0x00000000080019b8                _init_signal
                0x00000000080019ec                __sigtramp
 .text          0x0000000008001a50       0x30 /usr/lib/gcc/arm-none-eabi/10.3.1/../../../arm-none-eabi/lib/thumb/v7e-m+fp/hard/libg_nano.a(lib_a-signalr.o)
                0x0000000008001a50                _kill_r
                0x0000000008001a7c                _getpid_r
 .text          0x0000000008001a80       0xbc /usr/lib/gcc/arm-none-eabi/10.3.1/../../../arm-none-eabi/lib/thumb/v7e-m+fp/hard/libg_nano.a(lib_a-strcpy.o)
                0x0000000008001a80                strcpy
 .text          0x0000000008001b3c        0x8 /usr/lib/gcc/arm-none-eabi/10.3.1/../../../arm-none-eabi/lib/thumb/v7e-m+fp/hard/libg_nano.a(lib_a-mlock.o)
                0x0000000008001b3c                __malloc_lock
                0x0000000008001b40                __malloc_unlock
 *(.text*)
 .text.SystemInit
                0x0000000008001b44       0x14 cmake/stm32cubemx/CMakeFiles/STM32_Drivers.dir/__/__/Core/Src/system_stm32f4xx.c.obj
                0x0000000008001b44                SystemInit
 .text.HAL_CAN_Init
                0x0000000008001b58       0xf6 cmake/stm32cubemx/CMakeFiles/STM32_Drivers.dir/__/__/Drivers/STM32F4xx_HAL_Driver/Src/stm32f4xx_hal_can.c.obj
                0x0000000008001b58                HAL_CAN_Init
 *fill*         0x0000000008001c4e        0x2 
 .text.HAL_CAN_ConfigFilter
                0x0000000008001c50      0x110 cmake/stm32cubemx/CMakeFiles/STM32_Drivers.dir/__/__/Drivers/STM32F4xx_HAL_Driver/Src/stm32f4xx_hal_can.c.obj
                0x0000000008001c50                HAL_CAN_ConfigFilter
 .text.HAL_CAN_Start
                0x0000000008001d60       0x5c cmake/stm32cubemx/CMakeFiles/STM32_Drivers.dir/__/__/Drivers/STM32F4xx_HAL_Driver/Src/stm32f4xx_hal_can.c.obj
                0x0000000008001d60                HAL_CAN_Start
 .text.HAL_CAN_AddTxMessage
                0x0000000008001dbc       0x94 cmake/stm32cubemx/CMakeFiles/STM32_Drivers.dir/__/__/Drivers/STM32F4xx_HAL_Driver/Src/stm32f4xx_hal_can.c.obj
                0x0000000008001dbc                HAL_CAN_AddTxMessage
 .text.HAL_CAN_GetTxMailboxesFreeLevel
                0x0000000008001e50       0x28 cmake/stm32cubemx/CMakeFiles/STM32_Drivers.dir/__/__/Drivers/STM32F4xx_HAL_Driver/Src/stm32f4xx_hal_can.c.obj
                0x0000000008001e50                HAL_CAN_GetTxMailboxesFreeLevel
 .text.HAL_CAN_GetRxMessage
                0x0000000008001e78       0xf8 cmake/stm32cubemx/CMakeFiles/STM32_Drivers.dir/__/__/Drivers/STM32F4xx_HAL_Driver/Src/stm32f4xx_hal_can.c.obj
                0x0000000008001e78                HAL_CAN_GetRxMessage
 .text.HAL_CAN_ActivateNotification
                0x0000000008001f70       0x22 cmake/stm32cubemx/CMakeFiles/STM32_Drivers.dir/__/__/Drivers/STM32F4xx_HAL_Driver/Src/stm32f4xx_hal_can.c.obj
                0x0000000008001f70                HAL_CAN_ActivateNotification
 .text.HAL_CAN_TxMailbox0CompleteCallback
                0x0000000008001f92        0x2 cmake/stm32cubemx/CMakeFiles/STM32_Drivers.dir/__/__/Drivers/STM32F4xx_HAL_Driver/Src/stm32f4xx_hal_can.c.obj
                0x0000000008001f92                HAL_CAN_TxMailbox0CompleteCallback
 .text.HAL_CAN_TxMailbox1CompleteCallback
                0x0000000008001f94        0x2 cmake/stm32cubemx/CMakeFiles/STM32_Drivers.dir/__/__/Drivers/STM32F4xx_HAL_Driver/Src/stm32f4xx_hal_can.c.obj
                0x0000000008001f94                HAL_CAN_TxMailbox1CompleteCallback
 .text.HAL_CAN_TxMailbox2CompleteCallback
                0x0000000008001f96        0x2 cmake/stm32cubemx/CMakeFiles/STM32_Drivers.dir/__/__/Drivers/STM32F4xx_HAL_Driver/Src/stm32f4xx_hal_can.c.obj
                0x0000000008001f96                HAL_CAN_TxMailbox2CompleteCallback
 .text.HAL_CAN_TxMailbox0AbortCallback
                0x0000000008001f98        0x2 cmake/stm32cubemx/CMakeFiles/STM32_Drivers.dir/__/__/Drivers/STM32F4xx_HAL_Driver/Src/stm32f4xx_hal_can.c.obj
                0x0000000008001f98                HAL_CAN_TxMailbox0AbortCallback
 .text.HAL_CAN_TxMailbox1AbortCallback
                0x0000000008001f9a        0x2 cmake/stm32cubemx/CMakeFiles/STM32_Drivers.dir/__/__/Drivers/STM32F4xx_HAL_Driver/Src/stm32f4xx_hal_can.c.obj
                0x0000000008001f9a                HAL_CAN_TxMailbox1AbortCallback
 .text.HAL_CAN_TxMailbox2AbortCallback
                0x0000000008001f9c        0x2 cmake/stm32cubemx/CMakeFiles/STM32_Drivers.dir/__/__/Drivers/STM32F4xx_HAL_Driver/Src/stm32f4xx_hal_can.c.obj
                0x0000000008001f9c                HAL_CAN_TxMailbox2AbortCallback
 .text.HAL_CAN_RxFifo0FullCallback
                0x0000000008001f9e        0x2 cmake/stm32cubemx/CMakeFiles/STM32_Drivers.dir/__/__/Drivers/STM32F4xx_HAL_Driver/Src/stm32f4xx_hal_can.c.obj
                0x0000000008001f9e                HAL_CAN_RxFifo0FullCallback
 .text.HAL_CAN_RxFifo1FullCallback
                0x0000000008001fa0        0x2 cmake/stm32cubemx/CMakeFiles/STM32_Drivers.dir/__/__/Drivers/STM32F4xx_HAL_Driver/Src/stm32f4xx_hal_can.c.obj
                0x0000000008001fa0                HAL_CAN_RxFifo1FullCallback
 .text.HAL_CAN_SleepCallback
                0x0000000008001fa2        0x2 cmake/stm32cubemx/CMakeFiles/STM32_Drivers.dir/__/__/Drivers/STM32F4xx_HAL_Driver/Src/stm32f4xx_hal_can.c.obj
                0x0000000008001fa2                HAL_CAN_SleepCallback
 .text.HAL_CAN_WakeUpFromRxMsgCallback
                0x0000000008001fa4        0x2 cmake/stm32cubemx/CMakeFiles/STM32_Drivers.dir/__/__/Drivers/STM32F4xx_HAL_Driver/Src/stm32f4xx_hal_can.c.obj
                0x0000000008001fa4                HAL_CAN_WakeUpFromRxMsgCallback
 .text.HAL_CAN_ErrorCallback
                0x0000000008001fa6        0x2 cmake/stm32cubemx/CMakeFiles/STM32_Drivers.dir/__/__/Drivers/STM32F4xx_HAL_Driver/Src/stm32f4xx_hal_can.c.obj
                0x0000000008001fa6                HAL_CAN_ErrorCallback
 .text.HAL_CAN_IRQHandler
                0x0000000008001fa8      0x1fc cmake/stm32cubemx/CMakeFiles/STM32_Drivers.dir/__/__/Drivers/STM32F4xx_HAL_Driver/Src/stm32f4xx_hal_can.c.obj
                0x0000000008001fa8                HAL_CAN_IRQHandler
 .text.HAL_RCC_OscConfig
                0x00000000080021a4      0x360 cmake/stm32cubemx/CMakeFiles/STM32_Drivers.dir/__/__/Drivers/STM32F4xx_HAL_Driver/Src/stm32f4xx_hal_rcc.c.obj
                0x00000000080021a4                HAL_RCC_OscConfig
 .text.HAL_RCC_GetSysClockFreq
                0x0000000008002504       0x5c cmake/stm32cubemx/CMakeFiles/STM32_Drivers.dir/__/__/Drivers/STM32F4xx_HAL_Driver/Src/stm32f4xx_hal_rcc.c.obj
                0x0000000008002504                HAL_RCC_GetSysClockFreq
 .text.HAL_RCC_ClockConfig
                0x0000000008002560      0x138 cmake/stm32cubemx/CMakeFiles/STM32_Drivers.dir/__/__/Drivers/STM32F4xx_HAL_Driver/Src/stm32f4xx_hal_rcc.c.obj
                0x0000000008002560                HAL_RCC_ClockConfig
 .text.HAL_RCC_GetPCLK1Freq
                0x0000000008002698       0x20 cmake/stm32cubemx/CMakeFiles/STM32_Drivers.dir/__/__/Drivers/STM32F4xx_HAL_Driver/Src/stm32f4xx_hal_rcc.c.obj
                0x0000000008002698                HAL_RCC_GetPCLK1Freq
 .text.HAL_RCC_GetPCLK2Freq
                0x00000000080026b8       0x20 cmake/stm32cubemx/CMakeFiles/STM32_Drivers.dir/__/__/Drivers/STM32F4xx_HAL_Driver/Src/stm32f4xx_hal_rcc.c.obj
                0x00000000080026b8                HAL_RCC_GetPCLK2Freq
 .text.HAL_GPIO_Init
                0x00000000080026d8      0x1b4 cmake/stm32cubemx/CMakeFiles/STM32_Drivers.dir/__/__/Drivers/STM32F4xx_HAL_Driver/Src/stm32f4xx_hal_gpio.c.obj
                0x00000000080026d8                HAL_GPIO_Init
 .text.HAL_GPIO_WritePin
                0x000000000800288c        0xa cmake/stm32cubemx/CMakeFiles/STM32_Drivers.dir/__/__/Drivers/STM32F4xx_HAL_Driver/Src/stm32f4xx_hal_gpio.c.obj
                0x000000000800288c                HAL_GPIO_WritePin
 *fill*         0x0000000008002896        0x2 
 .text.DMA_CalcBaseAndBitshift
                0x0000000008002898       0x2c cmake/stm32cubemx/CMakeFiles/STM32_Drivers.dir/__/__/Drivers/STM32F4xx_HAL_Driver/Src/stm32f4xx_hal_dma.c.obj
 .text.HAL_DMA_Init
                0x00000000080028c4      0x100 cmake/stm32cubemx/CMakeFiles/STM32_Drivers.dir/__/__/Drivers/STM32F4xx_HAL_Driver/Src/stm32f4xx_hal_dma.c.obj
                0x00000000080028c4                HAL_DMA_Init
 .text.HAL_DMA_Start_IT
                0x00000000080029c4       0x74 cmake/stm32cubemx/CMakeFiles/STM32_Drivers.dir/__/__/Drivers/STM32F4xx_HAL_Driver/Src/stm32f4xx_hal_dma.c.obj
                0x00000000080029c4                HAL_DMA_Start_IT
 .text.HAL_DMA_Abort
                0x0000000008002a38       0x88 cmake/stm32cubemx/CMakeFiles/STM32_Drivers.dir/__/__/Drivers/STM32F4xx_HAL_Driver/Src/stm32f4xx_hal_dma.c.obj
                0x0000000008002a38                HAL_DMA_Abort
 .text.HAL_DMA_Abort_IT
                0x0000000008002ac0       0x24 cmake/stm32cubemx/CMakeFiles/STM32_Drivers.dir/__/__/Drivers/STM32F4xx_HAL_Driver/Src/stm32f4xx_hal_dma.c.obj
                0x0000000008002ac0                HAL_DMA_Abort_IT
 .text.HAL_DMA_IRQHandler
                0x0000000008002ae4      0x17c cmake/stm32cubemx/CMakeFiles/STM32_Drivers.dir/__/__/Drivers/STM32F4xx_HAL_Driver/Src/stm32f4xx_hal_dma.c.obj
                0x0000000008002ae4                HAL_DMA_IRQHandler
 .text.HAL_NVIC_SetPriorityGrouping
                0x0000000008002c60       0x24 cmake/stm32cubemx/CMakeFiles/STM32_Drivers.dir/__/__/Drivers/STM32F4xx_HAL_Driver/Src/stm32f4xx_hal_cortex.c.obj
                0x0000000008002c60                HAL_NVIC_SetPriorityGrouping
 .text.HAL_NVIC_SetPriority
                0x0000000008002c84       0x64 cmake/stm32cubemx/CMakeFiles/STM32_Drivers.dir/__/__/Drivers/STM32F4xx_HAL_Driver/Src/stm32f4xx_hal_cortex.c.obj
                0x0000000008002c84                HAL_NVIC_SetPriority
 .text.HAL_NVIC_EnableIRQ
                0x0000000008002ce8       0x1c cmake/stm32cubemx/CMakeFiles/STM32_Drivers.dir/__/__/Drivers/STM32F4xx_HAL_Driver/Src/stm32f4xx_hal_cortex.c.obj
                0x0000000008002ce8                HAL_NVIC_EnableIRQ
 .text.HAL_SYSTICK_Config
                0x0000000008002d04       0x28 cmake/stm32cubemx/CMakeFiles/STM32_Drivers.dir/__/__/Drivers/STM32F4xx_HAL_Driver/Src/stm32f4xx_hal_cortex.c.obj
                0x0000000008002d04                HAL_SYSTICK_Config
 .text.HAL_InitTick
                0x0000000008002d2c       0x48 cmake/stm32cubemx/CMakeFiles/STM32_Drivers.dir/__/__/Drivers/STM32F4xx_HAL_Driver/Src/stm32f4xx_hal.c.obj
                0x0000000008002d2c                HAL_InitTick
 .text.HAL_Init
                0x0000000008002d74       0x34 cmake/stm32cubemx/CMakeFiles/STM32_Drivers.dir/__/__/Drivers/STM32F4xx_HAL_Driver/Src/stm32f4xx_hal.c.obj
                0x0000000008002d74                HAL_Init
 .text.HAL_IncTick
                0x0000000008002da8       0x18 cmake/stm32cubemx/CMakeFiles/STM32_Drivers.dir/__/__/Drivers/STM32F4xx_HAL_Driver/Src/stm32f4xx_hal.c.obj
                0x0000000008002da8                HAL_IncTick
 .text.HAL_GetTick
                0x0000000008002dc0        0xc cmake/stm32cubemx/CMakeFiles/STM32_Drivers.dir/__/__/Drivers/STM32F4xx_HAL_Driver/Src/stm32f4xx_hal.c.obj
                0x0000000008002dc0                HAL_GetTick
 .text.HAL_Delay
                0x0000000008002dcc       0x28 cmake/stm32cubemx/CMakeFiles/STM32_Drivers.dir/__/__/Drivers/STM32F4xx_HAL_Driver/Src/stm32f4xx_hal.c.obj
                0x0000000008002dcc                HAL_Delay
 .text.SPI_WaitFlagStateUntilTimeout
                0x0000000008002df4       0xb8 cmake/stm32cubemx/CMakeFiles/STM32_Drivers.dir/__/__/Drivers/STM32F4xx_HAL_Driver/Src/stm32f4xx_hal_spi.c.obj
 .text.SPI_EndRxTxTransaction
                0x0000000008002eac       0x78 cmake/stm32cubemx/CMakeFiles/STM32_Drivers.dir/__/__/Drivers/STM32F4xx_HAL_Driver/Src/stm32f4xx_hal_spi.c.obj
 .text.SPI_EndRxTransaction
                0x0000000008002f24       0x5c cmake/stm32cubemx/CMakeFiles/STM32_Drivers.dir/__/__/Drivers/STM32F4xx_HAL_Driver/Src/stm32f4xx_hal_spi.c.obj
 .text.HAL_SPI_Init
                0x0000000008002f80       0xb8 cmake/stm32cubemx/CMakeFiles/STM32_Drivers.dir/__/__/Drivers/STM32F4xx_HAL_Driver/Src/stm32f4xx_hal_spi.c.obj
                0x0000000008002f80                HAL_SPI_Init
 .text.HAL_SPI_Transmit
                0x0000000008003038      0x162 cmake/stm32cubemx/CMakeFiles/STM32_Drivers.dir/__/__/Drivers/STM32F4xx_HAL_Driver/Src/stm32f4xx_hal_spi.c.obj
                0x0000000008003038                HAL_SPI_Transmit
 .text.HAL_SPI_TransmitReceive
                0x000000000800319a      0x1fc cmake/stm32cubemx/CMakeFiles/STM32_Drivers.dir/__/__/Drivers/STM32F4xx_HAL_Driver/Src/stm32f4xx_hal_spi.c.obj
                0x000000000800319a                HAL_SPI_TransmitReceive
 .text.HAL_SPI_Receive
                0x0000000008003396      0x152 cmake/stm32cubemx/CMakeFiles/STM32_Drivers.dir/__/__/Drivers/STM32F4xx_HAL_Driver/Src/stm32f4xx_hal_spi.c.obj
                0x0000000008003396                HAL_SPI_Receive
 .text.TIM_OC1_SetConfig
                0x00000000080034e8       0x64 cmake/stm32cubemx/CMakeFiles/STM32_Drivers.dir/__/__/Drivers/STM32F4xx_HAL_Driver/Src/stm32f4xx_hal_tim.c.obj
 .text.TIM_OC3_SetConfig
                0x000000000800354c       0x6c cmake/stm32cubemx/CMakeFiles/STM32_Drivers.dir/__/__/Drivers/STM32F4xx_HAL_Driver/Src/stm32f4xx_hal_tim.c.obj
 .text.TIM_OC4_SetConfig
                0x00000000080035b8       0x4c cmake/stm32cubemx/CMakeFiles/STM32_Drivers.dir/__/__/Drivers/STM32F4xx_HAL_Driver/Src/stm32f4xx_hal_tim.c.obj
 .text.HAL_TIM_Base_Start_IT
                0x0000000008003604       0x74 cmake/stm32cubemx/CMakeFiles/STM32_Drivers.dir/__/__/Drivers/STM32F4xx_HAL_Driver/Src/stm32f4xx_hal_tim.c.obj
                0x0000000008003604                HAL_TIM_Base_Start_IT
 .text.HAL_TIM_PWM_MspInit
                0x0000000008003678        0x2 cmake/stm32cubemx/CMakeFiles/STM32_Drivers.dir/__/__/Drivers/STM32F4xx_HAL_Driver/Src/stm32f4xx_hal_tim.c.obj
                0x0000000008003678                HAL_TIM_PWM_MspInit
 .text.HAL_TIM_OC_DelayElapsedCallback
                0x000000000800367a        0x2 cmake/stm32cubemx/CMakeFiles/STM32_Drivers.dir/__/__/Drivers/STM32F4xx_HAL_Driver/Src/stm32f4xx_hal_tim.c.obj
                0x000000000800367a                HAL_TIM_OC_DelayElapsedCallback
 .text.HAL_TIM_IC_CaptureCallback
                0x000000000800367c        0x2 cmake/stm32cubemx/CMakeFiles/STM32_Drivers.dir/__/__/Drivers/STM32F4xx_HAL_Driver/Src/stm32f4xx_hal_tim.c.obj
                0x000000000800367c                HAL_TIM_IC_CaptureCallback
 .text.HAL_TIM_PWM_PulseFinishedCallback
                0x000000000800367e        0x2 cmake/stm32cubemx/CMakeFiles/STM32_Drivers.dir/__/__/Drivers/STM32F4xx_HAL_Driver/Src/stm32f4xx_hal_tim.c.obj
                0x000000000800367e                HAL_TIM_PWM_PulseFinishedCallback
 .text.HAL_TIM_TriggerCallback
                0x0000000008003680        0x2 cmake/stm32cubemx/CMakeFiles/STM32_Drivers.dir/__/__/Drivers/STM32F4xx_HAL_Driver/Src/stm32f4xx_hal_tim.c.obj
                0x0000000008003680                HAL_TIM_TriggerCallback
 .text.HAL_TIM_IRQHandler
                0x0000000008003682      0x128 cmake/stm32cubemx/CMakeFiles/STM32_Drivers.dir/__/__/Drivers/STM32F4xx_HAL_Driver/Src/stm32f4xx_hal_tim.c.obj
                0x0000000008003682                HAL_TIM_IRQHandler
 *fill*         0x00000000080037aa        0x2 
 .text.TIM_Base_SetConfig
                0x00000000080037ac       0xd4 cmake/stm32cubemx/CMakeFiles/STM32_Drivers.dir/__/__/Drivers/STM32F4xx_HAL_Driver/Src/stm32f4xx_hal_tim.c.obj
                0x00000000080037ac                TIM_Base_SetConfig
 .text.HAL_TIM_Base_Init
                0x0000000008003880       0x58 cmake/stm32cubemx/CMakeFiles/STM32_Drivers.dir/__/__/Drivers/STM32F4xx_HAL_Driver/Src/stm32f4xx_hal_tim.c.obj
                0x0000000008003880                HAL_TIM_Base_Init
 .text.HAL_TIM_PWM_Init
                0x00000000080038d8       0x58 cmake/stm32cubemx/CMakeFiles/STM32_Drivers.dir/__/__/Drivers/STM32F4xx_HAL_Driver/Src/stm32f4xx_hal_tim.c.obj
                0x00000000080038d8                HAL_TIM_PWM_Init
 .text.TIM_OC2_SetConfig
                0x0000000008003930       0x6c cmake/stm32cubemx/CMakeFiles/STM32_Drivers.dir/__/__/Drivers/STM32F4xx_HAL_Driver/Src/stm32f4xx_hal_tim.c.obj
                0x0000000008003930                TIM_OC2_SetConfig
 .text.HAL_TIM_PWM_ConfigChannel
                0x000000000800399c       0xb8 cmake/stm32cubemx/CMakeFiles/STM32_Drivers.dir/__/__/Drivers/STM32F4xx_HAL_Driver/Src/stm32f4xx_hal_tim.c.obj
                0x000000000800399c                HAL_TIM_PWM_ConfigChannel
 .text.TIM_ETR_SetConfig
                0x0000000008003a54       0x14 cmake/stm32cubemx/CMakeFiles/STM32_Drivers.dir/__/__/Drivers/STM32F4xx_HAL_Driver/Src/stm32f4xx_hal_tim.c.obj
                0x0000000008003a54                TIM_ETR_SetConfig
 .text.HAL_TIM_ConfigClockSource
                0x0000000008003a68      0x138 cmake/stm32cubemx/CMakeFiles/STM32_Drivers.dir/__/__/Drivers/STM32F4xx_HAL_Driver/Src/stm32f4xx_hal_tim.c.obj
                0x0000000008003a68                HAL_TIM_ConfigClockSource
 .text.TIM_CCxChannelCmd
                0x0000000008003ba0       0x1c cmake/stm32cubemx/CMakeFiles/STM32_Drivers.dir/__/__/Drivers/STM32F4xx_HAL_Driver/Src/stm32f4xx_hal_tim.c.obj
                0x0000000008003ba0                TIM_CCxChannelCmd
 .text.HAL_TIM_OC_Start
                0x0000000008003bbc       0xd0 cmake/stm32cubemx/CMakeFiles/STM32_Drivers.dir/__/__/Drivers/STM32F4xx_HAL_Driver/Src/stm32f4xx_hal_tim.c.obj
                0x0000000008003bbc                HAL_TIM_OC_Start
 .text.HAL_TIM_PWM_Start
                0x0000000008003c8c        0x4 cmake/stm32cubemx/CMakeFiles/STM32_Drivers.dir/__/__/Drivers/STM32F4xx_HAL_Driver/Src/stm32f4xx_hal_tim.c.obj
                0x0000000008003c8c                HAL_TIM_PWM_Start
 .text.HAL_TIMEx_MasterConfigSynchronization
                0x0000000008003c90       0x7c cmake/stm32cubemx/CMakeFiles/STM32_Drivers.dir/__/__/Drivers/STM32F4xx_HAL_Driver/Src/stm32f4xx_hal_tim_ex.c.obj
                0x0000000008003c90                HAL_TIMEx_MasterConfigSynchronization
 .text.HAL_TIMEx_CommutCallback
                0x0000000008003d0c        0x2 cmake/stm32cubemx/CMakeFiles/STM32_Drivers.dir/__/__/Drivers/STM32F4xx_HAL_Driver/Src/stm32f4xx_hal_tim_ex.c.obj
                0x0000000008003d0c                HAL_TIMEx_CommutCallback
 .text.HAL_TIMEx_BreakCallback
                0x0000000008003d0e        0x2 cmake/stm32cubemx/CMakeFiles/STM32_Drivers.dir/__/__/Drivers/STM32F4xx_HAL_Driver/Src/stm32f4xx_hal_tim_ex.c.obj
                0x0000000008003d0e                HAL_TIMEx_BreakCallback
 .text.UART_EndRxTransfer
                0x0000000008003d10       0x5c cmake/stm32cubemx/CMakeFiles/STM32_Drivers.dir/__/__/Drivers/STM32F4xx_HAL_Driver/Src/stm32f4xx_hal_uart.c.obj
 .text.UART_SetConfig
                0x0000000008003d6c       0xbc cmake/stm32cubemx/CMakeFiles/STM32_Drivers.dir/__/__/Drivers/STM32F4xx_HAL_Driver/Src/stm32f4xx_hal_uart.c.obj
 .text.UART_WaitOnFlagUntilTimeout.constprop.0
                0x0000000008003e28       0x64 cmake/stm32cubemx/CMakeFiles/STM32_Drivers.dir/__/__/Drivers/STM32F4xx_HAL_Driver/Src/stm32f4xx_hal_uart.c.obj
 .text.HAL_UART_Init
                0x0000000008003e8c       0x5e cmake/stm32cubemx/CMakeFiles/STM32_Drivers.dir/__/__/Drivers/STM32F4xx_HAL_Driver/Src/stm32f4xx_hal_uart.c.obj
                0x0000000008003e8c                HAL_UART_Init
 .text.HAL_UART_Transmit
                0x0000000008003eea       0x9c cmake/stm32cubemx/CMakeFiles/STM32_Drivers.dir/__/__/Drivers/STM32F4xx_HAL_Driver/Src/stm32f4xx_hal_uart.c.obj
                0x0000000008003eea                HAL_UART_Transmit
 *fill*         0x0000000008003f86        0x2 
 .text.HAL_UART_Transmit_DMA
                0x0000000008003f88       0x80 cmake/stm32cubemx/CMakeFiles/STM32_Drivers.dir/__/__/Drivers/STM32F4xx_HAL_Driver/Src/stm32f4xx_hal_uart.c.obj
                0x0000000008003f88                HAL_UART_Transmit_DMA
 .text.HAL_UART_DMAStop
                0x0000000008004008       0x8c cmake/stm32cubemx/CMakeFiles/STM32_Drivers.dir/__/__/Drivers/STM32F4xx_HAL_Driver/Src/stm32f4xx_hal_uart.c.obj
                0x0000000008004008                HAL_UART_DMAStop
 .text.HAL_UART_TxCpltCallback
                0x0000000008004094        0x2 cmake/stm32cubemx/CMakeFiles/STM32_Drivers.dir/__/__/Drivers/STM32F4xx_HAL_Driver/Src/stm32f4xx_hal_uart.c.obj
                0x0000000008004094                HAL_UART_TxCpltCallback
 .text.UART_DMATransmitCplt
                0x0000000008004096       0x4c cmake/stm32cubemx/CMakeFiles/STM32_Drivers.dir/__/__/Drivers/STM32F4xx_HAL_Driver/Src/stm32f4xx_hal_uart.c.obj
 .text.HAL_UART_TxHalfCpltCallback
                0x00000000080040e2        0x2 cmake/stm32cubemx/CMakeFiles/STM32_Drivers.dir/__/__/Drivers/STM32F4xx_HAL_Driver/Src/stm32f4xx_hal_uart.c.obj
                0x00000000080040e2                HAL_UART_TxHalfCpltCallback
 .text.UART_DMATxHalfCplt
                0x00000000080040e4        0xa cmake/stm32cubemx/CMakeFiles/STM32_Drivers.dir/__/__/Drivers/STM32F4xx_HAL_Driver/Src/stm32f4xx_hal_uart.c.obj
 .text.HAL_UART_RxCpltCallback
                0x00000000080040ee        0x2 cmake/stm32cubemx/CMakeFiles/STM32_Drivers.dir/__/__/Drivers/STM32F4xx_HAL_Driver/Src/stm32f4xx_hal_uart.c.obj
                0x00000000080040ee                HAL_UART_RxCpltCallback
 .text.HAL_UART_RxHalfCpltCallback
                0x00000000080040f0        0x2 cmake/stm32cubemx/CMakeFiles/STM32_Drivers.dir/__/__/Drivers/STM32F4xx_HAL_Driver/Src/stm32f4xx_hal_uart.c.obj
                0x00000000080040f0                HAL_UART_RxHalfCpltCallback
 .text.HAL_UART_ErrorCallback
                0x00000000080040f2        0x2 cmake/stm32cubemx/CMakeFiles/STM32_Drivers.dir/__/__/Drivers/STM32F4xx_HAL_Driver/Src/stm32f4xx_hal_uart.c.obj
                0x00000000080040f2                HAL_UART_ErrorCallback
 .text.UART_DMAError
                0x00000000080040f4       0x5a cmake/stm32cubemx/CMakeFiles/STM32_Drivers.dir/__/__/Drivers/STM32F4xx_HAL_Driver/Src/stm32f4xx_hal_uart.c.obj
 .text.UART_DMAAbortOnError
                0x000000000800414e        0xe cmake/stm32cubemx/CMakeFiles/STM32_Drivers.dir/__/__/Drivers/STM32F4xx_HAL_Driver/Src/stm32f4xx_hal_uart.c.obj
 .text.HAL_UART_AbortCpltCallback
                0x000000000800415c        0x2 cmake/stm32cubemx/CMakeFiles/STM32_Drivers.dir/__/__/Drivers/STM32F4xx_HAL_Driver/Src/stm32f4xx_hal_uart.c.obj
                0x000000000800415c                HAL_UART_AbortCpltCallback
 *fill*         0x000000000800415e        0x2 
 .text.HAL_UART_Abort_IT
                0x0000000008004160      0x10c cmake/stm32cubemx/CMakeFiles/STM32_Drivers.dir/__/__/Drivers/STM32F4xx_HAL_Driver/Src/stm32f4xx_hal_uart.c.obj
                0x0000000008004160                HAL_UART_Abort_IT
 .text.UART_DMARxAbortCallback
                0x000000000800426c       0x2a cmake/stm32cubemx/CMakeFiles/STM32_Drivers.dir/__/__/Drivers/STM32F4xx_HAL_Driver/Src/stm32f4xx_hal_uart.c.obj
 .text.UART_DMATxAbortCallback
                0x0000000008004296       0x2a cmake/stm32cubemx/CMakeFiles/STM32_Drivers.dir/__/__/Drivers/STM32F4xx_HAL_Driver/Src/stm32f4xx_hal_uart.c.obj
 .text.HAL_UARTEx_RxEventCallback
                0x00000000080042c0        0x2 cmake/stm32cubemx/CMakeFiles/STM32_Drivers.dir/__/__/Drivers/STM32F4xx_HAL_Driver/Src/stm32f4xx_hal_uart.c.obj
                0x00000000080042c0                HAL_UARTEx_RxEventCallback
 .text.UART_DMARxHalfCplt
                0x00000000080042c2       0x1e cmake/stm32cubemx/CMakeFiles/STM32_Drivers.dir/__/__/Drivers/STM32F4xx_HAL_Driver/Src/stm32f4xx_hal_uart.c.obj
 .text.UART_DMAReceiveCplt
                0x00000000080042e0       0x98 cmake/stm32cubemx/CMakeFiles/STM32_Drivers.dir/__/__/Drivers/STM32F4xx_HAL_Driver/Src/stm32f4xx_hal_uart.c.obj
 .text.UART_Receive_IT.part.0.isra.0
                0x0000000008004378       0xae cmake/stm32cubemx/CMakeFiles/STM32_Drivers.dir/__/__/Drivers/STM32F4xx_HAL_Driver/Src/stm32f4xx_hal_uart.c.obj
 *fill*         0x0000000008004426        0x2 
 .text.HAL_UART_IRQHandler
                0x0000000008004428      0x2b4 cmake/stm32cubemx/CMakeFiles/STM32_Drivers.dir/__/__/Drivers/STM32F4xx_HAL_Driver/Src/stm32f4xx_hal_uart.c.obj
                0x0000000008004428                HAL_UART_IRQHandler
 .text.UART_Start_Receive_DMA
                0x00000000080046dc       0xa8 cmake/stm32cubemx/CMakeFiles/STM32_Drivers.dir/__/__/Drivers/STM32F4xx_HAL_Driver/Src/stm32f4xx_hal_uart.c.obj
                0x00000000080046dc                UART_Start_Receive_DMA
 .text.HAL_UART_Receive_DMA
                0x0000000008004784       0x22 cmake/stm32cubemx/CMakeFiles/STM32_Drivers.dir/__/__/Drivers/STM32F4xx_HAL_Driver/Src/stm32f4xx_hal_uart.c.obj
                0x0000000008004784                HAL_UART_Receive_DMA
 *fill*         0x00000000080047a6        0x2 
 .text.SystemClock_Config
                0x00000000080047a8       0xa0 CMakeFiles/Gimbal_V1.1.dir/Core/Src/main.c.obj
                0x00000000080047a8                SystemClock_Config
 .text.Error_Handler
                0x0000000008004848        0x4 CMakeFiles/Gimbal_V1.1.dir/Core/Src/main.c.obj
                0x0000000008004848                Error_Handler
 .text.MX_GPIO_Init
                0x000000000800484c      0x110 CMakeFiles/Gimbal_V1.1.dir/Core/Src/gpio.c.obj
                0x000000000800484c                MX_GPIO_Init
 .text.MX_CAN1_Init
                0x000000000800495c       0x40 CMakeFiles/Gimbal_V1.1.dir/Core/Src/can.c.obj
                0x000000000800495c                MX_CAN1_Init
 .text.MX_CAN2_Init
                0x000000000800499c       0x40 CMakeFiles/Gimbal_V1.1.dir/Core/Src/can.c.obj
                0x000000000800499c                MX_CAN2_Init
 .text.HAL_CAN_MspInit
                0x00000000080049dc      0x11c CMakeFiles/Gimbal_V1.1.dir/Core/Src/can.c.obj
                0x00000000080049dc                HAL_CAN_MspInit
 .text.MX_DMA_Init
                0x0000000008004af8       0xb8 CMakeFiles/Gimbal_V1.1.dir/Core/Src/dma.c.obj
                0x0000000008004af8                MX_DMA_Init
 .text.MX_SPI1_Init
                0x0000000008004bb0       0x44 CMakeFiles/Gimbal_V1.1.dir/Core/Src/spi.c.obj
                0x0000000008004bb0                MX_SPI1_Init
 .text.HAL_SPI_MspInit
                0x0000000008004bf4       0x6c CMakeFiles/Gimbal_V1.1.dir/Core/Src/spi.c.obj
                0x0000000008004bf4                HAL_SPI_MspInit
 .text.MX_TIM1_Init
                0x0000000008004c60       0x6c CMakeFiles/Gimbal_V1.1.dir/Core/Src/tim.c.obj
                0x0000000008004c60                MX_TIM1_Init
 .text.MX_TIM2_Init
                0x0000000008004ccc       0x68 CMakeFiles/Gimbal_V1.1.dir/Core/Src/tim.c.obj
                0x0000000008004ccc                MX_TIM2_Init
 .text.MX_TIM5_Init
                0x0000000008004d34       0x68 CMakeFiles/Gimbal_V1.1.dir/Core/Src/tim.c.obj
                0x0000000008004d34                MX_TIM5_Init
 .text.MX_TIM6_Init
                0x0000000008004d9c       0x48 CMakeFiles/Gimbal_V1.1.dir/Core/Src/tim.c.obj
                0x0000000008004d9c                MX_TIM6_Init
 .text.MX_TIM7_Init
                0x0000000008004de4       0x44 CMakeFiles/Gimbal_V1.1.dir/Core/Src/tim.c.obj
                0x0000000008004de4                MX_TIM7_Init
 .text.MX_TIM8_Init
                0x0000000008004e28       0x6c CMakeFiles/Gimbal_V1.1.dir/Core/Src/tim.c.obj
                0x0000000008004e28                MX_TIM8_Init
 .text.HAL_TIM_Base_MspInit
                0x0000000008004e94      0x15c CMakeFiles/Gimbal_V1.1.dir/Core/Src/tim.c.obj
                0x0000000008004e94                HAL_TIM_Base_MspInit
 .text.HAL_TIM_MspPostInit
                0x0000000008004ff0       0x54 CMakeFiles/Gimbal_V1.1.dir/Core/Src/tim.c.obj
                0x0000000008004ff0                HAL_TIM_MspPostInit
 .text.MX_TIM3_Init
                0x0000000008005044       0xa0 CMakeFiles/Gimbal_V1.1.dir/Core/Src/tim.c.obj
                0x0000000008005044                MX_TIM3_Init
 .text.MX_UART5_Init
                0x00000000080050e4       0x38 CMakeFiles/Gimbal_V1.1.dir/Core/Src/usart.c.obj
                0x00000000080050e4                MX_UART5_Init
 .text.MX_USART1_UART_Init
                0x000000000800511c       0x38 CMakeFiles/Gimbal_V1.1.dir/Core/Src/usart.c.obj
                0x000000000800511c                MX_USART1_UART_Init
 .text.MX_USART2_UART_Init
                0x0000000008005154       0x38 CMakeFiles/Gimbal_V1.1.dir/Core/Src/usart.c.obj
                0x0000000008005154                MX_USART2_UART_Init
 .text.MX_USART3_UART_Init
                0x000000000800518c       0x38 CMakeFiles/Gimbal_V1.1.dir/Core/Src/usart.c.obj
                0x000000000800518c                MX_USART3_UART_Init
 .text.MX_USART6_UART_Init
                0x00000000080051c4       0x40 CMakeFiles/Gimbal_V1.1.dir/Core/Src/usart.c.obj
                0x00000000080051c4                MX_USART6_UART_Init
 .text.HAL_UART_MspInit
                0x0000000008005204      0x428 CMakeFiles/Gimbal_V1.1.dir/Core/Src/usart.c.obj
                0x0000000008005204                HAL_UART_MspInit
 .text.NMI_Handler
                0x000000000800562c        0x2 CMakeFiles/Gimbal_V1.1.dir/Core/Src/stm32f4xx_it.c.obj
                0x000000000800562c                NMI_Handler
 .text.HardFault_Handler
                0x000000000800562e        0x2 CMakeFiles/Gimbal_V1.1.dir/Core/Src/stm32f4xx_it.c.obj
                0x000000000800562e                HardFault_Handler
 .text.MemManage_Handler
                0x0000000008005630        0x2 CMakeFiles/Gimbal_V1.1.dir/Core/Src/stm32f4xx_it.c.obj
                0x0000000008005630                MemManage_Handler
 .text.BusFault_Handler
                0x0000000008005632        0x2 CMakeFiles/Gimbal_V1.1.dir/Core/Src/stm32f4xx_it.c.obj
                0x0000000008005632                BusFault_Handler
 .text.UsageFault_Handler
                0x0000000008005634        0x2 CMakeFiles/Gimbal_V1.1.dir/Core/Src/stm32f4xx_it.c.obj
                0x0000000008005634                UsageFault_Handler
 .text.SVC_Handler
                0x0000000008005636        0x2 CMakeFiles/Gimbal_V1.1.dir/Core/Src/stm32f4xx_it.c.obj
                0x0000000008005636                SVC_Handler
 .text.DebugMon_Handler
                0x0000000008005638        0x2 CMakeFiles/Gimbal_V1.1.dir/Core/Src/stm32f4xx_it.c.obj
                0x0000000008005638                DebugMon_Handler
 .text.PendSV_Handler
                0x000000000800563a        0x2 CMakeFiles/Gimbal_V1.1.dir/Core/Src/stm32f4xx_it.c.obj
                0x000000000800563a                PendSV_Handler
 .text.SysTick_Handler
                0x000000000800563c        0x4 CMakeFiles/Gimbal_V1.1.dir/Core/Src/stm32f4xx_it.c.obj
                0x000000000800563c                SysTick_Handler
 .text.DMA1_Stream0_IRQHandler
                0x0000000008005640        0xc CMakeFiles/Gimbal_V1.1.dir/Core/Src/stm32f4xx_it.c.obj
                0x0000000008005640                DMA1_Stream0_IRQHandler
 .text.DMA1_Stream1_IRQHandler
                0x000000000800564c        0xc CMakeFiles/Gimbal_V1.1.dir/Core/Src/stm32f4xx_it.c.obj
                0x000000000800564c                DMA1_Stream1_IRQHandler
 .text.DMA1_Stream3_IRQHandler
                0x0000000008005658        0xc CMakeFiles/Gimbal_V1.1.dir/Core/Src/stm32f4xx_it.c.obj
                0x0000000008005658                DMA1_Stream3_IRQHandler
 .text.DMA1_Stream5_IRQHandler
                0x0000000008005664        0xc CMakeFiles/Gimbal_V1.1.dir/Core/Src/stm32f4xx_it.c.obj
                0x0000000008005664                DMA1_Stream5_IRQHandler
 .text.DMA1_Stream6_IRQHandler
                0x0000000008005670        0xc CMakeFiles/Gimbal_V1.1.dir/Core/Src/stm32f4xx_it.c.obj
                0x0000000008005670                DMA1_Stream6_IRQHandler
 .text.CAN1_RX0_IRQHandler
                0x000000000800567c        0xc CMakeFiles/Gimbal_V1.1.dir/Core/Src/stm32f4xx_it.c.obj
                0x000000000800567c                CAN1_RX0_IRQHandler
 .text.TIM1_UP_TIM10_IRQHandler
                0x0000000008005688        0xc CMakeFiles/Gimbal_V1.1.dir/Core/Src/stm32f4xx_it.c.obj
                0x0000000008005688                TIM1_UP_TIM10_IRQHandler
 .text.TIM2_IRQHandler
                0x0000000008005694        0xc CMakeFiles/Gimbal_V1.1.dir/Core/Src/stm32f4xx_it.c.obj
                0x0000000008005694                TIM2_IRQHandler
 .text.USART1_IRQHandler
                0x00000000080056a0       0x14 CMakeFiles/Gimbal_V1.1.dir/Core/Src/stm32f4xx_it.c.obj
                0x00000000080056a0                USART1_IRQHandler
 .text.USART2_IRQHandler
                0x00000000080056b4       0x14 CMakeFiles/Gimbal_V1.1.dir/Core/Src/stm32f4xx_it.c.obj
                0x00000000080056b4                USART2_IRQHandler
 .text.USART3_IRQHandler
                0x00000000080056c8       0x1c CMakeFiles/Gimbal_V1.1.dir/Core/Src/stm32f4xx_it.c.obj
                0x00000000080056c8                USART3_IRQHandler
 .text.TIM8_BRK_TIM12_IRQHandler
                0x00000000080056e4        0xc CMakeFiles/Gimbal_V1.1.dir/Core/Src/stm32f4xx_it.c.obj
                0x00000000080056e4                TIM8_BRK_TIM12_IRQHandler
 .text.TIM8_UP_TIM13_IRQHandler
                0x00000000080056f0        0x4 CMakeFiles/Gimbal_V1.1.dir/Core/Src/stm32f4xx_it.c.obj
                0x00000000080056f0                TIM8_UP_TIM13_IRQHandler
 .text.DMA1_Stream7_IRQHandler
                0x00000000080056f4        0xc CMakeFiles/Gimbal_V1.1.dir/Core/Src/stm32f4xx_it.c.obj
                0x00000000080056f4                DMA1_Stream7_IRQHandler
 .text.TIM5_IRQHandler
                0x0000000008005700        0xc CMakeFiles/Gimbal_V1.1.dir/Core/Src/stm32f4xx_it.c.obj
                0x0000000008005700                TIM5_IRQHandler
 .text.UART5_IRQHandler
                0x000000000800570c        0xc CMakeFiles/Gimbal_V1.1.dir/Core/Src/stm32f4xx_it.c.obj
                0x000000000800570c                UART5_IRQHandler
 .text.TIM6_DAC_IRQHandler
                0x0000000008005718        0xc CMakeFiles/Gimbal_V1.1.dir/Core/Src/stm32f4xx_it.c.obj
                0x0000000008005718                TIM6_DAC_IRQHandler
 .text.TIM7_IRQHandler
                0x0000000008005724        0xc CMakeFiles/Gimbal_V1.1.dir/Core/Src/stm32f4xx_it.c.obj
                0x0000000008005724                TIM7_IRQHandler
 .text.DMA2_Stream1_IRQHandler
                0x0000000008005730        0xc CMakeFiles/Gimbal_V1.1.dir/Core/Src/stm32f4xx_it.c.obj
                0x0000000008005730                DMA2_Stream1_IRQHandler
 .text.DMA2_Stream2_IRQHandler
                0x000000000800573c        0xc CMakeFiles/Gimbal_V1.1.dir/Core/Src/stm32f4xx_it.c.obj
                0x000000000800573c                DMA2_Stream2_IRQHandler
 .text.CAN2_RX1_IRQHandler
                0x0000000008005748        0xc CMakeFiles/Gimbal_V1.1.dir/Core/Src/stm32f4xx_it.c.obj
                0x0000000008005748                CAN2_RX1_IRQHandler
 .text.USART6_IRQHandler
                0x0000000008005754       0x1c CMakeFiles/Gimbal_V1.1.dir/Core/Src/stm32f4xx_it.c.obj
                0x0000000008005754                USART6_IRQHandler
 .text.HAL_MspInit
                0x0000000008005770       0x38 CMakeFiles/Gimbal_V1.1.dir/Core/Src/stm32f4xx_hal_msp.c.obj
                0x0000000008005770                HAL_MspInit
 .text._sbrk    0x00000000080057a8       0x40 CMakeFiles/Gimbal_V1.1.dir/Core/Src/sysmem.c.obj
                0x00000000080057a8                _sbrk
 .text._getpid  0x00000000080057e8        0x4 CMakeFiles/Gimbal_V1.1.dir/Core/Src/syscalls.c.obj
                0x00000000080057e8                _getpid
 .text._kill    0x00000000080057ec       0x10 CMakeFiles/Gimbal_V1.1.dir/Core/Src/syscalls.c.obj
                0x00000000080057ec                _kill
 .text._exit    0x00000000080057fc        0xc CMakeFiles/Gimbal_V1.1.dir/Core/Src/syscalls.c.obj
                0x00000000080057fc                _exit
 .text.Reset_Handler
                0x0000000008005808       0x50 CMakeFiles/Gimbal_V1.1.dir/startup_stm32f405xx.s.obj
                0x0000000008005808                Reset_Handler
 .text.Default_Handler
                0x0000000008005858        0x2 CMakeFiles/Gimbal_V1.1.dir/startup_stm32f405xx.s.obj
                0x0000000008005858                RTC_Alarm_IRQHandler
                0x0000000008005858                HASH_RNG_IRQHandler
                0x0000000008005858                EXTI2_IRQHandler
                0x0000000008005858                TIM8_CC_IRQHandler
                0x0000000008005858                TIM1_CC_IRQHandler
                0x0000000008005858                DMA2_Stream5_IRQHandler
                0x0000000008005858                PVD_IRQHandler
                0x0000000008005858                SDIO_IRQHandler
                0x0000000008005858                TAMP_STAMP_IRQHandler
                0x0000000008005858                EXTI3_IRQHandler
                0x0000000008005858                TIM8_TRG_COM_TIM14_IRQHandler
                0x0000000008005858                I2C3_ER_IRQHandler
                0x0000000008005858                EXTI0_IRQHandler
                0x0000000008005858                I2C2_EV_IRQHandler
                0x0000000008005858                DMA1_Stream2_IRQHandler
                0x0000000008005858                FPU_IRQHandler
                0x0000000008005858                OTG_HS_WKUP_IRQHandler
                0x0000000008005858                CAN2_SCE_IRQHandler
                0x0000000008005858                SPI1_IRQHandler
                0x0000000008005858                TIM1_BRK_TIM9_IRQHandler
                0x0000000008005858                CAN2_RX0_IRQHandler
                0x0000000008005858                DMA2_Stream3_IRQHandler
                0x0000000008005858                CAN1_RX1_IRQHandler
                0x0000000008005858                DMA2_Stream0_IRQHandler
                0x0000000008005858                TIM4_IRQHandler
                0x0000000008005858                I2C1_EV_IRQHandler
                0x0000000008005858                UART4_IRQHandler
                0x0000000008005858                TIM3_IRQHandler
                0x0000000008005858                RCC_IRQHandler
                0x0000000008005858                Default_Handler
                0x0000000008005858                EXTI15_10_IRQHandler
                0x0000000008005858                ADC_IRQHandler
                0x0000000008005858                CAN2_TX_IRQHandler
                0x0000000008005858                DMA2_Stream7_IRQHandler
                0x0000000008005858                I2C3_EV_IRQHandler
                0x0000000008005858                EXTI9_5_IRQHandler
                0x0000000008005858                RTC_WKUP_IRQHandler
                0x0000000008005858                SPI2_IRQHandler
                0x0000000008005858                OTG_HS_EP1_IN_IRQHandler
                0x0000000008005858                CAN1_TX_IRQHandler
                0x0000000008005858                EXTI4_IRQHandler
                0x0000000008005858                FSMC_IRQHandler
                0x0000000008005858                OTG_HS_EP1_OUT_IRQHandler
                0x0000000008005858                WWDG_IRQHandler
                0x0000000008005858                OTG_FS_WKUP_IRQHandler
                0x0000000008005858                TIM1_TRG_COM_TIM11_IRQHandler
                0x0000000008005858                OTG_HS_IRQHandler
                0x0000000008005858                EXTI1_IRQHandler
                0x0000000008005858                I2C2_ER_IRQHandler
                0x0000000008005858                CAN1_SCE_IRQHandler
                0x0000000008005858                FLASH_IRQHandler
                0x0000000008005858                DMA2_Stream4_IRQHandler
                0x0000000008005858                OTG_FS_IRQHandler
                0x0000000008005858                SPI3_IRQHandler
                0x0000000008005858                DMA1_Stream4_IRQHandler
                0x0000000008005858                I2C1_ER_IRQHandler
                0x0000000008005858                DMA2_Stream6_IRQHandler
 *fill*         0x000000000800585a        0x2 
 .text.UnpackFloatSafe_Zm
                0x000000000800585c       0x54 CMakeFiles/Gimbal_V1.1.dir/RM2023_Lib_V1.2/communication.c.obj
 .text.UnpackFloatSafe
                0x00000000080058b0       0x54 CMakeFiles/Gimbal_V1.1.dir/RM2023_Lib_V1.2/communication.c.obj
 .text._Z9get_crc16PKhm
                0x0000000008005904       0x28 CMakeFiles/Gimbal_V1.1.dir/RM2023_Lib_V1.2/communication.c.obj
                0x0000000008005904                get_crc16(unsigned char const*, unsigned long)
 .text.Mini_PC_Init
                0x000000000800592c       0x1c CMakeFiles/Gimbal_V1.1.dir/RM2023_Lib_V1.2/communication.c.obj
                0x000000000800592c                Mini_PC_Init
 .text.Mini_PC_SendData
                0x0000000008005948       0xa0 CMakeFiles/Gimbal_V1.1.dir/RM2023_Lib_V1.2/communication.c.obj
                0x0000000008005948                Mini_PC_SendData
 .text.GetReceive_SP
                0x00000000080059e8       0x68 CMakeFiles/Gimbal_V1.1.dir/RM2023_Lib_V1.2/communication.c.obj
                0x00000000080059e8                GetReceive_SP
 .text._ZN8USER_CAN4InitEtt
                0x0000000008005a50       0x66 CMakeFiles/Gimbal_V1.1.dir/RM2023_Lib_V1.2/RM_Lib.cpp.obj
                0x0000000008005a50                USER_CAN::Init(unsigned short, unsigned short)
 .text._ZN8USER_CAN4SendEtPh
                0x0000000008005ab6       0x26 CMakeFiles/Gimbal_V1.1.dir/RM2023_Lib_V1.2/RM_Lib.cpp.obj
                0x0000000008005ab6                USER_CAN::Send(unsigned short, unsigned char*)
 .text._ZN8USER_CAN7Send_RMEtssss
                0x0000000008005adc       0x40 CMakeFiles/Gimbal_V1.1.dir/RM2023_Lib_V1.2/RM_Lib.cpp.obj
                0x0000000008005adc                USER_CAN::Send_RM(unsigned short, short, short, short, short)
 .text._ZN8USER_CAN7ReceiveEP17CAN_HandleTypeDef
                0x0000000008005b1c       0x1a CMakeFiles/Gimbal_V1.1.dir/RM2023_Lib_V1.2/RM_Lib.cpp.obj
                0x0000000008005b1c                USER_CAN::Receive(CAN_HandleTypeDef*)
 .text._ZN2RC13VT13_set_zeroEv
                0x0000000008005b36       0x30 CMakeFiles/Gimbal_V1.1.dir/RM2023_Lib_V1.2/RM_Lib.cpp.obj
                0x0000000008005b36                RC::VT13_set_zero()
 *fill*         0x0000000008005b66        0x2 
 .text._ZN2RC9VT13_InitEv
                0x0000000008005b68       0x5c CMakeFiles/Gimbal_V1.1.dir/RM2023_Lib_V1.2/RM_Lib.cpp.obj
                0x0000000008005b68                RC::VT13_Init()
 .text._ZN2RC17VT13_watchdog_runEv
                0x0000000008005bc4       0x2c CMakeFiles/Gimbal_V1.1.dir/RM2023_Lib_V1.2/RM_Lib.cpp.obj
                0x0000000008005bc4                RC::VT13_watchdog_run()
 .text._ZN2RC19VT13_check_and_dealEv
                0x0000000008005bf0       0x22 CMakeFiles/Gimbal_V1.1.dir/RM2023_Lib_V1.2/RM_Lib.cpp.obj
                0x0000000008005bf0                RC::VT13_check_and_deal()
 .text._ZN2RC14DT16_data_dealEv
                0x0000000008005c12       0x90 CMakeFiles/Gimbal_V1.1.dir/RM2023_Lib_V1.2/RM_Lib.cpp.obj
                0x0000000008005c12                RC::DT16_data_deal()
 .text._ZN2RC14VT13_data_dealEv
                0x0000000008005ca2       0xfa CMakeFiles/Gimbal_V1.1.dir/RM2023_Lib_V1.2/RM_Lib.cpp.obj
                0x0000000008005ca2                RC::VT13_data_deal()
 .text._ZN2RC13Pressed_CheckEt
                0x0000000008005d9c        0xe CMakeFiles/Gimbal_V1.1.dir/RM2023_Lib_V1.2/RM_Lib.cpp.obj
                0x0000000008005d9c                RC::Pressed_Check(unsigned short)
 .text._ZN2RC9fill_dataEv
                0x0000000008005daa       0xae CMakeFiles/Gimbal_V1.1.dir/RM2023_Lib_V1.2/RM_Lib.cpp.obj
                0x0000000008005daa                RC::fill_data()
 .text._ZN2RC22VT13_RxCplt_IRQHandlerEv
                0x0000000008005e58       0x52 CMakeFiles/Gimbal_V1.1.dir/RM2023_Lib_V1.2/RM_Lib.cpp.obj
                0x0000000008005e58                RC::VT13_RxCplt_IRQHandler()
 .text._ZN2RC13DT16_set_zeroEv
                0x0000000008005eaa       0x56 CMakeFiles/Gimbal_V1.1.dir/RM2023_Lib_V1.2/RM_Lib.cpp.obj
                0x0000000008005eaa                RC::DT16_set_zero()
 .text._ZN2RC9DT16_InitEv
                0x0000000008005f00       0x5c CMakeFiles/Gimbal_V1.1.dir/RM2023_Lib_V1.2/RM_Lib.cpp.obj
                0x0000000008005f00                RC::DT16_Init()
 .text._ZN2RC17DT16_watchdog_runEv
                0x0000000008005f5c       0x30 CMakeFiles/Gimbal_V1.1.dir/RM2023_Lib_V1.2/RM_Lib.cpp.obj
                0x0000000008005f5c                RC::DT16_watchdog_run()
 .text._ZN2RC19DT16_check_and_dealEv
                0x0000000008005f8c       0x28 CMakeFiles/Gimbal_V1.1.dir/RM2023_Lib_V1.2/RM_Lib.cpp.obj
                0x0000000008005f8c                RC::DT16_check_and_deal()
 .text._ZN2RC22DT16_RxCplt_IRQHandlerEv
                0x0000000008005fb4       0x52 CMakeFiles/Gimbal_V1.1.dir/RM2023_Lib_V1.2/RM_Lib.cpp.obj
                0x0000000008005fb4                RC::DT16_RxCplt_IRQHandler()
 .text._ZN6BMI08816BMI088_writeByteEP12GPIO_TypeDefthh
                0x0000000008006006       0x44 CMakeFiles/Gimbal_V1.1.dir/RM2023_Lib_V1.2/RM_Lib.cpp.obj
                0x0000000008006006                BMI088::BMI088_writeByte(GPIO_TypeDef*, unsigned short, unsigned char, unsigned char)
 .text._ZN6BMI08816BMI088_readBytesEP12GPIO_TypeDefthhPh
                0x000000000800604a       0x46 CMakeFiles/Gimbal_V1.1.dir/RM2023_Lib_V1.2/RM_Lib.cpp.obj
                0x000000000800604a                BMI088::BMI088_readBytes(GPIO_TypeDef*, unsigned short, unsigned char, unsigned char, unsigned char*)
 .text._ZN6BMI08816BMI088_write_AccEhh
                0x0000000008006090       0x12 CMakeFiles/Gimbal_V1.1.dir/RM2023_Lib_V1.2/RM_Lib.cpp.obj
                0x0000000008006090                BMI088::BMI088_write_Acc(unsigned char, unsigned char)
 .text._ZN6BMI08817BMI088_write_GyroEhh
                0x00000000080060a2       0x12 CMakeFiles/Gimbal_V1.1.dir/RM2023_Lib_V1.2/RM_Lib.cpp.obj
                0x00000000080060a2                BMI088::BMI088_write_Gyro(unsigned char, unsigned char)
 .text._ZN6BMI08815BMI088_read_AccEhhPh
                0x00000000080060b4       0x2c CMakeFiles/Gimbal_V1.1.dir/RM2023_Lib_V1.2/RM_Lib.cpp.obj
                0x00000000080060b4                BMI088::BMI088_read_Acc(unsigned char, unsigned char, unsigned char*)
 .text._ZN6BMI08816BMI088_read_GyroEhhPh
                0x00000000080060e0       0x14 CMakeFiles/Gimbal_V1.1.dir/RM2023_Lib_V1.2/RM_Lib.cpp.obj
                0x00000000080060e0                BMI088::BMI088_read_Gyro(unsigned char, unsigned char, unsigned char*)
 .text._ZN6BMI0888set_zeroEv
                0x00000000080060f4        0xe CMakeFiles/Gimbal_V1.1.dir/RM2023_Lib_V1.2/RM_Lib.cpp.obj
                0x00000000080060f4                BMI088::set_zero()
 *fill*         0x0000000008006102        0x2 
 .text._Z7inVSqrtf
                0x0000000008006104       0x2c CMakeFiles/Gimbal_V1.1.dir/RM2023_Lib_V1.2/RM_Lib.cpp.obj
                0x0000000008006104                inVSqrt(float)
 .text._ZN6BMI08817BMI088_New_updateEv
                0x0000000008006130       0x80 CMakeFiles/Gimbal_V1.1.dir/RM2023_Lib_V1.2/RM_Lib.cpp.obj
                0x0000000008006130                BMI088::BMI088_New_update()
 .text._ZN6BMI0889getValuesEv
                0x00000000080061b0      0x394 CMakeFiles/Gimbal_V1.1.dir/RM2023_Lib_V1.2/RM_Lib.cpp.obj
                0x00000000080061b0                BMI088::getValues()
 .text._ZN6BMI08811BMI088_AHRSEffffff
                0x0000000008006544      0x16c CMakeFiles/Gimbal_V1.1.dir/RM2023_Lib_V1.2/RM_Lib.cpp.obj
                0x0000000008006544                BMI088::BMI088_AHRS(float, float, float, float, float, float)
 .text._ZN6BMI08817QuatToEulerAnglesEv
                0x00000000080066b0      0x120 CMakeFiles/Gimbal_V1.1.dir/RM2023_Lib_V1.2/RM_Lib.cpp.obj
                0x00000000080066b0                BMI088::QuatToEulerAngles()
 .text._ZN6BMI08818BMI_CrossRound_errEv
                0x00000000080067d0       0xec CMakeFiles/Gimbal_V1.1.dir/RM2023_Lib_V1.2/RM_Lib.cpp.obj
                0x00000000080067d0                BMI088::BMI_CrossRound_err()
 .text._ZN6BMI08813Analyse_speedEv
                0x00000000080068bc      0x17c CMakeFiles/Gimbal_V1.1.dir/RM2023_Lib_V1.2/RM_Lib.cpp.obj
                0x00000000080068bc                BMI088::Analyse_speed()
 .text._ZN6BMI0887analyseEv
                0x0000000008006a38       0x34 CMakeFiles/Gimbal_V1.1.dir/RM2023_Lib_V1.2/RM_Lib.cpp.obj
                0x0000000008006a38                BMI088::analyse()
 .text._ZN6BMI08820low_pass_filter_initEv
                0x0000000008006a6c       0x5c CMakeFiles/Gimbal_V1.1.dir/RM2023_Lib_V1.2/RM_Lib.cpp.obj
                0x0000000008006a6c                BMI088::low_pass_filter_init()
 .text._ZN6BMI0884InitEv
                0x0000000008006ac8      0x1a0 CMakeFiles/Gimbal_V1.1.dir/RM2023_Lib_V1.2/RM_Lib.cpp.obj
                0x0000000008006ac8                BMI088::Init()
 .text._ZN10Vision_LPF27Vision_Low_Pass_Filter_InitEv
                0x0000000008006c68       0x5a CMakeFiles/Gimbal_V1.1.dir/RM2023_Lib_V1.2/RM_Lib.cpp.obj
                0x0000000008006c68                Vision_LPF::Vision_Low_Pass_Filter_Init()
 *fill*         0x0000000008006cc2        0x2 
 .text.startup._GLOBAL__sub_I_info_ubuf
                0x0000000008006cc4       0x20 CMakeFiles/Gimbal_V1.1.dir/RM2023_Lib_V1.2/RM_Lib.cpp.obj
 .text.hipnuc_crc16
                0x0000000008006ce4       0x2e CMakeFiles/Gimbal_V1.1.dir/CH010/hipnuc_dec.c.obj
 .text.D8       0x0000000008006d12       0x14 CMakeFiles/Gimbal_V1.1.dir/CH010/hipnuc_dec.c.obj
 *fill*         0x0000000008006d26        0x2 
 .text.IMU_UART_Init
                0x0000000008006d28       0x60 CMakeFiles/Gimbal_V1.1.dir/CH010/hipnuc_dec.c.obj
                0x0000000008006d28                IMU_UART_Init
 .text.hipnuc_input
                0x0000000008006d88      0x34a CMakeFiles/Gimbal_V1.1.dir/CH010/hipnuc_dec.c.obj
                0x0000000008006d88                hipnuc_input
 *fill*         0x00000000080070d2        0x2 
 .text.IMU_UART_IRQHandler
                0x00000000080070d4       0x98 CMakeFiles/Gimbal_V1.1.dir/CH010/hipnuc_dec.c.obj
                0x00000000080070d4                IMU_UART_IRQHandler
 .text._ZN8MOTOR_DM8DM_StartEt
                0x000000000800716c       0x40 CMakeFiles/Gimbal_V1.1.dir/Motor_Lib/DM.cpp.obj
                0x000000000800716c                MOTOR_DM::DM_Start(unsigned short)
 .text._Z13float_to_uintfffi
                0x00000000080071ac       0x46 CMakeFiles/Gimbal_V1.1.dir/Motor_Lib/DM.cpp.obj
                0x00000000080071ac                float_to_uint(float, float, float, int)
 *fill*         0x00000000080071f2        0x2 
 .text._ZN8MOTOR_DM6DM_MITEtfffff
                0x00000000080071f4       0xd0 CMakeFiles/Gimbal_V1.1.dir/Motor_Lib/DM.cpp.obj
                0x00000000080071f4                MOTOR_DM::DM_MIT(unsigned short, float, float, float, float, float)
 .text._ZN8MOTOR_DM9DM_updateEv
                0x00000000080072c4       0xf0 CMakeFiles/Gimbal_V1.1.dir/Motor_Lib/DM.cpp.obj
                0x00000000080072c4                MOTOR_DM::DM_update()
 .text._ZN8MOTOR_RM15update_mang_infEv
                0x00000000080073b4       0x50 CMakeFiles/Gimbal_V1.1.dir/Motor_Lib/RM.cpp.obj
                0x00000000080073b4                MOTOR_RM::update_mang_inf()
 .text._ZN8MOTOR_RM6updateEv
                0x0000000008007404       0x30 CMakeFiles/Gimbal_V1.1.dir/Motor_Lib/RM.cpp.obj
                0x0000000008007404                MOTOR_RM::update()
 .text._ZN9PID_class14PID_new_updateEff
                0x0000000008007434       0xbe CMakeFiles/Gimbal_V1.1.dir/Math_Lib/PID.cpp.obj
                0x0000000008007434                PID_class::PID_new_update(float, float)
 .text._ZN3SMC8SMC_TickEff
                0x00000000080074f2       0xe0 CMakeFiles/Gimbal_V1.1.dir/Math_Lib/SMC.cpp.obj
                0x00000000080074f2                SMC::SMC_Tick(float, float)
 *fill*         0x00000000080075d2        0x2 
 .text._ZN3SMC14SMC_AngleSpeedEfffff
                0x00000000080075d4       0xf0 CMakeFiles/Gimbal_V1.1.dir/Math_Lib/SMC.cpp.obj
                0x00000000080075d4                SMC::SMC_AngleSpeed(float, float, float, float, float)
 .text._ZN9SMC_PITCH8SMC_TickEfffff
                0x00000000080076c4       0xc0 CMakeFiles/Gimbal_V1.1.dir/Math_Lib/SMC.cpp.obj
                0x00000000080076c4                SMC_PITCH::SMC_Tick(float, float, float, float, float)
 .text._ZN5PITCH9stateZEROEh
                0x0000000008007784       0x1c CMakeFiles/Gimbal_V1.1.dir/Control/Pitch.cpp.obj
                0x0000000008007784                PITCH::stateZERO(unsigned char)
 .text._ZN5PITCH11stateNORMALEh
                0x00000000080077a0      0x170 CMakeFiles/Gimbal_V1.1.dir/Control/Pitch.cpp.obj
                0x00000000080077a0                PITCH::stateNORMAL(unsigned char)
 .text._ZN5PITCH12stateENCODEREh
                0x0000000008007910      0x180 CMakeFiles/Gimbal_V1.1.dir/Control/Pitch.cpp.obj
                0x0000000008007910                PITCH::stateENCODER(unsigned char)
 .text._ZN5PITCH12stateAUTO_ZMEh
                0x0000000008007a90       0x88 CMakeFiles/Gimbal_V1.1.dir/Control/Pitch.cpp.obj
                0x0000000008007a90                PITCH::stateAUTO_ZM(unsigned char)
 .text._ZN5PITCH11stateFuncOfENS_5StateE
                0x0000000008007b18       0x2c CMakeFiles/Gimbal_V1.1.dir/Control/Pitch.cpp.obj
                0x0000000008007b18                PITCH::stateFuncOf(PITCH::State)
 .text._ZN5PITCH11switchStateENS_5StateE
                0x0000000008007b44       0x28 CMakeFiles/Gimbal_V1.1.dir/Control/Pitch.cpp.obj
                0x0000000008007b44                PITCH::switchState(PITCH::State)
 .text._ZN5PITCH15runCurrentStateEh
                0x0000000008007b6c       0x32 CMakeFiles/Gimbal_V1.1.dir/Control/Pitch.cpp.obj
                0x0000000008007b6c                PITCH::runCurrentState(unsigned char)
 *fill*         0x0000000008007b9e        0x2 
 .text._ZN5PITCH19Pitch_Out_InterfaceEh
                0x0000000008007ba0       0x6c CMakeFiles/Gimbal_V1.1.dir/Control/Pitch.cpp.obj
                0x0000000008007ba0                PITCH::Pitch_Out_Interface(unsigned char)
 .text._ZN5PITCH10set_SMCrefEf
                0x0000000008007c0c       0x18 CMakeFiles/Gimbal_V1.1.dir/Control/Pitch.cpp.obj
                0x0000000008007c0c                PITCH::set_SMCref(float)
 .text.startup._GLOBAL__sub_I_Pitch
                0x0000000008007c24      0x11c CMakeFiles/Gimbal_V1.1.dir/Control/Pitch.cpp.obj
 .text._ZN2BP9stateZEROEv
                0x0000000008007d40       0x10 CMakeFiles/Gimbal_V1.1.dir/Control/Shoot.cpp.obj
                0x0000000008007d40                BP::stateZERO()
 .text._ZN2BP12stateOneShotEv
                0x0000000008007d50       0x5c CMakeFiles/Gimbal_V1.1.dir/Control/Shoot.cpp.obj
                0x0000000008007d50                BP::stateOneShot()
 .text._ZN2BP15stateContinuousEv
                0x0000000008007dac       0x5c CMakeFiles/Gimbal_V1.1.dir/Control/Shoot.cpp.obj
                0x0000000008007dac                BP::stateContinuous()
 .text._ZN2BP13stateRecoveryEv
                0x0000000008007e08       0x74 CMakeFiles/Gimbal_V1.1.dir/Control/Shoot.cpp.obj
                0x0000000008007e08                BP::stateRecovery()
 .text._ZN3MCL15MCL_while_layerEh
                0x0000000008007e7c       0x70 CMakeFiles/Gimbal_V1.1.dir/Control/Shoot.cpp.obj
                0x0000000008007e7c                MCL::MCL_while_layer(unsigned char)
 .text._ZN3MCL8MCL_dealEh
                0x0000000008007eec      0x1c0 CMakeFiles/Gimbal_V1.1.dir/Control/Shoot.cpp.obj
                0x0000000008007eec                MCL::MCL_deal(unsigned char)
 .text._ZN2BP11switchStateENS_8FsmStateE
                0x00000000080080ac       0x38 CMakeFiles/Gimbal_V1.1.dir/Control/Shoot.cpp.obj
                0x00000000080080ac                BP::switchState(BP::FsmState)
 .text._ZL15runCurrentStateP2BP
                0x00000000080080e4       0x32 CMakeFiles/Gimbal_V1.1.dir/Control/Shoot.cpp.obj
 .text._ZN2BP14Start_RecoveryEddh
                0x0000000008008116       0x50 CMakeFiles/Gimbal_V1.1.dir/Control/Shoot.cpp.obj
                0x0000000008008116                BP::Start_Recovery(double, double, unsigned char)
 .text._ZN2BP13Stop_RecoveryEd
                0x0000000008008166       0x26 CMakeFiles/Gimbal_V1.1.dir/Control/Shoot.cpp.obj
                0x0000000008008166                BP::Stop_Recovery(double)
 *fill*         0x000000000800818c        0x4 
 .text._ZN2BP16BP_Out_InterfaceEhh
                0x0000000008008190      0x3d4 CMakeFiles/Gimbal_V1.1.dir/Control/Shoot.cpp.obj
                0x0000000008008190                BP::BP_Out_Interface(unsigned char, unsigned char)
 .text._ZN2BP14BP_while_layerEv
                0x0000000008008564       0x48 CMakeFiles/Gimbal_V1.1.dir/Control/Shoot.cpp.obj
                0x0000000008008564                BP::BP_while_layer()
 *fill*         0x00000000080085ac        0x4 
 .text._ZN2BP11BP_time_outEv
                0x00000000080085b0      0x168 CMakeFiles/Gimbal_V1.1.dir/Control/Shoot.cpp.obj
                0x00000000080085b0                BP::BP_time_out()
 .text._ZN2BP7BP_dealEhh
                0x0000000008008718        0x4 CMakeFiles/Gimbal_V1.1.dir/Control/Shoot.cpp.obj
                0x0000000008008718                BP::BP_deal(unsigned char, unsigned char)
 .text.startup._GLOBAL__sub_I_M3508_MCL_Left_Speed
                0x000000000800871c      0x218 CMakeFiles/Gimbal_V1.1.dir/Control/Shoot.cpp.obj
 .text._ZN3YAW12stateENCODEREh
                0x0000000008008934       0xdc CMakeFiles/Gimbal_V1.1.dir/Control/Yaw.cpp.obj
                0x0000000008008934                YAW::stateENCODER(unsigned char)
 .text._ZN3YAW10set_SMCrefEf.constprop.0
                0x0000000008008a10       0x2c CMakeFiles/Gimbal_V1.1.dir/Control/Yaw.cpp.obj
 .text._ZN3YAW9stateZEROEh
                0x0000000008008a3c       0x34 CMakeFiles/Gimbal_V1.1.dir/Control/Yaw.cpp.obj
                0x0000000008008a3c                YAW::stateZERO(unsigned char)
 .text._ZN3YAW12stateAUTO_ZMEh
                0x0000000008008a70       0x68 CMakeFiles/Gimbal_V1.1.dir/Control/Yaw.cpp.obj
                0x0000000008008a70                YAW::stateAUTO_ZM(unsigned char)
 .text._ZN3YAW10set_SMCrefEf
                0x0000000008008ad8       0x2c CMakeFiles/Gimbal_V1.1.dir/Control/Yaw.cpp.obj
                0x0000000008008ad8                YAW::set_SMCref(float)
 .text._ZN3YAW11stateFuncOfENS_5StateE
                0x0000000008008b04       0x2c CMakeFiles/Gimbal_V1.1.dir/Control/Yaw.cpp.obj
                0x0000000008008b04                YAW::stateFuncOf(YAW::State)
 .text._ZN3YAW11switchStateENS_5StateE
                0x0000000008008b30       0x28 CMakeFiles/Gimbal_V1.1.dir/Control/Yaw.cpp.obj
                0x0000000008008b30                YAW::switchState(YAW::State)
 .text._ZN3YAW12stateSTANDUPEh
                0x0000000008008b58      0x10c CMakeFiles/Gimbal_V1.1.dir/Control/Yaw.cpp.obj
                0x0000000008008b58                YAW::stateSTANDUP(unsigned char)
 .text._ZN3YAW12stateBACKINGEh
                0x0000000008008c64       0x90 CMakeFiles/Gimbal_V1.1.dir/Control/Yaw.cpp.obj
                0x0000000008008c64                YAW::stateBACKING(unsigned char)
 .text._ZN3YAW11stateNORMALEh
                0x0000000008008cf4      0x24c CMakeFiles/Gimbal_V1.1.dir/Control/Yaw.cpp.obj
                0x0000000008008cf4                YAW::stateNORMAL(unsigned char)
 .text._ZN3YAW15runCurrentStateEh
                0x0000000008008f40       0x32 CMakeFiles/Gimbal_V1.1.dir/Control/Yaw.cpp.obj
                0x0000000008008f40                YAW::runCurrentState(unsigned char)
 *fill*         0x0000000008008f72        0x2 
 .text._ZN3YAW17updateEncoderMangEf
                0x0000000008008f74       0x74 CMakeFiles/Gimbal_V1.1.dir/Control/Yaw.cpp.obj
                0x0000000008008f74                YAW::updateEncoderMang(float)
 .text._ZN3YAW17Yaw_Out_InterfaceEh
                0x0000000008008fe8       0xb0 CMakeFiles/Gimbal_V1.1.dir/Control/Yaw.cpp.obj
                0x0000000008008fe8                YAW::Yaw_Out_Interface(unsigned char)
 .text.startup._GLOBAL__sub_I_UD_Yaw_Back
                0x0000000008009098      0x110 CMakeFiles/Gimbal_V1.1.dir/Control/Yaw.cpp.obj
 .text._ZN25YKStateTransitionDetector6updateEt
                0x00000000080091a8       0x4c CMakeFiles/Gimbal_V1.1.dir/App_Lib/app_gimbal.cpp.obj
                0x00000000080091a8                YKStateTransitionDetector::update(unsigned short)
 .text._ZN18UpDown_check_class6updataEb
                0x00000000080091f4       0x1a CMakeFiles/Gimbal_V1.1.dir/App_Lib/app_gimbal.cpp.obj
                0x00000000080091f4                UpDown_check_class::updata(bool)
 *fill*         0x000000000800920e        0x2 
 .text.App_Gimbal_Init
                0x0000000008009210      0x13c CMakeFiles/Gimbal_V1.1.dir/App_Lib/app_gimbal.cpp.obj
                0x0000000008009210                App_Gimbal_Init
 .text.App_Gimbal_Loop
                0x000000000800934c      0x384 CMakeFiles/Gimbal_V1.1.dir/App_Lib/app_gimbal.cpp.obj
                0x000000000800934c                App_Gimbal_Loop
 .text.App_Gimbal_TIM_PeriodElapsedCallback
                0x00000000080096d0      0x2ec CMakeFiles/Gimbal_V1.1.dir/App_Lib/app_gimbal.cpp.obj
                0x00000000080096d0                App_Gimbal_TIM_PeriodElapsedCallback
 .text.App_Gimbal_CAN1_RxFifo0Callback
                0x00000000080099bc       0x5c CMakeFiles/Gimbal_V1.1.dir/App_Lib/app_gimbal.cpp.obj
                0x00000000080099bc                App_Gimbal_CAN1_RxFifo0Callback
 .text.App_Gimbal_CAN2_RxFifo1Callback
                0x0000000008009a18       0x90 CMakeFiles/Gimbal_V1.1.dir/App_Lib/app_gimbal.cpp.obj
                0x0000000008009a18                App_Gimbal_CAN2_RxFifo1Callback
 .text.App_Gimbal_USART1_IRQHandler
                0x0000000008009aa8       0xe8 CMakeFiles/Gimbal_V1.1.dir/App_Lib/app_gimbal.cpp.obj
                0x0000000008009aa8                App_Gimbal_USART1_IRQHandler
 .text.App_Gimbal_USART2_IRQHandler
                0x0000000008009b90      0x1b8 CMakeFiles/Gimbal_V1.1.dir/App_Lib/app_gimbal.cpp.obj
                0x0000000008009b90                App_Gimbal_USART2_IRQHandler
 .text.startup._GLOBAL__sub_I_CAN_1
                0x0000000008009d48      0x274 CMakeFiles/Gimbal_V1.1.dir/App_Lib/app_gimbal.cpp.obj
 .text.startup.main
                0x0000000008009fbc       0x58 CMakeFiles/Gimbal_V1.1.dir/App_Lib/main.cpp.obj
                0x0000000008009fbc                main
 .text.HAL_CAN_RxFifo0MsgPendingCallback
                0x000000000800a014        0x4 CMakeFiles/Gimbal_V1.1.dir/App_Lib/main.cpp.obj
                0x000000000800a014                HAL_CAN_RxFifo0MsgPendingCallback
 .text.HAL_CAN_RxFifo1MsgPendingCallback
                0x000000000800a018        0x4 CMakeFiles/Gimbal_V1.1.dir/App_Lib/main.cpp.obj
                0x000000000800a018                HAL_CAN_RxFifo1MsgPendingCallback
 .text.HAL_TIM_PeriodElapsedCallback
                0x000000000800a01c        0x4 CMakeFiles/Gimbal_V1.1.dir/App_Lib/main.cpp.obj
                0x000000000800a01c                HAL_TIM_PeriodElapsedCallback
 .text._Znwj    0x000000000800a020       0x22 /usr/lib/gcc/arm-none-eabi/10.3.1/../../../arm-none-eabi/lib/thumb/v7e-m+fp/hard/libstdc++_nano.a(new_op.o)
                0x000000000800a020                operator new(unsigned int)
 *fill*         0x000000000800a042        0x2 
 .text._ZSt15get_new_handlerv
                0x000000000800a044       0x10 /usr/lib/gcc/arm-none-eabi/10.3.1/../../../arm-none-eabi/lib/thumb/v7e-m+fp/hard/libstdc++_nano.a(new_handler.o)
                0x000000000800a044                std::get_new_handler()
 *(.glue_7)
 .glue_7        0x000000000800a054        0x0 linker stubs
 *(.glue_7t)
 .glue_7t       0x000000000800a054        0x0 linker stubs
 *(.eh_frame)
 .eh_frame      0x000000000800a054        0x0 /usr/lib/gcc/arm-none-eabi/10.3.1/thumb/v7e-m+fp/hard/crtbegin.o
 *(.init)
 .init          0x000000000800a054        0x4 /usr/lib/gcc/arm-none-eabi/10.3.1/thumb/v7e-m+fp/hard/crti.o
                0x000000000800a054                _init
 .init          0x000000000800a058        0x8 /usr/lib/gcc/arm-none-eabi/10.3.1/thumb/v7e-m+fp/hard/crtn.o
 *(.fini)
 .fini          0x000000000800a060        0x4 /usr/lib/gcc/arm-none-eabi/10.3.1/thumb/v7e-m+fp/hard/crti.o
                0x000000000800a060                _fini
 .fini          0x000000000800a064        0x8 /usr/lib/gcc/arm-none-eabi/10.3.1/thumb/v7e-m+fp/hard/crtn.o
                0x000000000800a06c                . = ALIGN (0x4)
                0x000000000800a06c                _etext = .

.vfp11_veneer   0x000000000800a06c        0x0
 .vfp11_veneer  0x000000000800a06c        0x0 linker stubs

.v4_bx          0x000000000800a06c        0x0
 .v4_bx         0x000000000800a06c        0x0 linker stubs

.iplt           0x000000000800a06c        0x0
 .iplt          0x000000000800a06c        0x0 /usr/lib/gcc/arm-none-eabi/10.3.1/thumb/v7e-m+fp/hard/crtbegin.o

.rodata         0x000000000800a06c      0x348
                0x000000000800a06c                . = ALIGN (0x4)
 *(.rodata)
 .rodata        0x000000000800a06c       0x18 /usr/lib/gcc/arm-none-eabi/10.3.1/../../../arm-none-eabi/lib/thumb/v7e-m+fp/hard/libm.a(lib_a-ef_atan2.o)
 .rodata        0x000000000800a084       0x20 /usr/lib/gcc/arm-none-eabi/10.3.1/../../../arm-none-eabi/lib/thumb/v7e-m+fp/hard/libm.a(lib_a-sf_atan.o)
 .rodata        0x000000000800a0a4       0x60 /usr/lib/gcc/arm-none-eabi/10.3.1/../../../arm-none-eabi/lib/thumb/v7e-m+fp/hard/libg_nano.a(lib_a-findfp.o)
                0x000000000800a0a4                __sf_fake_stderr
                0x000000000800a0c4                __sf_fake_stdout
                0x000000000800a0e4                __sf_fake_stdin
 *(.rodata*)
 .rodata.AHBPrescTable
                0x000000000800a104       0x10 cmake/stm32cubemx/CMakeFiles/STM32_Drivers.dir/__/__/Core/Src/system_stm32f4xx.c.obj
                0x000000000800a104                AHBPrescTable
 .rodata.APBPrescTable
                0x000000000800a114        0x8 cmake/stm32cubemx/CMakeFiles/STM32_Drivers.dir/__/__/Core/Src/system_stm32f4xx.c.obj
                0x000000000800a114                APBPrescTable
 .rodata.flagBitshiftOffset.0
                0x000000000800a11c        0x8 cmake/stm32cubemx/CMakeFiles/STM32_Drivers.dir/__/__/Drivers/STM32F4xx_HAL_Driver/Src/stm32f4xx_hal_dma.c.obj
 .rodata._ZL11CRC16_TABLE
                0x000000000800a124      0x200 CMakeFiles/Gimbal_V1.1.dir/RM2023_Lib_V1.2/communication.c.obj
 .rodata._ZN2RC9VT13_InitEv.str1.1
                0x000000000800a324       0x12 CMakeFiles/Gimbal_V1.1.dir/RM2023_Lib_V1.2/RM_Lib.cpp.obj
 .rodata.IMU_UART_Init.str1.1
                0x000000000800a336        0x9 CMakeFiles/Gimbal_V1.1.dir/CH010/hipnuc_dec.c.obj
 *fill*         0x000000000800a33f        0x1 
 .rodata._ZL20kPitchStateFuncTable
                0x000000000800a340       0x20 CMakeFiles/Gimbal_V1.1.dir/Control/Pitch.cpp.obj
 .rodata._ZL17kBPStateFuncTable
                0x000000000800a360       0x20 CMakeFiles/Gimbal_V1.1.dir/Control/Shoot.cpp.obj
 .rodata._ZL18kYawStateFuncTable
                0x000000000800a380       0x30 CMakeFiles/Gimbal_V1.1.dir/Control/Yaw.cpp.obj
 .rodata.str1.4
                0x000000000800a3b0        0x1 /usr/lib/gcc/arm-none-eabi/10.3.1/../../../arm-none-eabi/lib/thumb/v7e-m+fp/hard/libm.a(lib_a-wf_asin.o)
                0x000000000800a3b4                . = ALIGN (0x4)
 *fill*         0x000000000800a3b1        0x3 

.ARM.extab      0x000000000800a3b4        0x0
                0x000000000800a3b4                . = ALIGN (0x4)
 *(.ARM.extab* .gnu.linkonce.armextab.*)
                0x000000000800a3b4                . = ALIGN (0x4)

.ARM            0x000000000800a3b4        0x8
                0x000000000800a3b4                . = ALIGN (0x4)
                0x000000000800a3b4                __exidx_start = .
 *(.ARM.exidx*)
 .ARM.exidx     0x000000000800a3b4        0x8 /usr/lib/gcc/arm-none-eabi/10.3.1/thumb/v7e-m+fp/hard/libgcc.a(_udivmoddi4.o)
                0x000000000800a3bc                __exidx_end = .
                0x000000000800a3bc                . = ALIGN (0x4)

.preinit_array  0x000000000800a3bc        0x0
                0x000000000800a3bc                . = ALIGN (0x4)
                0x000000000800a3bc                PROVIDE (__preinit_array_start = .)
 *(.preinit_array*)
                0x000000000800a3bc                PROVIDE (__preinit_array_end = .)
                0x000000000800a3bc                . = ALIGN (0x4)

.init_array     0x000000000800a3bc       0x18
                0x000000000800a3bc                . = ALIGN (0x4)
                0x000000000800a3bc                PROVIDE (__init_array_start = .)
 *(SORT_BY_NAME(.init_array.*))
 *(.init_array*)
 .init_array    0x000000000800a3bc        0x4 /usr/lib/gcc/arm-none-eabi/10.3.1/thumb/v7e-m+fp/hard/crtbegin.o
 .init_array    0x000000000800a3c0        0x4 CMakeFiles/Gimbal_V1.1.dir/RM2023_Lib_V1.2/RM_Lib.cpp.obj
 .init_array    0x000000000800a3c4        0x4 CMakeFiles/Gimbal_V1.1.dir/Control/Pitch.cpp.obj
 .init_array    0x000000000800a3c8        0x4 CMakeFiles/Gimbal_V1.1.dir/Control/Shoot.cpp.obj
 .init_array    0x000000000800a3cc        0x4 CMakeFiles/Gimbal_V1.1.dir/Control/Yaw.cpp.obj
 .init_array    0x000000000800a3d0        0x4 CMakeFiles/Gimbal_V1.1.dir/App_Lib/app_gimbal.cpp.obj
                0x000000000800a3d4                PROVIDE (__init_array_end = .)
                0x000000000800a3d4                . = ALIGN (0x4)

.fini_array     0x000000000800a3d4        0x4
                0x000000000800a3d4                . = ALIGN (0x4)
                0x000000000800a3d4                PROVIDE (__fini_array_start = .)
 *(SORT_BY_NAME(.fini_array.*))
 *(.fini_array*)
 .fini_array    0x000000000800a3d4        0x4 /usr/lib/gcc/arm-none-eabi/10.3.1/thumb/v7e-m+fp/hard/crtbegin.o
                0x000000000800a3d8                PROVIDE (__fini_array_end = .)
                0x000000000800a3d8                . = ALIGN (0x4)
                0x000000000800a3d8                _siccmram = LOADADDR (.ccmram)

.rel.dyn        0x000000000800a3d8        0x0
 .rel.iplt      0x000000000800a3d8        0x0 /usr/lib/gcc/arm-none-eabi/10.3.1/thumb/v7e-m+fp/hard/crtbegin.o

.ccmram         0x0000000010000000        0x0 load address 0x000000000800a3d8
                0x0000000010000000                . = ALIGN (0x4)
                0x0000000010000000                _sccmram = .
 *(.ccmram)
 *(.ccmram*)
                0x0000000010000000                . = ALIGN (0x4)
                0x0000000010000000                _eccmram = .
                0x000000000800a3d8                _sidata = LOADADDR (.data)

.data           0x0000000020000000       0x84 load address 0x000000000800a3d8
                0x0000000020000000                . = ALIGN (0x4)
                0x0000000020000000                _sdata = .
 *(.data)
 .data          0x0000000020000000        0x1 /usr/lib/gcc/arm-none-eabi/10.3.1/../../../arm-none-eabi/lib/thumb/v7e-m+fp/hard/libm.a(lib_a-s_lib_ver.o)
                0x0000000020000000                __fdlib_version
 *fill*         0x0000000020000001        0x3 
 .data          0x0000000020000004       0x64 /usr/lib/gcc/arm-none-eabi/10.3.1/../../../arm-none-eabi/lib/thumb/v7e-m+fp/hard/libg_nano.a(lib_a-impure.o)
                0x0000000020000004                _impure_ptr
 *(.data*)
 .data.SystemCoreClock
                0x0000000020000068        0x4 cmake/stm32cubemx/CMakeFiles/STM32_Drivers.dir/__/__/Core/Src/system_stm32f4xx.c.obj
                0x0000000020000068                SystemCoreClock
 .data.uwTickFreq
                0x000000002000006c        0x1 cmake/stm32cubemx/CMakeFiles/STM32_Drivers.dir/__/__/Drivers/STM32F4xx_HAL_Driver/Src/stm32f4xx_hal.c.obj
                0x000000002000006c                uwTickFreq
 *fill*         0x000000002000006d        0x3 
 .data.uwTickPrio
                0x0000000020000070        0x4 cmake/stm32cubemx/CMakeFiles/STM32_Drivers.dir/__/__/Drivers/STM32F4xx_HAL_Driver/Src/stm32f4xx_hal.c.obj
                0x0000000020000070                uwTickPrio
 .data.param_Kp
                0x0000000020000074        0x4 CMakeFiles/Gimbal_V1.1.dir/RM2023_Lib_V1.2/RM_Lib.cpp.obj
                0x0000000020000074                param_Kp
 .data.pitch    0x0000000020000078        0x4 CMakeFiles/Gimbal_V1.1.dir/Control/Pitch.cpp.obj
                0x0000000020000078                pitch
 .data.yaw      0x000000002000007c        0x4 CMakeFiles/Gimbal_V1.1.dir/Control/Yaw.cpp.obj
                0x000000002000007c                yaw
 .data.GIMBAL_088_State
                0x0000000020000080        0x1 CMakeFiles/Gimbal_V1.1.dir/App_Lib/app_gimbal.cpp.obj
                0x0000000020000080                GIMBAL_088_State
 *(.RamFunc)
 *(.RamFunc*)
                0x0000000020000084                . = ALIGN (0x4)
 *fill*         0x0000000020000081        0x3 

.tm_clone_table
                0x0000000020000084        0x0 load address 0x000000000800a45c
 .tm_clone_table
                0x0000000020000084        0x0 /usr/lib/gcc/arm-none-eabi/10.3.1/thumb/v7e-m+fp/hard/crtbegin.o
 .tm_clone_table
                0x0000000020000084        0x0 /usr/lib/gcc/arm-none-eabi/10.3.1/thumb/v7e-m+fp/hard/crtend.o

.igot.plt       0x0000000020000084        0x0 load address 0x000000000800a45c
 .igot.plt      0x0000000020000084        0x0 /usr/lib/gcc/arm-none-eabi/10.3.1/thumb/v7e-m+fp/hard/crtbegin.o

.tdata          0x0000000020000084        0x0 load address 0x000000000800a45c
 *(.tdata .tdata.* .gnu.linkonce.td.*)
                0x0000000020000084                . = ALIGN (0x4)
                0x0000000020000084                _edata = .
                [!provide]                        PROVIDE (__data_end = .)
                [!provide]                        PROVIDE (__tdata_end = .)
                [!provide]                        PROVIDE (__tdata_start = ADDR (.tdata))
                [!provide]                        PROVIDE (__tdata_size = (__tdata_end - __tdata_start))
                [!provide]                        PROVIDE (__data_start = ADDR (.data))
                [!provide]                        PROVIDE (__data_size = (__data_end - __data_start))
                [!provide]                        PROVIDE (__tdata_source = LOADADDR (.tdata))
                [!provide]                        PROVIDE (__tdata_source_end = (LOADADDR (.tdata) + SIZEOF (.tdata)))
                [!provide]                        PROVIDE (__tdata_source_size = (__tdata_source_end - __tdata_source))
                [!provide]                        PROVIDE (__data_source = LOADADDR (.data))
                [!provide]                        PROVIDE (__data_source_end = __tdata_source_end)
                [!provide]                        PROVIDE (__data_source_size = (__data_source_end - __data_source))

.tbss           0x0000000020000084        0x0 load address 0x000000000800a45c
                0x0000000020000084                _sbss = .
                0x0000000020000084                __bss_start__ = _sbss
 *(.tbss .tbss.*)
                0x0000000020000084                . = ALIGN (0x4)
                [!provide]                        PROVIDE (__tbss_end = .)
                [!provide]                        PROVIDE (__tbss_start = ADDR (.tbss))
                [!provide]                        PROVIDE (__tbss_size = (__tbss_end - __tbss_start))
                [!provide]                        PROVIDE (__tbss_offset = (ADDR (.tbss) - ADDR (.tdata)))
                [!provide]                        PROVIDE (__tls_base = __tdata_start)
                [!provide]                        PROVIDE (__tls_end = __tbss_end)
                [!provide]                        PROVIDE (__tls_size = (__tls_end - __tls_base))
                [!provide]                        PROVIDE (__tls_align = MAX (ALIGNOF (.tdata), ALIGNOF (.tbss)))
                [!provide]                        PROVIDE (__tls_size_align = (((__tls_size + __tls_align) - 0x1) & ~ ((__tls_align - 0x1))))
                [!provide]                        PROVIDE (__arm32_tls_tcb_offset = MAX (0x8, __tls_align))
                [!provide]                        PROVIDE (__arm64_tls_tcb_offset = MAX (0x10, __tls_align))

.bss            0x0000000020000088     0x1ccc load address 0x000000000800a45c
 *(.bss)
 .bss           0x0000000020000088       0x1c /usr/lib/gcc/arm-none-eabi/10.3.1/thumb/v7e-m+fp/hard/crtbegin.o
 .bss           0x00000000200000a4        0x8 /usr/lib/gcc/arm-none-eabi/10.3.1/../../../arm-none-eabi/lib/thumb/v7e-m+fp/hard/libg_nano.a(lib_a-nano-mallocr.o)
                0x00000000200000a4                __malloc_free_list
                0x00000000200000a8                __malloc_sbrk_start
 .bss           0x00000000200000ac        0x4 /usr/lib/gcc/arm-none-eabi/10.3.1/../../../arm-none-eabi/lib/thumb/v7e-m+fp/hard/libg_nano.a(lib_a-reent.o)
                0x00000000200000ac                errno
 *(.bss*)
 .bss.uwTick    0x00000000200000b0        0x4 cmake/stm32cubemx/CMakeFiles/STM32_Drivers.dir/__/__/Drivers/STM32F4xx_HAL_Driver/Src/stm32f4xx_hal.c.obj
                0x00000000200000b0                uwTick
 .bss.HAL_RCC_CAN1_CLK_ENABLED
                0x00000000200000b4        0x4 CMakeFiles/Gimbal_V1.1.dir/Core/Src/can.c.obj
 .bss.hcan1     0x00000000200000b8       0x28 CMakeFiles/Gimbal_V1.1.dir/Core/Src/can.c.obj
                0x00000000200000b8                hcan1
 .bss.hcan2     0x00000000200000e0       0x28 CMakeFiles/Gimbal_V1.1.dir/Core/Src/can.c.obj
                0x00000000200000e0                hcan2
 .bss.hspi1     0x0000000020000108       0x58 CMakeFiles/Gimbal_V1.1.dir/Core/Src/spi.c.obj
                0x0000000020000108                hspi1
 .bss.htim1     0x0000000020000160       0x48 CMakeFiles/Gimbal_V1.1.dir/Core/Src/tim.c.obj
                0x0000000020000160                htim1
 .bss.htim2     0x00000000200001a8       0x48 CMakeFiles/Gimbal_V1.1.dir/Core/Src/tim.c.obj
                0x00000000200001a8                htim2
 .bss.htim3     0x00000000200001f0       0x48 CMakeFiles/Gimbal_V1.1.dir/Core/Src/tim.c.obj
                0x00000000200001f0                htim3
 .bss.htim5     0x0000000020000238       0x48 CMakeFiles/Gimbal_V1.1.dir/Core/Src/tim.c.obj
                0x0000000020000238                htim5
 .bss.htim6     0x0000000020000280       0x48 CMakeFiles/Gimbal_V1.1.dir/Core/Src/tim.c.obj
                0x0000000020000280                htim6
 .bss.htim7     0x00000000200002c8       0x48 CMakeFiles/Gimbal_V1.1.dir/Core/Src/tim.c.obj
                0x00000000200002c8                htim7
 .bss.htim8     0x0000000020000310       0x48 CMakeFiles/Gimbal_V1.1.dir/Core/Src/tim.c.obj
                0x0000000020000310                htim8
 .bss.hdma_uart5_rx
                0x0000000020000358       0x60 CMakeFiles/Gimbal_V1.1.dir/Core/Src/usart.c.obj
                0x0000000020000358                hdma_uart5_rx
 .bss.hdma_uart5_tx
                0x00000000200003b8       0x60 CMakeFiles/Gimbal_V1.1.dir/Core/Src/usart.c.obj
                0x00000000200003b8                hdma_uart5_tx
 .bss.hdma_usart1_rx
                0x0000000020000418       0x60 CMakeFiles/Gimbal_V1.1.dir/Core/Src/usart.c.obj
                0x0000000020000418                hdma_usart1_rx
 .bss.hdma_usart2_rx
                0x0000000020000478       0x60 CMakeFiles/Gimbal_V1.1.dir/Core/Src/usart.c.obj
                0x0000000020000478                hdma_usart2_rx
 .bss.hdma_usart2_tx
                0x00000000200004d8       0x60 CMakeFiles/Gimbal_V1.1.dir/Core/Src/usart.c.obj
                0x00000000200004d8                hdma_usart2_tx
 .bss.hdma_usart3_rx
                0x0000000020000538       0x60 CMakeFiles/Gimbal_V1.1.dir/Core/Src/usart.c.obj
                0x0000000020000538                hdma_usart3_rx
 .bss.hdma_usart3_tx
                0x0000000020000598       0x60 CMakeFiles/Gimbal_V1.1.dir/Core/Src/usart.c.obj
                0x0000000020000598                hdma_usart3_tx
 .bss.hdma_usart6_rx