Component: ARM Compiler 6.16 Tool: armlink [5dfeaa00]

==============================================================================

Section Cross References

    startup_stm32f405xx.o(STACK) refers (Special) to heapauxi.o(.text) for __use_two_region_memory
    startup_stm32f405xx.o(HEAP) refers (Special) to heapauxi.o(.text) for __use_two_region_memory
    startup_stm32f405xx.o(RESET) refers (Special) to heapauxi.o(.text) for __use_two_region_memory
    startup_stm32f405xx.o(RESET) refers to startup_stm32f405xx.o(STACK) for __initial_sp
    startup_stm32f405xx.o(RESET) refers to startup_stm32f405xx.o(.text) for Reset_Handler
    startup_stm32f405xx.o(RESET) refers to stm32f4xx_it.o(.text.NMI_Handler) for NMI_Handler
    startup_stm32f405xx.o(RESET) refers to stm32f4xx_it.o(.text.HardFault_Handler) for HardFault_Handler
    startup_stm32f405xx.o(RESET) refers to stm32f4xx_it.o(.text.MemManage_Handler) for MemManage_Handler
    startup_stm32f405xx.o(RESET) refers to stm32f4xx_it.o(.text.BusFault_Handler) for BusFault_Handler
    startup_stm32f405xx.o(RESET) refers to stm32f4xx_it.o(.text.UsageFault_Handler) for UsageFault_Handler
    startup_stm32f405xx.o(RESET) refers to stm32f4xx_it.o(.text.SVC_Handler) for SVC_Handler
    startup_stm32f405xx.o(RESET) refers to stm32f4xx_it.o(.text.DebugMon_Handler) for DebugMon_Handler
    startup_stm32f405xx.o(RESET) refers to stm32f4xx_it.o(.text.PendSV_Handler) for PendSV_Handler
    startup_stm32f405xx.o(RESET) refers to stm32f4xx_it.o(.text.SysTick_Handler) for SysTick_Handler
    startup_stm32f405xx.o(RESET) refers to stm32f4xx_it.o(.text.DMA1_Stream0_IRQHandler) for DMA1_Stream0_IRQHandler
    startup_stm32f405xx.o(RESET) refers to stm32f4xx_it.o(.text.DMA1_Stream1_IRQHandler) for DMA1_Stream1_IRQHandler
    startup_stm32f405xx.o(RESET) refers to stm32f4xx_it.o(.text.DMA1_Stream3_IRQHandler) for DMA1_Stream3_IRQHandler
    startup_stm32f405xx.o(RESET) refers to stm32f4xx_it.o(.text.DMA1_Stream5_IRQHandler) for DMA1_Stream5_IRQHandler
    startup_stm32f405xx.o(RESET) refers to stm32f4xx_it.o(.text.DMA1_Stream6_IRQHandler) for DMA1_Stream6_IRQHandler
    startup_stm32f405xx.o(RESET) refers to stm32f4xx_it.o(.text.CAN1_RX0_IRQHandler) for CAN1_RX0_IRQHandler
    startup_stm32f405xx.o(RESET) refers to stm32f4xx_it.o(.text.TIM1_UP_TIM10_IRQHandler) for TIM1_UP_TIM10_IRQHandler
    startup_stm32f405xx.o(RESET) refers to stm32f4xx_it.o(.text.TIM2_IRQHandler) for TIM2_IRQHandler
    startup_stm32f405xx.o(RESET) refers to stm32f4xx_it.o(.text.USART1_IRQHandler) for USART1_IRQHandler
    startup_stm32f405xx.o(RESET) refers to stm32f4xx_it.o(.text.USART2_IRQHandler) for USART2_IRQHandler
    startup_stm32f405xx.o(RESET) refers to stm32f4xx_it.o(.text.USART3_IRQHandler) for USART3_IRQHandler
    startup_stm32f405xx.o(RESET) refers to stm32f4xx_it.o(.text.TIM8_BRK_TIM12_IRQHandler) for TIM8_BRK_TIM12_IRQHandler
    startup_stm32f405xx.o(RESET) refers to stm32f4xx_it.o(.text.TIM8_UP_TIM13_IRQHandler) for TIM8_UP_TIM13_IRQHandler
    startup_stm32f405xx.o(RESET) refers to stm32f4xx_it.o(.text.DMA1_Stream7_IRQHandler) for DMA1_Stream7_IRQHandler
    startup_stm32f405xx.o(RESET) refers to stm32f4xx_it.o(.text.TIM5_IRQHandler) for TIM5_IRQHandler
    startup_stm32f405xx.o(RESET) refers to stm32f4xx_it.o(.text.UART5_IRQHandler) for UART5_IRQHandler
    startup_stm32f405xx.o(RESET) refers to stm32f4xx_it.o(.text.TIM6_DAC_IRQHandler) for TIM6_DAC_IRQHandler
    startup_stm32f405xx.o(RESET) refers to stm32f4xx_it.o(.text.TIM7_IRQHandler) for TIM7_IRQHandler
    startup_stm32f405xx.o(RESET) refers to stm32f4xx_it.o(.text.DMA2_Stream1_IRQHandler) for DMA2_Stream1_IRQHandler
    startup_stm32f405xx.o(RESET) refers to stm32f4xx_it.o(.text.DMA2_Stream2_IRQHandler) for DMA2_Stream2_IRQHandler
    startup_stm32f405xx.o(RESET) refers to stm32f4xx_it.o(.text.CAN2_RX1_IRQHandler) for CAN2_RX1_IRQHandler
    startup_stm32f405xx.o(RESET) refers to stm32f4xx_it.o(.text.USART6_IRQHandler) for USART6_IRQHandler
    startup_stm32f405xx.o(.text) refers (Special) to heapauxi.o(.text) for __use_two_region_memory
    startup_stm32f405xx.o(.text) refers to system_stm32f4xx.o(.text.SystemInit) for SystemInit
    startup_stm32f405xx.o(.text) refers to __main.o(!!!main) for __main
    startup_stm32f405xx.o(.text) refers to startup_stm32f405xx.o(HEAP) for Heap_Mem
    startup_stm32f405xx.o(.text) refers to startup_stm32f405xx.o(STACK) for Stack_Mem
    main.o(.text.__cxx_global_var_init) refers to main.o(.bss.LPF_factor) for LPF_factor
    main.o(.text.__cxx_global_var_init) refers to main.o(.text._ZN3$_0C2Ev) for $_0::$_0__sub_object()
    main.o(.ARM.exidx.text.__cxx_global_var_init) refers to main.o(.text.__cxx_global_var_init) for [Anonymous Symbol]
    main.o(.ARM.exidx.text._ZN3$_0C2Ev) refers to main.o(.text._ZN3$_0C2Ev) for [Anonymous Symbol]
    main.o(.text.__cxx_global_var_init.1) refers to main.o(.bss.CAN_1) for CAN_1
[...]
    0x080002d4   0x080002d4   0x00000004   Code   RO         2918    .ARM.Collect$$rtexit$$00000003  c_w.l(rtexit2.o)
    0x080002d8   0x080002d8   0x00000006   Code   RO         2919    .ARM.Collect$$rtexit$$00000004  c_w.l(rtexit2.o)
    0x080002de   0x080002de   0x00000002   PAD
    0x080002e0   0x080002e0   0x00000040   Code   RO            4    .text               startup_stm32f405xx.o
    0x08000320   0x08000320   0x000000f0   Code   RO         2198    .text               c_w.l(lludivv7m.o)
    0x08000410   0x08000410   0x0000002c   Code   RO         2200    .text               c_w.l(sprintf.o)
    0x0800043c   0x0800043c   0x00000008   Code   RO         2208    .text               c_w.l(abs.o)
    0x08000444   0x08000444   0x0000008a   Code   RO         2216    .text               c_w.l(rt_memcpy_v6.o)
    0x080004ce   0x080004ce   0x00000064   Code   RO         2218    .text               c_w.l(rt_memcpy_w.o)
    0x08000532   0x08000532   0x00000044   Code   RO         2220    .text               c_w.l(rt_memclr.o)
    0x08000576   0x08000576   0x0000004e   Code   RO         2222    .text               c_w.l(rt_memclr_w.o)
    0x080005c4   0x080005c4   0x00000004   PAD
    0x080005c8   0x080005c8   0x0000007c   Code   RO         2224    .text               c_w.l(strcmpv7em.o)
    0x08000644   0x08000644   0x00000006   Code   RO         2226    .text               c_w.l(heapauxi.o)
    0x0800064a   0x0800064a   0x00000002   PAD
    0x0800064c   0x0800064c   0x00000024   Code   RO         2233    .text               c_w.l(init_aeabi.o)
    0x08000670   0x08000670   0x00000010   Code   RO         2358    .text               c_w.l(rt_ctype_table.o)
    0x08000680   0x08000680   0x00000008   Code   RO         2367    .text               c_w.l(rt_errno_addr_intlibspace.o)
    0x08000688   0x08000688   0x0000005e   Code   RO         2373    .text               c_w.l(h1_alloc.o)
    0x080006e6   0x080006e6   0x0000004e   Code   RO         2375    .text               c_w.l(h1_free.o)
    0x08000734   0x08000734   0x00000016   Code   RO         2435    .text               c_w.l(_rserrno.o)
    0x0800074a   0x0800074a   0x0000004e   Code   RO         2439    .text               c_w.l(_printf_pad.o)
    0x08000798   0x08000798   0x00000024   Code   RO         2441    .text               c_w.l(_printf_truncate.o)
    0x080007bc   0x080007bc   0x00000052   Code   RO         2443    .text               c_w.l(_printf_str.o)
    0x0800080e   0x0800080e   0x00000002   PAD
    0x08000810   0x08000810   0x00000078   Code   RO         2445    .text               c_w.l(_printf_dec.o)
    0x08000888   0x08000888   0x00000028   Code   RO         2447    .text               c_w.l(_printf_charcount.o)
    0x080008b0   0x080008b0   0x00000030   Code   RO         2449    .text               c_w.l(_printf_char_common.o)
    0x080008e0   0x080008e0   0x0000000a   Code   RO         2451    .text               c_w.l(_sputc.o)
    0x080008ea   0x080008ea   0x00000002   PAD
    0x080008ec   0x080008ec   0x000000bc   Code   RO         2455    .text               c_w.l(_printf_wctomb.o)
    0x080009a8   0x080009a8   0x0000007c   Code   RO         2458    .text               c_w.l(_printf_longlong_dec.o)
    0x08000a24   0x08000a24   0x00000070   Code   RO         2464    .text               c_w.l(_printf_oct_int_ll.o)
    0x08000a94   0x08000a94   0x00000094   Code   RO         2484    .text               c_w.l(_printf_hex_int_ll_ptr.o)
    0x08000b28   0x08000b28   0x00000188   Code   RO         2504    .text               c_w.l(__printf_flags_ss_wp.o)
    0x08000cb0   0x08000cb0   0x0000000c   Code   RO         2678    .text               c_w.l(sys_exit.o)
    0x08000cbc   0x08000cbc   0x00000008   Code   RO         2682    .text               c_w.l(libspace.o)
    0x08000cc4   0x08000cc4   0x00000008   Code   RO         2707    .text               c_w.l(rt_heap_descriptor_intlibspace.o)
    0x08000ccc   0x08000ccc   0x00000008   Code   RO         2712    .text               c_w.l(rt_locale_intlibspace.o)
    0x08000cd4   0x08000cd4   0x00000004   Code   RO         2714    .text               c_w.l(hguard.o)
    0x08000cd8   0x08000cd8   0x0000008a   Code   RO         2716    .text               c_w.l(init_alloc.o)
    0x08000d62   0x08000d62   0x0000000e   Code   RO         2720    .text               c_w.l(h1_init.o)
    0x08000d70   0x08000d70   0x0000008a   Code   RO         2732    .text               c_w.l(lludiv10.o)
    0x08000dfa   0x08000dfa   0x000000b2   Code   RO         2736    .text               c_w.l(_printf_intcommon.o)
    0x08000eac   0x08000eac   0x0000041c   Code   RO         2738    .text               c_w.l(_printf_fp_dec.o)
    0x080012c8   0x080012c8   0x000002fc   Code   RO         2742    .text               c_w.l(_printf_fp_hex.o)
    0x080015c4   0x080015c4   0x0000002c   Code   RO         2747    .text               c_w.l(_printf_char.o)
    0x080015f0   0x080015f0   0x0000002c   Code   RO         2749    .text               c_w.l(_printf_wchar.o)
    0x0800161c   0x0800161c   0x00000048   Code   RO         2756    .text               c_w.l(_c16rtomb.o)
    0x08001664   0x08001664   0x00000002   Code   RO         2798    .text               c_w.l(use_no_semi.o)
    0x08001666   0x08001666   0x00000000   Code   RO         2800    .text               c_w.l(indicate_semi.o)
    0x08001666   0x08001666   0x0000004a   Code   RO         2801    .text               c_w.l(sys_stackheap_outer.o)
    0x080016b0   0x080016b0   0x00000000   Code   RO         2807    .text               c_w.l(maybetermalloc1.o)
    0x080016b0   0x080016b0   0x00000034   Code   RO         2809    .text               c_w.l(h1_extend.o)
    0x080016e4   0x080016e4   0x00000080   Code   RO         2813    .text               c_w.l(_printf_fp_infnan.o)
    0x08001764   0x08001764   0x000000e4   Code   RO         2819    .text               c_w.l(bigflt0.o)
    0x08001848   0x08001848   0x00000012   Code   RO         2846    .text               c_w.l(exit.o)
    0x0800185a   0x0800185a   0x0000000a   Code   RO         2848    .text               c_w.l(defsig_exit.o)
    0x08001864   0x08001864   0x0000000e   Code   RO         2856    .text               c_w.l(defsig_rtmem_outer.o)
    0x08001872   0x08001872   0x00000032   Code   RO         2888    .text               c_w.l(defsig_general.o)
    0x080018a4   0x080018a4   0x00000050   Code   RO         2892    .text               c_w.l(defsig_rtmem_inner.o)
    0x080018f4   0x080018f4   0x0000000e   Code   RO         2912    .text               c_w.l(sys_wrch.o)
    0x08001902   0x08001902   0x00000002   PAD
    0x08001904   0x08001904   0x00000004   Code   RO          327    .text.BusFault_Handler  stm32f4xx_it.o
    0x08001908   0x08001908   0x00000010   Code   RO          349    .text.CAN1_RX0_IRQHandler  stm32f4xx_it.o
    0x08001918   0x08001918   0x00000010   Code   RO          379    .text.CAN2_RX1_IRQHandler  stm32f4xx_it.o
    0x08001928   0x08001928   0x00000016   Code   RO         1837    .text.D8            hipnuc_dec.o
    0x0800193e   0x0800193e   0x00000002   PAD
    0x08001940   0x08001940   0x00000010   Code   RO          339    .text.DMA1_Stream0_IRQHandler  stm32f4xx_it.o
    0x08001950   0x08001950   0x00000010   Code   RO          341    .text.DMA1_Stream1_IRQHandler  stm32f4xx_it.o
    0x08001960   0x08001960   0x00000010   Code   RO          343    .text.DMA1_Stream3_IRQHandler  stm32f4xx_it.o
    0x08001970   0x08001970   0x00000010   Code   RO          345    .text.DMA1_Stream5_IRQHandler  stm32f4xx_it.o
    0x08001980   0x08001980   0x00000010   Code   RO          347    .text.DMA1_Stream6_IRQHandler  stm32f4xx_it.o
    0x08001990   0x08001990   0x00000010   Code   RO          365    .text.DMA1_Stream7_IRQHandler  stm32f4xx_it.o
    0x080019a0   0x080019a0   0x00000010   Code   RO          375    .text.DMA2_Stream1_IRQHandler  stm32f4xx_it.o
    0x080019b0   0x080019b0   0x00000010   Code   RO          377    .text.DMA2_Stream2_IRQHandler  stm32f4xx_it.o
    0x080019c0   0x080019c0   0x00000056   Code   RO          677    .text.DMA_CalcBaseAndBitshift  stm32f4xx_hal_dma.o
    0x08001a16   0x08001a16   0x00000002   PAD
    0x08001a18   0x08001a18   0x000000f0   Code   RO          675    .text.DMA_CheckFifoParam  stm32f4xx_hal_dma.o
    0x08001b08   0x08001b08   0x00000050   Code   RO          683    .text.DMA_SetConfig  stm32f4xx_hal_dma.o
    0x08001b58   0x08001b58   0x00000002   Code   RO          333    .text.DebugMon_Handler  stm32f4xx_it.o
    0x08001b5a   0x08001b5a   0x00000002   PAD
    0x08001b5c   0x08001b5c   0x00000006   Code   RO           91    .text.Error_Handler  main.o
    0x08001b62   0x08001b62   0x00000002   PAD
    0x08001b64   0x08001b64   0x00000094   Code   RO         1549    .text.GetReceive_SP  communication.o
    0x08001bf8   0x08001bf8   0x00000052   Code   RO          454    .text.HAL_CAN_ActivateNotification  stm32f4xx_hal_can.o
    0x08001c4a   0x08001c4a   0x00000002   PAD
    0x08001c4c   0x08001c4c   0x00000156   Code   RO          440    .text.HAL_CAN_AddTxMessage  stm32f4xx_hal_can.o
    0x08001da2   0x08001da2   0x00000002   PAD
    0x08001da4   0x08001da4   0x0000019e   Code   RO          430    .text.HAL_CAN_ConfigFilter  stm32f4xx_hal_can.o
    0x08001f42   0x08001f42   0x00000002   PAD
    0x08001f44   0x08001f44   0x00000008   Code   RO          484    .text.HAL_CAN_ErrorCallback  stm32f4xx_hal_can.o
    0x08001f4c   0x08001f4c   0x00000212   Code   RO          450    .text.HAL_CAN_GetRxMessage  stm32f4xx_hal_can.o
    0x0800215e   0x0800215e   0x00000002   PAD
    0x08002160   0x08002160   0x00000070   Code   RO          444    .text.HAL_CAN_GetTxMailboxesFreeLevel  stm32f4xx_hal_can.o
    0x080021d0   0x080021d0   0x000003f2   Code   RO          458    .text.HAL_CAN_IRQHandler  stm32f4xx_hal_can.o
    0x080025c2   0x080025c2   0x00000002   PAD
    0x080025c4   0x080025c4   0x000001de   Code   RO          420    .text.HAL_CAN_Init  stm32f4xx_hal_can.o
    0x080027a2   0x080027a2   0x00000002   PAD
    0x080027a4   0x080027a4   0x00000188   Code   RO          211    .text.HAL_CAN_MspInit  can.o
    0x0800292c   0x0800292c   0x00000008   Code   RO          472    .text.HAL_CAN_RxFifo0FullCallback  stm32f4xx_hal_can.o
    0x08002934   0x08002934   0x0000007c   Code   RO           95    .text.HAL_CAN_RxFifo0MsgPendingCallback  main.o
    0x080029b0   0x080029b0   0x00000008   Code   RO          476    .text.HAL_CAN_RxFifo1FullCallback  stm32f4xx_hal_can.o
    0x080029b8   0x080029b8   0x000000c2   Code   RO           97    .text.HAL_CAN_RxFifo1MsgPendingCallback  main.o
    0x08002a7a   0x08002a7a   0x00000002   PAD
    0x08002a7c   0x08002a7c   0x00000008   Code   RO          480    .text.HAL_CAN_SleepCallback  stm32f4xx_hal_can.o
    0x08002a84   0x08002a84   0x0000008a   Code   RO          432    .text.HAL_CAN_Start  stm32f4xx_hal_can.o
    0x08002b0e   0x08002b0e   0x00000002   PAD
    0x08002b10   0x08002b10   0x00000008   Code   RO          462    .text.HAL_CAN_TxMailbox0AbortCallback  stm32f4xx_hal_can.o
    0x08002b18   0x08002b18   0x00000008   Code   RO          460    .text.HAL_CAN_TxMailbox0CompleteCallback  stm32f4xx_hal_can.o
    0x08002b20   0x08002b20   0x00000008   Code   RO          466    .text.HAL_CAN_TxMailbox1AbortCallback  stm32f4xx_hal_can.o
    0x08002b28   0x08002b28   0x00000008   Code   RO          464    .text.HAL_CAN_TxMailbox1CompleteCallback  stm32f4xx_hal_can.o
    0x08002b30   0x08002b30   0x00000008   Code   RO          470    .text.HAL_CAN_TxMailbox2AbortCallback  stm32f4xx_hal_can.o
    0x08002b38   0x08002b38   0x00000008   Code   RO          468    .text.HAL_CAN_TxMailbox2CompleteCallback  stm32f4xx_hal_can.o
    0x08002b40   0x08002b40   0x00000008   Code   RO          482    .text.HAL_CAN_WakeUpFromRxMsgCallback  stm32f4xx_hal_can.o
    0x08002b48   0x08002b48   0x000000ec   Code   RO          687    .text.HAL_DMA_Abort  stm32f4xx_hal_dma.o
    0x08002c34   0x08002c34   0x00000044   Code   RO          689    .text.HAL_DMA_Abort_IT  stm32f4xx_hal_dma.o
    0x08002c78   0x08002c78   0x0000031e   Code   RO          693    .text.HAL_DMA_IRQHandler  stm32f4xx_hal_dma.o
    0x08002f96   0x08002f96   0x00000002   PAD
    0x08002f98   0x08002f98   0x0000016e   Code   RO          673    .text.HAL_DMA_Init  stm32f4xx_hal_dma.o
    0x08003106   0x08003106   0x00000002   PAD
    0x08003108   0x08003108   0x000000c2   Code   RO          685    .text.HAL_DMA_Start_IT  stm32f4xx_hal_dma.o
    0x080031ca   0x080031ca   0x00000002   PAD
    0x080031cc   0x080031cc   0x00000042   Code   RO          868    .text.HAL_Delay     stm32f4xx_hal.o
    0x0800320e   0x0800320e   0x00000002   PAD
    0x08003210   0x08003210   0x000003b6   Code   RO          635    .text.HAL_GPIO_Init  stm32f4xx_hal_gpio.o
    0x080035c6   0x080035c6   0x00000002   PAD
    0x080035c8   0x080035c8   0x0000002e   Code   RO          641    .text.HAL_GPIO_WritePin  stm32f4xx_hal_gpio.o
    0x080035f6   0x080035f6   0x00000002   PAD
    0x080035f8   0x080035f8   0x0000000c   Code   RO          860    .text.HAL_GetTick   stm32f4xx_hal.o
    0x08003604   0x08003604   0x0000001a   Code   RO          858    .text.HAL_IncTick   stm32f4xx_hal.o
    0x0800361e   0x0800361e   0x00000002   PAD
    0x08003620   0x08003620   0x00000036   Code   RO          848    .text.HAL_Init      stm32f4xx_hal.o
    0x08003656   0x08003656   0x00000002   PAD
    0x08003658   0x08003658   0x00000070   Code   RO          850    .text.HAL_InitTick  stm32f4xx_hal.o
    0x080036c8   0x080036c8   0x0000004a   Code   RO          412    .text.HAL_MspInit   stm32f4xx_hal_msp.o
    0x08003712   0x08003712   0x00000002   PAD
    0x08003714   0x08003714   0x00000014   Code   RO          783    .text.HAL_NVIC_EnableIRQ  stm32f4xx_hal_cortex.o
    0x08003728   0x08003728   0x00000032   Code   RO          775    .text.HAL_NVIC_SetPriority  stm32f4xx_hal_cortex.o
    0x0800375a   0x0800375a   0x00000002   PAD
    0x0800375c   0x0800375c   0x00000010   Code   RO          771    .text.HAL_NVIC_SetPriorityGrouping  stm32f4xx_hal_cortex.o
    0x0800376c   0x0800376c   0x00000262   Code   RO          503    .text.HAL_RCC_ClockConfig  stm32f4xx_hal_rcc.o
    0x080039ce   0x080039ce   0x00000002   PAD
    0x080039d0   0x080039d0   0x0000000c   Code   RO          513    .text.HAL_RCC_GetHCLKFreq  stm32f4xx_hal_rcc.o
    0x080039dc   0x080039dc   0x00000022   Code   RO          515    .text.HAL_RCC_GetPCLK1Freq  stm32f4xx_hal_rcc.o
    0x080039fe   0x080039fe   0x00000002   PAD
    0x08003a00   0x08003a00   0x00000022   Code   RO          517    .text.HAL_RCC_GetPCLK2Freq  stm32f4xx_hal_rcc.o
    0x08003a22   0x08003a22   0x00000002   PAD
    0x08003a24   0x08003a24   0x000000e6   Code   RO          505    .text.HAL_RCC_GetSysClockFreq  stm32f4xx_hal_rcc.o
    0x08003b0a   0x08003b0a   0x00000002   PAD
    0x08003b0c   0x08003b0c   0x000006be   Code   RO          501    .text.HAL_RCC_OscConfig  stm32f4xx_hal_rcc.o
    0x080041ca   0x080041ca   0x00000002   PAD
    0x080041cc   0x080041cc   0x00000100   Code   RO          937    .text.HAL_SPI_Init  stm32f4xx_hal_spi.o
    0x080042cc   0x080042cc   0x0000008e   Code   RO          235    .text.HAL_SPI_MspInit  spi.o
    0x0800435a   0x0800435a   0x00000002   PAD
    0x0800435c   0x0800435c   0x0000024e   Code   RO          949    .text.HAL_SPI_Receive  stm32f4xx_hal_spi.o
    0x080045aa   0x080045aa   0x00000002   PAD
    0x080045ac   0x080045ac   0x000002a2   Code   RO          945    .text.HAL_SPI_Transmit  stm32f4xx_hal_spi.o
    0x0800484e   0x0800484e   0x00000002   PAD
    0x08004850   0x08004850   0x000003a2   Code   RO          951    .text.HAL_SPI_TransmitReceive  stm32f4xx_hal_spi.o
    0x08004bf2   0x08004bf2   0x00000002   PAD
    0x08004bf4   0x08004bf4   0x00000010   Code   RO          795    .text.HAL_SYSTICK_Config  stm32f4xx_hal_cortex.o
    0x08004c04   0x08004c04   0x00000008   Code   RO         1377    .text.HAL_TIMEx_BreakCallback  stm32f4xx_hal_tim_ex.o
    0x08004c0c   0x08004c0c   0x00000008   Code   RO         1373    .text.HAL_TIMEx_CommutCallback  stm32f4xx_hal_tim_ex.o
    0x08004c14   0x08004c14   0x00000122   Code   RO         1367    .text.HAL_TIMEx_MasterConfigSynchronization  stm32f4xx_hal_tim_ex.o
    0x08004d36   0x08004d36   0x00000002   PAD
    0x08004d38   0x08004d38   0x0000009c   Code   RO         1054    .text.HAL_TIM_Base_Init  stm32f4xx_hal_tim.o
    0x08004dd4   0x08004dd4   0x00000208   Code   RO          263    .text.HAL_TIM_Base_MspInit  tim.o
    0x08004fdc   0x08004fdc   0x000000f6   Code   RO         1068    .text.HAL_TIM_Base_Start_IT  stm32f4xx_hal_tim.o
    0x080050d2   0x080050d2   0x00000002   PAD
    0x080050d4   0x080050d4   0x00000184   Code   RO         1246    .text.HAL_TIM_ConfigClockSource  stm32f4xx_hal_tim.o
    0x08005258   0x08005258   0x00000008   Code   RO         1190    .text.HAL_TIM_IC_CaptureCallback  stm32f4xx_hal_tim.o
    0x08005260   0x08005260   0x0000021a   Code   RO         1188    .text.HAL_TIM_IRQHandler  stm32f4xx_hal_tim.o
    0x0800547a   0x0800547a   0x00000002   PAD
    0x0800547c   0x0800547c   0x0000006a   Code   RO          253    .text.HAL_TIM_MspPostInit  tim.o
    0x080054e6   0x080054e6   0x00000002   PAD
    0x080054e8   0x080054e8   0x00000008   Code   RO         1192    .text.HAL_TIM_OC_DelayElapsedCallback  stm32f4xx_hal_tim.o
    0x080054f0   0x080054f0   0x00000142   Code   RO         1220    .text.HAL_TIM_PWM_ConfigChannel  stm32f4xx_hal_tim.o
    0x08005632   0x08005632   0x00000002   PAD
    0x08005634   0x08005634   0x0000009c   Code   RO         1108    .text.HAL_TIM_PWM_Init  stm32f4xx_hal_tim.o
    0x080056d0   0x080056d0   0x00000008   Code   RO         1110    .text.HAL_TIM_PWM_MspInit  stm32f4xx_hal_tim.o
    0x080056d8   0x080056d8   0x00000008   Code   RO         1194    .text.HAL_TIM_PWM_PulseFinishedCallback  stm32f4xx_hal_tim.o
    0x080056e0   0x080056e0   0x000001ca   Code   RO         1116    .text.HAL_TIM_PWM_Start  stm32f4xx_hal_tim.o
    0x080058aa   0x080058aa   0x00000002   PAD
    0x080058ac   0x080058ac   0x0000029c   Code   RO           93    .text.HAL_TIM_PeriodElapsedCallback  main.o
    0x08005b48   0x08005b48   0x00000008   Code   RO         1198    .text.HAL_TIM_TriggerCallback  stm32f4xx_hal_tim.o
    0x08005b50   0x08005b50   0x0000000c   Code   RO         1482    .text.HAL_UARTEx_RxEventCallback  stm32f4xx_hal_uart.o
    0x08005b5c   0x08005b5c   0x00000008   Code   RO         1460    .text.HAL_UART_AbortCpltCallback  stm32f4xx_hal_uart.o
    0x08005b64   0x08005b64   0x000001de   Code   RO         1454    .text.HAL_UART_Abort_IT  stm32f4xx_hal_uart.o
    0x08005d42   0x08005d42   0x00000002   PAD
    0x08005d44   0x08005d44   0x000000cc   Code   RO         1434    .text.HAL_UART_DMAStop  stm32f4xx_hal_uart.o
    0x08005e10   0x08005e10   0x00000008   Code   RO         1480    .text.HAL_UART_ErrorCallback  stm32f4xx_hal_uart.o
    0x08005e18   0x08005e18   0x0000045c   Code   RO         1474    .text.HAL_UART_IRQHandler  stm32f4xx_hal_uart.o
    0x08006274   0x08006274   0x0000009e   Code   RO         1390    .text.HAL_UART_Init  stm32f4xx_hal_uart.o
    0x08006312   0x08006312   0x00000002   PAD
    0x08006314   0x08006314   0x000005da   Code   RO          291    .text.HAL_UART_MspInit  usart.o
    0x080068ee   0x080068ee   0x00000002   PAD
    0x080068f0   0x080068f0   0x00000056   Code   RO         1426    .text.HAL_UART_Receive_DMA  stm32f4xx_hal_uart.o
    0x08006946   0x08006946   0x00000002   PAD
    0x08006948   0x08006948   0x00000008   Code   RO         1492    .text.HAL_UART_RxCpltCallback  stm32f4xx_hal_uart.o
    0x08006950   0x08006950   0x00000008   Code   RO         1494    .text.HAL_UART_RxHalfCpltCallback  stm32f4xx_hal_uart.o
    0x08006958   0x08006958   0x00000130   Code   RO         1406    .text.HAL_UART_Transmit  stm32f4xx_hal_uart.o
    0x08006a88   0x08006a88   0x000000fc   Code   RO         1418    .text.HAL_UART_Transmit_DMA  stm32f4xx_hal_uart.o
    0x08006b84   0x08006b84   0x00000008   Code   RO         1488    .text.HAL_UART_TxCpltCallback  stm32f4xx_hal_uart.o
    0x08006b8c   0x08006b8c   0x00000008   Code   RO         1490    .text.HAL_UART_TxHalfCpltCallback  stm32f4xx_hal_uart.o
    0x08006b94   0x08006b94   0x00000004   Code   RO          323    .text.HardFault_Handler  stm32f4xx_it.o
    0x08006b98   0x08006b98   0x00000102   Code   RO         1815    .text.IMU_UART_IRQHandler  hipnuc_dec.o
    0x08006c9a   0x08006c9a   0x00000002   PAD
    0x08006c9c   0x08006c9c   0x00000066   Code   RO         1813    .text.IMU_UART_Init  hipnuc_dec.o
    0x08006d02   0x08006d02   0x00000002   PAD
    0x08006d04   0x08006d04   0x0000004e   Code   RO          207    .text.MX_CAN1_Init  can.o
    0x08006d52   0x08006d52   0x00000002   PAD
    0x08006d54   0x08006d54   0x0000004e   Code   RO          209    .text.MX_CAN2_Init  can.o
    0x08006da2   0x08006da2   0x00000002   PAD
    0x08006da4   0x08006da4   0x000000de   Code   RO          225    .text.MX_DMA_Init   dma.o
    0x08006e82   0x08006e82   0x00000002   PAD
    0x08006e84   0x08006e84   0x00000176   Code   RO          199    .text.MX_GPIO_Init  gpio.o
    0x08006ffa   0x08006ffa   0x00000002   PAD
    0x08006ffc   0x08006ffc   0x0000004e   Code   RO          233    .text.MX_SPI1_Init  spi.o
    0x0800704a   0x0800704a   0x00000002   PAD
    0x0800704c   0x0800704c   0x00000086   Code   RO          247    .text.MX_TIM1_Init  tim.o
    0x080070d2   0x080070d2   0x00000002   PAD
    0x080070d4   0x080070d4   0x00000080   Code   RO          249    .text.MX_TIM2_Init  tim.o
    0x08007154   0x08007154   0x000000da   Code   RO          251    .text.MX_TIM3_Init  tim.o
    0x0800722e   0x0800722e   0x00000002   PAD
    0x08007230   0x08007230   0x00000084   Code   RO          255    .text.MX_TIM5_Init  tim.o
    0x080072b4   0x080072b4   0x0000005c   Code   RO          257    .text.MX_TIM6_Init  tim.o
    0x08007310   0x08007310   0x0000005a   Code   RO          259    .text.MX_TIM7_Init  tim.o
    0x0800736a   0x0800736a   0x00000002   PAD
    0x0800736c   0x0800736c   0x00000088   Code   RO          261    .text.MX_TIM8_Init  tim.o
    0x080073f4   0x080073f4   0x00000040   Code   RO          281    .text.MX_UART5_Init  usart.o
    0x08007434   0x08007434   0x00000040   Code   RO          283    .text.MX_USART1_UART_Init  usart.o
    0x08007474   0x08007474   0x00000040   Code   RO          285    .text.MX_USART2_UART_Init  usart.o
    0x080074b4   0x080074b4   0x00000040   Code   RO          287    .text.MX_USART3_UART_Init  usart.o
    0x080074f4   0x080074f4   0x0000004c   Code   RO          289    .text.MX_USART6_UART_Init  usart.o
    0x08007540   0x08007540   0x00000004   Code   RO          325    .text.MemManage_Handler  stm32f4xx_it.o
    0x08007544   0x08007544   0x00000024   Code   RO         1545    .text.Mini_PC_Init  communication.o
    0x08007568   0x08007568   0x000000e2   Code   RO         1547    .text.Mini_PC_SendData  communication.o
    0x0800764a   0x0800764a   0x00000002   PAD
    0x0800764c   0x0800764c   0x00000004   Code   RO          321    .text.NMI_Handler   stm32f4xx_it.o
    0x08007650   0x08007650   0x0000006c   Code   RO          781    .text.NVIC_EncodePriority  stm32f4xx_hal_cortex.o
    0x080076bc   0x080076bc   0x00000002   Code   RO          335    .text.PendSV_Handler  stm32f4xx_it.o
    0x080076be   0x080076be   0x00000002   PAD
    0x080076c0   0x080076c0   0x00000012   Code   RO         1835    .text.R4            hipnuc_dec.o
    0x080076d2   0x080076d2   0x00000002   PAD
    0x080076d4   0x080076d4   0x000000e4   Code   RO          953    .text.SPI_EndRxTransaction  stm32f4xx_hal_spi.o
    0x080077b8   0x080077b8   0x000000cc   Code   RO          947    .text.SPI_EndRxTxTransaction  stm32f4xx_hal_spi.o
    0x08007884   0x08007884   0x0000012c   Code   RO         1045    .text.SPI_WaitFlagStateUntilTimeout  stm32f4xx_hal_spi.o
    0x080079b0   0x080079b0   0x00000002   Code   RO          331    .text.SVC_Handler   stm32f4xx_it.o
    0x080079b2   0x080079b2   0x00000002   PAD
    0x080079b4   0x080079b4   0x00000052   Code   RO          797    .text.SysTick_Config  stm32f4xx_hal_cortex.o
    0x08007a06   0x08007a06   0x00000002   PAD
    0x08007a08   0x08007a08   0x00000008   Code   RO          337    .text.SysTick_Handler  stm32f4xx_it.o
    0x08007a10   0x08007a10   0x00000012   Code   RO         1521    .text.SystemInit    system_stm32f4xx.o
    0x08007a22   0x08007a22   0x00000002   PAD
    0x08007a24   0x08007a24   0x00000010   Code   RO          351    .text.TIM1_UP_TIM10_IRQHandler  stm32f4xx_it.o
    0x08007a34   0x08007a34   0x00000010   Code   RO          353    .text.TIM2_IRQHandler  stm32f4xx_it.o
    0x08007a44   0x08007a44   0x00000010   Code   RO          367    .text.TIM5_IRQHandler  stm32f4xx_it.o
    0x08007a54   0x08007a54   0x00000010   Code   RO          371    .text.TIM6_DAC_IRQHandler  stm32f4xx_it.o
    0x08007a64   0x08007a64   0x00000010   Code   RO          373    .text.TIM7_IRQHandler  stm32f4xx_it.o
    0x08007a74   0x08007a74   0x00000010   Code   RO          361    .text.TIM8_BRK_TIM12_IRQHandler  stm32f4xx_it.o
    0x08007a84   0x08007a84   0x00000010   Code   RO          363    .text.TIM8_UP_TIM13_IRQHandler  stm32f4xx_it.o
    0x08007a94   0x08007a94   0x000001a4   Code   RO         1058    .text.TIM_Base_SetConfig  stm32f4xx_hal_tim.o
    0x08007c38   0x08007c38   0x00000036   Code   RO         1092    .text.TIM_CCxChannelCmd  stm32f4xx_hal_tim.o
    0x08007c6e   0x08007c6e   0x00000002   PAD
    0x08007c70   0x08007c70   0x00000034   Code   RO         1244    .text.TIM_ETR_SetConfig  stm32f4xx_hal_tim.o
    0x08007ca4   0x08007ca4   0x0000002a   Code   RO         1250    .text.TIM_ITRx_SetConfig  stm32f4xx_hal_tim.o
    0x08007cce   0x08007cce   0x00000002   PAD
    0x08007cd0   0x08007cd0   0x000000ea   Code   RO         1202    .text.TIM_OC1_SetConfig  stm32f4xx_hal_tim.o
    0x08007dba   0x08007dba   0x00000002   PAD
    0x08007dbc   0x08007dbc   0x000000f4   Code   RO         1204    .text.TIM_OC2_SetConfig  stm32f4xx_hal_tim.o
    0x08007eb0   0x08007eb0   0x000000f2   Code   RO         1206    .text.TIM_OC3_SetConfig  stm32f4xx_hal_tim.o
    0x08007fa2   0x08007fa2   0x00000002   PAD
    0x08007fa4   0x08007fa4   0x000000a4   Code   RO         1208    .text.TIM_OC4_SetConfig  stm32f4xx_hal_tim.o
    0x08008048   0x08008048   0x00000050   Code   RO         1248    .text.TIM_TI1_ConfigInputStage  stm32f4xx_hal_tim.o
    0x08008098   0x08008098   0x00000052   Code   RO         1252    .text.TIM_TI2_ConfigInputStage  stm32f4xx_hal_tim.o
    0x080080ea   0x080080ea   0x00000002   PAD
    0x080080ec   0x080080ec   0x00000014   Code   RO         1823    .text.U2            hipnuc_dec.o
    0x08008100   0x08008100   0x00000010   Code   RO         1833    .text.U4            hipnuc_dec.o
    0x08008110   0x08008110   0x00000010   Code   RO          369    .text.UART5_IRQHandler  stm32f4xx_it.o
    0x08008120   0x08008120   0x0000001c   Code   RO         1478    .text.UART_DMAAbortOnError  stm32f4xx_hal_uart.o
    0x0800813c   0x0800813c   0x0000007c   Code   RO         1424    .text.UART_DMAError  stm32f4xx_hal_uart.o
    0x080081b8   0x080081b8   0x000000f4   Code   RO         1510    .text.UART_DMAReceiveCplt  stm32f4xx_hal_uart.o
    0x080082ac   0x080082ac   0x00000056   Code   RO         1458    .text.UART_DMARxAbortCallback  stm32f4xx_hal_uart.o
    0x08008302   0x08008302   0x00000002   PAD
    0x08008304   0x08008304   0x00000034   Code   RO         1512    .text.UART_DMARxHalfCplt  stm32f4xx_hal_uart.o
    0x08008338   0x08008338   0x0000007a   Code   RO         1420    .text.UART_DMATransmitCplt  stm32f4xx_hal_uart.o
    0x080083b2   0x080083b2   0x00000002   PAD
    0x080083b4   0x080083b4   0x00000056   Code   RO         1456    .text.UART_DMATxAbortCallback  stm32f4xx_hal_uart.o
    0x0800840a   0x0800840a   0x00000002   PAD
    0x0800840c   0x0800840c   0x00000016   Code   RO         1422    .text.UART_DMATxHalfCplt  stm32f4xx_hal_uart.o
    0x08008422   0x08008422   0x00000002   PAD
    0x08008424   0x08008424   0x00000094   Code   RO         1438    .text.UART_EndRxTransfer  stm32f4xx_hal_uart.o
    0x080084b8   0x080084b8   0x00000026   Code   RO         1486    .text.UART_EndTransmit_IT  stm32f4xx_hal_uart.o
    0x080084de   0x080084de   0x00000002   PAD
    0x080084e0   0x080084e0   0x00000036   Code   RO         1436    .text.UART_EndTxTransfer  stm32f4xx_hal_uart.o
    0x08008516   0x08008516   0x00000002   PAD
    0x08008518   0x08008518   0x00000168   Code   RO         1476    .text.UART_Receive_IT  stm32f4xx_hal_uart.o
    0x08008680   0x08008680   0x0000013a   Code   RO         1394    .text.UART_SetConfig  stm32f4xx_hal_uart.o
    0x080087ba   0x080087ba   0x00000002   PAD
    0x080087bc   0x080087bc   0x00000130   Code   RO         1428    .text.UART_Start_Receive_DMA  stm32f4xx_hal_uart.o
    0x080088ec   0x080088ec   0x00000094   Code   RO         1484    .text.UART_Transmit_IT  stm32f4xx_hal_uart.o
    0x08008980   0x08008980   0x000000da   Code   RO         1408    .text.UART_WaitOnFlagUntilTimeout  stm32f4xx_hal_uart.o
    0x08008a5a   0x08008a5a   0x00000002   PAD
    0x08008a5c   0x08008a5c   0x00000144   Code   RO          355    .text.USART1_IRQHandler  stm32f4xx_it.o
    0x08008ba0   0x08008ba0   0x00000250   Code   RO          357    .text.USART2_IRQHandler  stm32f4xx_it.o
    0x08008df0   0x08008df0   0x0000001c   Code   RO          359    .text.USART3_IRQHandler  stm32f4xx_it.o
    0x08008e0c   0x08008e0c   0x0000001c   Code   RO          381    .text.USART6_IRQHandler  stm32f4xx_it.o
    0x08008e28   0x08008e28   0x00000004   Code   RO          329    .text.UsageFault_Handler  stm32f4xx_it.o
    0x08008e2c   0x08008e2c   0x00000008   Code   RO         1902    .text._GLOBAL__sub_I_DM.cpp  dm.o
    0x08008e34   0x08008e34   0x00000008   Code   RO         1989    .text._GLOBAL__sub_I_PID.cpp  pid.o
    0x08008e3c   0x08008e3c   0x0000001c   Code   RO         2041    .text._GLOBAL__sub_I_Pitch.cpp  pitch.o
    0x08008e58   0x08008e58   0x00000008   Code   RO         1923    .text._GLOBAL__sub_I_RM.cpp  rm.o
    0x08008e60   0x08008e60   0x00000008   Code   RO         1956    .text._GLOBAL__sub_I_RMD.cpp  rmd.o
    0x08008e68   0x08008e68   0x00000008   Code   RO         1754    .text._GLOBAL__sub_I_RM_Lib.cpp  rm_lib.o
    0x08008e70   0x08008e70   0x0000003c   Code   RO         2111    .text._GLOBAL__sub_I_Shoot.cpp  shoot.o
    0x08008eac   0x08008eac   0x0000002c   Code   RO         2173    .text._GLOBAL__sub_I_Yaw.cpp  yaw.o
    0x08008ed8   0x08008ed8   0x00000008   Code   RO         1563    .text._GLOBAL__sub_I_communication.c  communication.o
    0x08008ee0   0x08008ee0   0x00000084   Code   RO           99    .text._GLOBAL__sub_I_main.c  main.o
    0x08008f64   0x08008f64   0x00000008   Code   RO          383    .text._GLOBAL__sub_I_stm32f4xx_it.c  stm32f4xx_it.o
    0x08008f6c   0x08008f6c   0x0000013c   Code   RO           85    .text._Z10start_dealv  main.o
    0x080090a8   0x080090a8   0x000002b0   Code   RO           81    .text._Z12jianshu_dealv  main.o
    0x08009358   0x08009358   0x000000e8   Code   RO          319    .text._Z13ZM_Angle_Dealfff  stm32f4xx_it.o
    0x08009440   0x08009440   0x0000008e   Code   RO         1888    .text._Z13float_to_uintfffi  dm.o
    0x080094ce   0x080094ce   0x00000002   PAD
    0x080094d0   0x080094d0   0x00000052   Code   RO         1890    .text._Z13uint_to_floatiffi  dm.o
    0x08009522   0x08009522   0x00000002   PAD
    0x08009524   0x08009524   0x000000ba   Code   RO           89    .text._Z18SystemClock_Configv  main.o
    0x080095de   0x080095de   0x00000002   PAD
    0x080095e0   0x080095e0   0x0000020e   Code   RO           79    .text._Z21can2_communicate_dealv  main.o
    0x080097ee   0x080097ee   0x00000002   PAD
    0x080097f0   0x080097f0   0x0000005a   Code   RO         1694    .text._Z7inVSqrtf   rm_lib.o
    0x0800984a   0x0800984a   0x00000002   PAD
    0x0800984c   0x0800984c   0x00000308   Code   RO           77    .text._Z9MODE_DEALv  main.o
    0x08009b54   0x08009b54   0x00000058   Code   RO         1539    .text._Z9get_crc16PKhj  communication.o
    0x08009bac   0x08009bac   0x00000038   Code   RO         1561    .text._ZL11AssignBytesPVhPVKhjj  communication.o
    0x08009be4   0x08009be4   0x0000001a   Code   RO         1559    .text._ZL11UnpackFloatPVKhjPV12FloatBytes_t  communication.o
    0x08009bfe   0x08009bfe   0x00000002   PAD
    0x08009c00   0x08009c00   0x0000007c   Code   RO         2097    .text._ZL12ramp_towardsfff  shoot.o
    0x08009c7c   0x08009c7c   0x00000064   Code   RO         1553    .text._ZL15UnpackFloatSafePVKhjPV12FloatBytes_t  communication.o
    0x08009ce0   0x08009ce0   0x00000068   Code   RO         1551    .text._ZL18UnpackFloatSafe_ZmPVKhjPV12FloatBytes_tf  communication.o
    0x08009d48   0x08009d48   0x00000026   Code   RO           83    .text._ZL18__NVIC_SystemResetv  main.o
    0x08009d6e   0x08009d6e   0x00000002   PAD
    0x08009d70   0x08009d70   0x0000005a   Code   RO         1722    .text._ZN10Vision_LPF22Vision_Low_Pass_FilterEf  rm_lib.o
    0x08009dca   0x08009dca   0x00000002   PAD
    0x08009dcc   0x08009dcc   0x000000a6   Code   RO         1720    .text._ZN10Vision_LPF27Vision_Low_Pass_Filter_InitEv  rm_lib.o
    0x08009e72   0x08009e72   0x00000002   PAD
    0x08009e74   0x08009e74   0x00000026   Code   RO          188    .text._ZN10Vision_LPFC2Efff  main.o
    0x08009e9a   0x08009e9a   0x00000002   PAD
    0x08009e9c   0x08009e9c   0x00000060   Code   RO          196    .text._ZN18UpDown_check_class6updataEb  main.o
    0x08009efc   0x08009efc   0x00000018   Code   RO          192    .text._ZN18UpDown_check_classC2Eb  main.o
    0x08009f14   0x08009f14   0x000000aa   Code   RO          409    .text._ZN25YKStateTransitionDetector17getTransitionTypeEtt  stm32f4xx_it.o
    0x08009fbe   0x08009fbe   0x00000002   PAD
    0x08009fc0   0x08009fc0   0x0000004c   Code   RO          407    .text._ZN25YKStateTransitionDetector6updateEt  stm32f4xx_it.o
    0x0800a00c   0x0800a00c   0x00000014   Code   RO          194    .text._ZN25YKStateTransitionDetectorC2Et  main.o
    0x0800a020   0x0800a020   0x000002b4   Code   RO         2107    .text._ZN2BP11BP_time_outEv  shoot.o
    0x0800a2d4   0x0800a2d4   0x000000c4   Code   RO         2103    .text._ZN2BP14BP_while_layerEv  shoot.o
    0x0800a398   0x0800a398   0x00000034   Code   RO         2141    .text._ZN2BP6EnergyC2Ev  shoot.o
    0x0800a3cc   0x0800a3cc   0x00000004   PAD
    0x0800a3d0   0x0800a3d0   0x00000870   Code   RO         2109    .text._ZN2BP7BP_dealEhh  shoot.o
    0x0800ac40   0x0800ac40   0x00000068   Code   RO         2139    .text._ZN2BPC2Ev    shoot.o
    0x0800aca8   0x0800aca8   0x00000098   Code   RO         1624    .text._ZN2RC13DT16_set_zeroEv  rm_lib.o
    0x0800ad40   0x0800ad40   0x00000030   Code   RO         1650    .text._ZN2RC13Pressed_CheckEt  rm_lib.o
    0x0800ad70   0x0800ad70   0x000000fa   Code   RO         1632    .text._ZN2RC13VT13_set_zeroEv  rm_lib.o
    0x0800ae6a   0x0800ae6a   0x00000002   PAD
    0x0800ae6c   0x0800ae6c   0x000000c8   Code   RO         1638    .text._ZN2RC14DT16_data_dealEv  rm_lib.o
    0x0800af34   0x0800af34   0x000002a8   Code   RO         1646    .text._ZN2RC14VT13_data_dealEv  rm_lib.o
    0x0800b1dc   0x0800b1dc   0x0000003e   Code   RO         1622    .text._ZN2RC17DT16_watchdog_runEv  rm_lib.o
    0x0800b21a   0x0800b21a   0x00000002   PAD
    0x0800b21c   0x0800b21c   0x00000038   Code   RO         1628    .text._ZN2RC17VT13_watchdog_runEv  rm_lib.o
    0x0800b254   0x0800b254   0x00000010   Code   RO         1779    .text._ZN2RC18DT16_feed_watchdogEv  rm_lib.o
    0x0800b264   0x0800b264   0x00000010   Code   RO         1781    .text._ZN2RC18VT13_feed_watchdogEv  rm_lib.o
    0x0800b274   0x0800b274   0x00000058   Code   RO         1636    .text._ZN2RC19DT16_check_and_dealEv  rm_lib.o
    0x0800b2cc   0x0800b2cc   0x00000060   Code   RO         1644    .text._ZN2RC19VT13_check_and_dealEv  rm_lib.o
    0x0800b32c   0x0800b32c   0x00000082   Code   RO         1634    .text._ZN2RC22DT16_RxCplt_IRQHandlerEv  rm_lib.o
    0x0800b3ae   0x0800b3ae   0x00000002   PAD
    0x0800b3b0   0x0800b3b0   0x00000084   Code   RO         1642    .text._ZN2RC22VT13_RxCplt_IRQHandlerEv  rm_lib.o
    0x0800b434   0x0800b434   0x00000072   Code   RO         1626    .text._ZN2RC9DT16_InitEv  rm_lib.o
    0x0800b4a6   0x0800b4a6   0x00000002   PAD
    0x0800b4a8   0x0800b4a8   0x0000006e   Code   RO         1630    .text._ZN2RC9VT13_InitEv  rm_lib.o
    0x0800b516   0x0800b516   0x00000002   PAD
    0x0800b518   0x0800b518   0x000000e4   Code   RO         1640    .text._ZN2RC9fill_dataEv  rm_lib.o
    0x0800b5fc   0x0800b5fc   0x0000001e   Code   RO          190    .text._ZN2RCC2EP20__UART_HandleTypeDefS1_  main.o
    0x0800b61a   0x0800b61a   0x00000002   PAD
    0x0800b61c   0x0800b61c   0x00000026   Code   RO           13    .text._ZN3$_0C2Ev   main.o
    0x0800b642   0x0800b642   0x00000002   PAD
    0x0800b644   0x0800b644   0x00000026   Code   RO          317    .text._ZN3$_0C2Ev   stm32f4xx_it.o
    0x0800b66a   0x0800b66a   0x00000002   PAD
    0x0800b66c   0x0800b66c   0x00000026   Code   RO         1537    .text._ZN3$_0C2Ev   communication.o
    0x0800b692   0x0800b692   0x00000002   PAD
    0x0800b694   0x0800b694   0x00000026   Code   RO         1586    .text._ZN3$_0C2Ev   rm_lib.o
    0x0800b6ba   0x0800b6ba   0x00000002   PAD
    0x0800b6bc   0x0800b6bc   0x00000026   Code   RO         1880    .text._ZN3$_0C2Ev   dm.o
    0x0800b6e2   0x0800b6e2   0x00000002   PAD
    0x0800b6e4   0x0800b6e4   0x00000026   Code   RO         1915    .text._ZN3$_0C2Ev   rm.o
    0x0800b70a   0x0800b70a   0x00000002   PAD
    0x0800b70c   0x0800b70c   0x00000026   Code   RO         1936    .text._ZN3$_0C2Ev   rmd.o
    0x0800b732   0x0800b732   0x00000002   PAD
    0x0800b734   0x0800b734   0x00000026   Code   RO         1969    .text._ZN3$_0C2Ev   pid.o
    0x0800b75a   0x0800b75a   0x00000002   PAD
    0x0800b75c   0x0800b75c   0x00000026   Code   RO         2025    .text._ZN3$_0C2Ev   pitch.o
    0x0800b782   0x0800b782   0x00000002   PAD
    0x0800b784   0x0800b784   0x00000026   Code   RO         2063    .text._ZN3$_0C2Ev   shoot.o
    0x0800b7aa   0x0800b7aa   0x00000002   PAD
    0x0800b7ac   0x0800b7ac   0x00000026   Code   RO         2147    .text._ZN3$_0C2Ev   yaw.o
    0x0800b7d2   0x0800b7d2   0x00000002   PAD
    0x0800b7d4   0x0800b7d4   0x000000ce   Code   RO         2093    .text._ZN3MCL15MCL_while_layerEh  shoot.o
    0x0800b8a2   0x0800b8a2   0x00000002   PAD
    0x0800b8a4   0x0800b8a4   0x00000340   Code   RO         2095    .text._ZN3MCL8MCL_dealEh  shoot.o
    0x0800bbe4   0x0800bbe4   0x00000028   Code   RO         2137    .text._ZN3MCLC2Ev   shoot.o
    0x0800bc0c   0x0800bc0c   0x000001b4   Code   RO         2005    .text._ZN3SMC14SMC_AngleSpeedEfffff  smc.o
    0x0800bdc0   0x0800bdc0   0x00000064   Code   RO         2016    .text._ZN3SMC7Sat_NewEff  smc.o
    0x0800be24   0x0800be24   0x0000004a   Code   RO         2192    .text._ZN3SMCC2Effffffff  yaw.o
    0x0800be6e   0x0800be6e   0x00000002   PAD
    0x0800be70   0x0800be70   0x00000030   Code   RO         2169    .text._ZN3YAW10set_SMCrefEf  yaw.o
    0x0800bea0   0x0800bea0   0x0000001a   Code   RO         2171    .text._ZN3YAW13set_Yaw_AngleEf  yaw.o
    0x0800beba   0x0800beba   0x00000006   PAD
    0x0800bec0   0x0800bec0   0x00000380   Code   RO         2167    .text._ZN3YAW17Yaw_Out_InterfaceEh  yaw.o
    0x0800c240   0x0800c240   0x00000018   Code   RO         2194    .text._ZN3YAWC2Ev   yaw.o
    0x0800c258   0x0800c258   0x0000001a   Code   RO         2039    .text._ZN5PITCH16set_Pitch_TargetEf  pitch.o
    0x0800c272   0x0800c272   0x00000006   PAD
    0x0800c278   0x0800c278   0x00000360   Code   RO         2037    .text._ZN5PITCH19Pitch_Out_InterfaceEh  pitch.o
    0x0800c5d8   0x0800c5d8   0x0000001a   Code   RO         2058    .text._ZN5PITCHC2Ev  pitch.o
    0x0800c5f2   0x0800c5f2   0x00000002   PAD
    0x0800c5f4   0x0800c5f4   0x00000434   Code   RO         1706    .text._ZN6BMI08811BMI088_AHRSEffffff  rm_lib.o
    0x0800ca28   0x0800ca28   0x00000240   Code   RO         1712    .text._ZN6BMI08813Analyse_speedEv  rm_lib.o
    0x0800cc68   0x0800cc68   0x0000001c   Code   RO         1791    .text._ZN6BMI08813BMI088_SPI_ONEP12GPIO_TypeDeft  rm_lib.o
    0x0800cc84   0x0800cc84   0x0000001c   Code   RO         1793    .text._ZN6BMI08814BMI088_SPI_OFFEP12GPIO_TypeDeft  rm_lib.o
    0x0800cca0   0x0800cca0   0x0000006c   Code   RO         1688    .text._ZN6BMI08815BMI088_read_AccEhhPh  rm_lib.o
    0x0800cd0c   0x0800cd0c   0x0000006a   Code   RO         1682    .text._ZN6BMI08816BMI088_readBytesEP12GPIO_TypeDefthhPh  rm_lib.o
    0x0800cd76   0x0800cd76   0x00000002   PAD
    0x0800cd78   0x0800cd78   0x00000032   Code   RO         1690    .text._ZN6BMI08816BMI088_read_GyroEhhPh  rm_lib.o
    0x0800cdaa   0x0800cdaa   0x00000002   PAD
    0x0800cdac   0x0800cdac   0x00000068   Code   RO         1680    .text._ZN6BMI08816BMI088_writeByteEP12GPIO_TypeDefthh  rm_lib.o
    0x0800ce14   0x0800ce14   0x0000002a   Code   RO         1684    .text._ZN6BMI08816BMI088_write_AccEhh  rm_lib.o
    0x0800ce3e   0x0800ce3e   0x00000002   PAD
    0x0800ce40   0x0800ce40   0x000000cc   Code   RO         1702    .text._ZN6BMI08817BMI088_New_updateEv  rm_lib.o
    0x0800cf0c   0x0800cf0c   0x0000002a   Code   RO         1686    .text._ZN6BMI08817BMI088_write_GyroEhh  rm_lib.o
    0x0800cf36   0x0800cf36   0x00000002   PAD
    0x0800cf38   0x0800cf38   0x000001ac   Code   RO         1708    .text._ZN6BMI08817QuatToEulerAnglesEv  rm_lib.o
    0x0800d0e4   0x0800d0e4   0x00000164   Code   RO         1710    .text._ZN6BMI08818BMI_CrossRound_errEv  rm_lib.o
    0x0800d248   0x0800d248   0x000000ac   Code   RO         1698    .text._ZN6BMI08820low_pass_filter_initEv  rm_lib.o
    0x0800d2f4   0x0800d2f4   0x0000028e   Code   RO         1696    .text._ZN6BMI0884InitEv  rm_lib.o
    0x0800d582   0x0800d582   0x00000002   PAD
    0x0800d584   0x0800d584   0x0000003c   Code   RO         1714    .text._ZN6BMI0887analyseEv  rm_lib.o
    0x0800d5c0   0x0800d5c0   0x00000026   Code   RO         1692    .text._ZN6BMI0888set_zeroEv  rm_lib.o
    0x0800d5e6   0x0800d5e6   0x00000002   PAD
    0x0800d5e8   0x0800d5e8   0x00000508   Code   RO         1704    .text._ZN6BMI0889getValuesEv  rm_lib.o
    0x0800daf0   0x0800daf0   0x000000a8   Code   RO          186    .text._ZN6BMI088C2EP19__SPI_HandleTypeDefP17TIM_HandleTypeDefP12GPIO_TypeDeftS5_ttf23BMI088_GyroRangeTypeDef22BMI088_AccRangeTypeDef  main.o
    0x0800db98   0x0800db98   0x00000142   Code   RO         1892    .text._ZN8MOTOR_DM6DM_MITEtfffff  dm.o
    0x0800dcda   0x0800dcda   0x00000002   PAD
    0x0800dcdc   0x0800dcdc   0x00000064   Code   RO         1882    .text._ZN8MOTOR_DM8DM_StartEt  dm.o
    0x0800dd40   0x0800dd40   0x000000e0   Code   RO         1900    .text._ZN8MOTOR_DM9DM_updateEv  dm.o
    0x0800de20   0x0800de20   0x00000070   Code   RO          184    .text._ZN8MOTOR_DMC2EtP8USER_CAN  main.o
    0x0800de90   0x0800de90   0x00000090   Code   RO         1919    .text._ZN8MOTOR_RM15update_mang_infEv  rm.o
    0x0800df20   0x0800df20   0x0000006c   Code   RO         1917    .text._ZN8MOTOR_RM6updateEv  rm.o
    0x0800df8c   0x0800df8c   0x0000001a   Code   RO          182    .text._ZN8MOTOR_RMC2EtP8USER_CAN  main.o
    0x0800dfa6   0x0800dfa6   0x00000002   PAD
    0x0800dfa8   0x0800dfa8   0x000000bc   Code   RO         1588    .text._ZN8USER_CAN4InitEtt  rm_lib.o
    0x0800e064   0x0800e064   0x00000038   Code   RO         1590    .text._ZN8USER_CAN4SendEtPh  rm_lib.o
    0x0800e09c   0x0800e09c   0x0000004e   Code   RO         1596    .text._ZN8USER_CAN7ReceiveEP17CAN_HandleTypeDef  rm_lib.o
    0x0800e0ea   0x0800e0ea   0x00000002   PAD
    0x0800e0ec   0x0800e0ec   0x00000076   Code   RO         1592    .text._ZN8USER_CAN7Send_RMEtssss  rm_lib.o
    0x0800e162   0x0800e162   0x00000002   PAD
    0x0800e164   0x0800e164   0x00000020   Code   RO          180    .text._ZN8USER_CANC2EP17CAN_HandleTypeDefb  main.o
    0x0800e184   0x0800e184   0x000002b0   Code   RO         1981    .text._ZN9PID_class13PID_update_LPEfff  pid.o
    0x0800e434   0x0800e434   0x00000194   Code   RO         1975    .text._ZN9PID_class14PID_new_updateEff  pid.o
    0x0800e5c8   0x0800e5c8   0x000000b8   Code   RO         1983    .text._ZN9PID_class15low_pass_filterEff  pid.o
    0x0800e680   0x0800e680   0x00000072   Code   RO         2056    .text._ZN9PID_classC2Efffffffff  pitch.o
    0x0800e6f2   0x0800e6f2   0x0000000c   Code   RO         2627    .text._ZSt15get_new_handlerv  libcppabi_w.l(cxa_handlers.cpp.o)
    0x0800e6fe   0x0800e6fe   0x00000002   PAD
    0x0800e700   0x0800e700   0x00000026   Code   RO         2267    .text._Znwj         libcpp_w.l(new.cpp.o)
    0x0800e726   0x0800e726   0x00000002   PAD
    0x0800e728   0x0800e728   0x00000030   Code   RO          785    .text.__NVIC_EnableIRQ  stm32f4xx_hal_cortex.o
    0x0800e758   0x0800e758   0x00000010   Code   RO          777    .text.__NVIC_GetPriorityGrouping  stm32f4xx_hal_cortex.o
    0x0800e768   0x0800e768   0x00000042   Code   RO          779    .text.__NVIC_SetPriority  stm32f4xx_hal_cortex.o
    0x0800e7aa   0x0800e7aa   0x00000002   PAD
    0x0800e7ac   0x0800e7ac   0x0000003c   Code   RO          773    .text.__NVIC_SetPriorityGrouping  stm32f4xx_hal_cortex.o
    0x0800e7e8   0x0800e7e8   0x00000010   Code   RO           11    .text.__cxx_global_var_init  main.o
    0x0800e7f8   0x0800e7f8   0x00000010   Code   RO          315    .text.__cxx_global_var_init  stm32f4xx_it.o
    0x0800e808   0x0800e808   0x00000010   Code   RO         1535    .text.__cxx_global_var_init  communication.o
    0x0800e818   0x0800e818   0x00000010   Code   RO         1584    .text.__cxx_global_var_init  rm_lib.o
    0x0800e828   0x0800e828   0x00000010   Code   RO         1878    .text.__cxx_global_var_init  dm.o
    0x0800e838   0x0800e838   0x00000010   Code   RO         1913    .text.__cxx_global_var_init  rm.o
    0x0800e848   0x0800e848   0x00000010   Code   RO         1934    .text.__cxx_global_var_init  rmd.o
    0x0800e858   0x0800e858   0x00000010   Code   RO         1967    .text.__cxx_global_var_init  pid.o
    0x0800e868   0x0800e868   0x00000010   Code   RO         2023    .text.__cxx_global_var_init  pitch.o
    0x0800e878   0x0800e878   0x00000010   Code   RO         2061    .text.__cxx_global_var_init  shoot.o
    0x0800e888   0x0800e888   0x00000010   Code   RO         2145    .text.__cxx_global_var_init  yaw.o
    0x0800e898   0x0800e898   0x0000001a   Code   RO           15    .text.__cxx_global_var_init.1  main.o
    0x0800e8b2   0x0800e8b2   0x00000002   PAD
    0x0800e8b4   0x0800e8b4   0x0000003c   Code   RO         2027    .text.__cxx_global_var_init.1  pitch.o
    0x0800e8f0   0x0800e8f0   0x0000003c   Code   RO         2065    .text.__cxx_global_var_init.1  shoot.o
    0x0800e92c   0x0800e92c   0x00000012   Code   RO         2149    .text.__cxx_global_var_init.1  yaw.o
    0x0800e93e   0x0800e93e   0x00000002   PAD
    0x0800e940   0x0800e940   0x00000024   Code   RO           33    .text.__cxx_global_var_init.10  main.o
    0x0800e964   0x0800e964   0x00000012   Code   RO         2083    .text.__cxx_global_var_init.10  shoot.o
    0x0800e976   0x0800e976   0x00000002   PAD
    0x0800e978   0x0800e978   0x00000024   Code   RO           35    .text.__cxx_global_var_init.11  main.o
    0x0800e99c   0x0800e99c   0x00000012   Code   RO         2085    .text.__cxx_global_var_init.11  shoot.o
    0x0800e9ae   0x0800e9ae   0x00000002   PAD
    0x0800e9b0   0x0800e9b0   0x00000024   Code   RO           37    .text.__cxx_global_var_init.12  main.o
    0x0800e9d4   0x0800e9d4   0x00000020   Code   RO         2087    .text.__cxx_global_var_init.12  shoot.o
    0x0800e9f4   0x0800e9f4   0x00000024   Code   RO           39    .text.__cxx_global_var_init.13  main.o
    0x0800ea18   0x0800ea18   0x00000020   Code   RO         2089    .text.__cxx_global_var_init.13  shoot.o
    0x0800ea38   0x0800ea38   0x00000024   Code   RO           41    .text.__cxx_global_var_init.14  main.o
    0x0800ea5c   0x0800ea5c   0x00000024   Code   RO           43    .text.__cxx_global_var_init.15  main.o
    0x0800ea80   0x0800ea80   0x00000020   Code   RO           45    .text.__cxx_global_var_init.16  main.o
    0x0800eaa0   0x0800eaa0   0x00000012   Code   RO           47    .text.__cxx_global_var_init.17  main.o
    0x0800eab2   0x0800eab2   0x00000002   PAD
    0x0800eab4   0x0800eab4   0x00000012   Code   RO           49    .text.__cxx_global_var_init.18  main.o
    0x0800eac6   0x0800eac6   0x00000002   PAD
    0x0800eac8   0x0800eac8   0x00000012   Code   RO           51    .text.__cxx_global_var_init.19  main.o
    0x0800eada   0x0800eada   0x00000002   PAD
    0x0800eadc   0x0800eadc   0x0000001a   Code   RO           17    .text.__cxx_global_var_init.2  main.o
    0x0800eaf6   0x0800eaf6   0x00000002   PAD
    0x0800eaf8   0x0800eaf8   0x00000040   Code   RO         2029    .text.__cxx_global_var_init.2  pitch.o
    0x0800eb38   0x0800eb38   0x0000003c   Code   RO         2067    .text.__cxx_global_var_init.2  shoot.o
    0x0800eb74   0x0800eb74   0x00000044   Code   RO         2151    .text.__cxx_global_var_init.2  yaw.o
    0x0800ebb8   0x0800ebb8   0x00000012   Code   RO           53    .text.__cxx_global_var_init.20  main.o
    0x0800ebca   0x0800ebca   0x00000002   PAD
    0x0800ebcc   0x0800ebcc   0x00000012   Code   RO           55    .text.__cxx_global_var_init.21  main.o
    0x0800ebde   0x0800ebde   0x00000002   PAD
    0x0800ebe0   0x0800ebe0   0x00000012   Code   RO           57    .text.__cxx_global_var_init.22  main.o
    0x0800ebf2   0x0800ebf2   0x00000002   PAD
    0x0800ebf4   0x0800ebf4   0x00000012   Code   RO           59    .text.__cxx_global_var_init.23  main.o
    0x0800ec06   0x0800ec06   0x00000002   PAD
    0x0800ec08   0x0800ec08   0x00000012   Code   RO           61    .text.__cxx_global_var_init.24  main.o
    0x0800ec1a   0x0800ec1a   0x00000002   PAD
    0x0800ec1c   0x0800ec1c   0x00000012   Code   RO           63    .text.__cxx_global_var_init.25  main.o
    0x0800ec2e   0x0800ec2e   0x00000002   PAD
    0x0800ec30   0x0800ec30   0x00000012   Code   RO           65    .text.__cxx_global_var_init.26  main.o
    0x0800ec42   0x0800ec42   0x00000002   PAD
    0x0800ec44   0x0800ec44   0x00000012   Code   RO           67    .text.__cxx_global_var_init.27  main.o
    0x0800ec56   0x0800ec56   0x00000002   PAD
    0x0800ec58   0x0800ec58   0x00000012   Code   RO           69    .text.__cxx_global_var_init.28  main.o
    0x0800ec6a   0x0800ec6a   0x00000002   PAD
    0x0800ec6c   0x0800ec6c   0x00000012   Code   RO           71    .text.__cxx_global_var_init.29  main.o
    0x0800ec7e   0x0800ec7e   0x00000002   PAD
    0x0800ec80   0x0800ec80   0x0000001c   Code   RO           19    .text.__cxx_global_var_init.3  main.o
    0x0800ec9c   0x0800ec9c   0x0000003c   Code   RO         2031    .text.__cxx_global_var_init.3  pitch.o
    0x0800ecd8   0x0800ecd8   0x0000003c   Code   RO         2069    .text.__cxx_global_var_init.3  shoot.o
    0x0800ed14   0x0800ed14   0x00000044   Code   RO         2153    .text.__cxx_global_var_init.3  yaw.o
    0x0800ed58   0x0800ed58   0x00000012   Code   RO           73    .text.__cxx_global_var_init.30  main.o
    0x0800ed6a   0x0800ed6a   0x00000002   PAD
    0x0800ed6c   0x0800ed6c   0x00000012   Code   RO           75    .text.__cxx_global_var_init.31  main.o
    0x0800ed7e   0x0800ed7e   0x00000002   PAD
    0x0800ed80   0x0800ed80   0x0000001c   Code   RO           21    .text.__cxx_global_var_init.4  main.o
    0x0800ed9c   0x0800ed9c   0x00000048   Code   RO         2033    .text.__cxx_global_var_init.4  pitch.o
    0x0800ede4   0x0800ede4   0x00000044   Code   RO         2071    .text.__cxx_global_var_init.4  shoot.o
    0x0800ee28   0x0800ee28   0x00000044   Code   RO         2155    .text.__cxx_global_var_init.4  yaw.o
    0x0800ee6c   0x0800ee6c   0x0000001c   Code   RO           23    .text.__cxx_global_var_init.5  main.o
    0x0800ee88   0x0800ee88   0x00000020   Code   RO         2035    .text.__cxx_global_var_init.5  pitch.o
    0x0800eea8   0x0800eea8   0x0000003c   Code   RO         2073    .text.__cxx_global_var_init.5  shoot.o
    0x0800eee4   0x0800eee4   0x00000040   Code   RO         2157    .text.__cxx_global_var_init.5  yaw.o
    0x0800ef24   0x0800ef24   0x0000001c   Code   RO           25    .text.__cxx_global_var_init.6  main.o
    0x0800ef40   0x0800ef40   0x00000040   Code   RO         2075    .text.__cxx_global_var_init.6  shoot.o
    0x0800ef80   0x0800ef80   0x0000003c   Code   RO         2159    .text.__cxx_global_var_init.6  yaw.o
    0x0800efbc   0x0800efbc   0x0000001a   Code   RO           27    .text.__cxx_global_var_init.7  main.o
    0x0800efd6   0x0800efd6   0x00000002   PAD
    0x0800efd8   0x0800efd8   0x00000012   Code   RO         2077    .text.__cxx_global_var_init.7  shoot.o
    0x0800efea   0x0800efea   0x00000002   PAD
    0x0800efec   0x0800efec   0x00000040   Code   RO         2161    .text.__cxx_global_var_init.7  yaw.o
    0x0800f02c   0x0800f02c   0x0000001a   Code   RO           29    .text.__cxx_global_var_init.8  main.o
    0x0800f046   0x0800f046   0x00000002   PAD
    0x0800f048   0x0800f048   0x00000012   Code   RO         2079    .text.__cxx_global_var_init.8  shoot.o
    0x0800f05a   0x0800f05a   0x00000002   PAD
    0x0800f05c   0x0800f05c   0x0000003c   Code   RO         2163    .text.__cxx_global_var_init.8  yaw.o
    0x0800f098   0x0800f098   0x00000054   Code   RO           31    .text.__cxx_global_var_init.9  main.o
    0x0800f0ec   0x0800f0ec   0x00000012   Code   RO         2081    .text.__cxx_global_var_init.9  shoot.o
    0x0800f0fe   0x0800f0fe   0x00000002   PAD
    0x0800f100   0x0800f100   0x00000020   Code   RO         2165    .text.__cxx_global_var_init.9  yaw.o
    0x0800f120   0x0800f120   0x0000005c   Code   RO         1825    .text.decode_hipnuc  hipnuc_dec.o
    0x0800f17c   0x0800f17c   0x0000007e   Code   RO         1829    .text.hipnuc_crc16  hipnuc_dec.o
    0x0800f1fa   0x0800f1fa   0x00000002   PAD
    0x0800f1fc   0x0800f1fc   0x000000a6   Code   RO         1817    .text.hipnuc_input  hipnuc_dec.o
    0x0800f2a2   0x0800f2a2   0x00000002   PAD
    0x0800f2a4   0x0800f2a4   0x00000170   Code   RO           87    .text.main          main.o
    0x0800f414   0x0800f414   0x000006c6   Code   RO         1831    .text.parse_data    hipnuc_dec.o
    0x0800fada   0x0800fada   0x00000002   PAD
    0x0800fadc   0x0800fadc   0x0000003e   Code   RO         1821    .text.sync_hipnuc   hipnuc_dec.o
    0x0800fb1a   0x0800fb1a   0x0000003e   Code   RO         2822    CL$$btod_d2e        c_w.l(btod.o)
    0x0800fb58   0x0800fb58   0x00000046   Code   RO         2824    CL$$btod_d2e_denorm_low  c_w.l(btod.o)
    0x0800fb9e   0x0800fb9e   0x00000060   Code   RO         2823    CL$$btod_d2e_norm_op1  c_w.l(btod.o)
    0x0800fbfe   0x0800fbfe   0x00000002   PAD
    0x0800fc00   0x0800fc00   0x00000338   Code   RO         2832    CL$$btod_div_common  c_w.l(btod.o)
    0x0800ff38   0x0800ff38   0x000000dc   Code   RO         2829    CL$$btod_e2e        c_w.l(btod.o)
    0x08010014   0x08010014   0x0000002a   Code   RO         2826    CL$$btod_ediv       c_w.l(btod.o)
    0x0801003e   0x0801003e   0x0000002a   Code   RO         2825    CL$$btod_emul       c_w.l(btod.o)
    0x08010068   0x08010068   0x00000244   Code   RO         2831    CL$$btod_mult_common  c_w.l(btod.o)
    0x080102ac   0x080102ac   0x00000030   Code   RO         2790    i.__ARM_fpclassify  m_wm.l(fpclassify.o)
    0x080102dc   0x080102dc   0x00000026   Code   RO         2658    i.__ARM_fpclassifyf  m_wm.l(fpclassifyf.o)
    0x08010302   0x08010302   0x00000002   PAD
    0x08010304   0x08010304   0x0000012c   Code   RO         2309    i.__hardfp_asinf    m_wm.l(asinf.o)
    0x08010430   0x08010430   0x000002ac   Code   RO         2321    i.__hardfp_atan2f   m_wm.l(atan2f.o)
    0x080106dc   0x080106dc   0x00000006   Code   RO         2661    i.__mathlib_flt_infnan  m_wm.l(funder.o)
    0x080106e2   0x080106e2   0x00000006   Code   RO         2662    i.__mathlib_flt_infnan2  m_wm.l(funder.o)
    0x080106e8   0x080106e8   0x00000010   Code   RO         2663    i.__mathlib_flt_invalid  m_wm.l(funder.o)
    0x080106f8   0x080106f8   0x00000010   Code   RO         2666    i.__mathlib_flt_underflow  m_wm.l(funder.o)
    0x08010708   0x08010708   0x0000000e   Code   RO         2497    i._is_digit         c_w.l(__printf_wp.o)
    0x08010716   0x08010716   0x0000003e   Code   RO         2353    i.sqrtf             m_wm.l(sqrtf.o)
    0x08010754   0x08010754   0x0000002c   Code   RO         2759    locale$$code        c_w.l(lc_ctype_c.o)
    0x08010780   0x08010780   0x0000002c   Code   RO         2762    locale$$code        c_w.l(lc_numeric_c.o)
    0x080107ac   0x080107ac   0x00000062   Code   RO         2236    x$fpl$d2f           fz_wm.l(d2f.o)
    0x0801080e   0x0801080e   0x00000002   PAD
    0x08010810   0x08010810   0x00000150   Code   RO         2238    x$fpl$dadd          fz_wm.l(daddsub_clz.o)
    0x08010960   0x08010960   0x00000018   Code   RO         2772    x$fpl$dcmpinf       fz_wm.l(dcmpi.o)
    0x08010978   0x08010978   0x000002b4   Code   RO         2247    x$fpl$ddiv          fz_wm.l(ddiv.o)
    0x08010c2c   0x08010c2c   0x00000078   Code   RO         2587    x$fpl$deqf          fz_wm.l(deqf.o)
    0x08010ca4   0x08010ca4   0x0000002e   Code   RO         2255    x$fpl$dflt          fz_wm.l(dflt_clz.o)
    0x08010cd2   0x08010cd2   0x00000002   PAD
    0x08010cd4   0x08010cd4   0x00000078   Code   RO         2589    x$fpl$dgeqf         fz_wm.l(dgeqf.o)
    0x08010d4c   0x08010d4c   0x00000078   Code   RO         2591    x$fpl$dleqf         fz_wm.l(dleqf.o)
    0x08010dc4   0x08010dc4   0x00000154   Code   RO         2260    x$fpl$dmul          fz_wm.l(dmul.o)
    0x08010f18   0x08010f18   0x0000009c   Code   RO         2593    x$fpl$dnaninf       fz_wm.l(dnaninf.o)
    0x08010fb4   0x08010fb4   0x0000000c   Code   RO         2595    x$fpl$dretinf       fz_wm.l(dretinf.o)
    0x08010fc0   0x08010fc0   0x000001dc   Code   RO         2240    x$fpl$dsub          fz_wm.l(daddsub_clz.o)
    0x0801119c   0x0801119c   0x00000056   Code   RO         2262    x$fpl$f2d           fz_wm.l(f2d.o)
    0x080111f2   0x080111f2   0x00000054   Code   RO         2244    x$fpl$fcmp          fz_wm.l(dcmp.o)
    0x08011246   0x08011246   0x0000008c   Code   RO         2599    x$fpl$fnaninf       fz_wm.l(fnaninf.o)
    0x080112d2   0x080112d2   0x0000001a   Code   RO         2774    x$fpl$fpinit        fz_wm.l(fpinit.o)
    0x080112ec   0x080112ec   0x0000000a   Code   RO         2601    x$fpl$fretinf       fz_wm.l(fretinf.o)
    0x080112f6   0x080112f6   0x00000004   Code   RO         2603    x$fpl$printf1       fz_wm.l(printf1.o)
    0x080112fa   0x080112fa   0x00000004   Code   RO         2605    x$fpl$printf2       fz_wm.l(printf2.o)
    0x080112fe   0x080112fe   0x00000000   Code   RO         2611    x$fpl$usenofp       fz_wm.l(usenofp.o)
    0x080112fe   0x080112fe   0x00000002   PAD
    0x08011300   0x08011300   0x00000008   Data   RO         2456    .constdata          c_w.l(_printf_wctomb.o)
    0x08011308   0x08011308   0x00000028   Data   RO         2485    .constdata          c_w.l(_printf_hex_int_ll_ptr.o)
    0x08011330   0x08011330   0x00000011   Data   RO         2505    .constdata          c_w.l(__printf_flags_ss_wp.o)
    0x08011341   0x08011341   0x00000026   Data   RO         2743    .constdata          c_w.l(_printf_fp_hex.o)
    0x08011367   0x08011367   0x00000001   PAD
    0x08011368   0x08011368   0x00000094   Data   RO         2820    .constdata          c_w.l(bigflt0.o)
    0x080113fc   0x080113fc   0x00000010   Data   RO         1526    .rodata.AHBPrescTable  system_stm32f4xx.o
    0x0801140c   0x0801140c   0x00000008   Data   RO         1527    .rodata.APBPrescTable  system_stm32f4xx.o
    0x08011414   0x08011414   0x00000008   Data   RO          703    .rodata.DMA_CalcBaseAndBitshift.flagBitshiftOffset  stm32f4xx_hal_dma.o
    0x0801141c   0x0801141c   0x00000200   Data   RO         1574    .rodata._ZL11CRC16_TABLE  communication.o
    0x0801161c   0x0801161c   0x00000013   Data   RO          168    .rodata.str1.1      main.o
    0x0801162f   0x0801162f   0x00000012   Data   RO         1758    .rodata.str1.1      rm_lib.o
    0x08011641   0x08011641   0x00000009   Data   RO         1843    .rodata.str1.1      hipnuc_dec.o
    0x0801164a   0x0801164a   0x00000002   PAD
    0x0801164c   0x0801164c   0x00000020   Data   RO         2988    Region$$Table       anon$$obj.o
    0x0801166c   0x0801166c   0x00000110   Data   RO         2758    locale$$data        c_w.l(lc_ctype_c.o)
    0x0801177c   0x0801177c   0x0000001c   Data   RO         2761    locale$$data        c_w.l(lc_numeric_c.o)
    0x08011798   0x08011798   0x00000004   Data   RO          172    .init_array         main.o
    0x0801179c   0x08011798   0x00000004   Data   RO          400    .init_array         stm32f4xx_it.o
    0x080117a0   0x08011798   0x00000004   Data   RO         1576    .init_array         communication.o
    0x080117a4   0x08011798   0x00000004   Data   RO         1772    .init_array         rm_lib.o
    0x080117a8   0x08011798   0x00000004   Data   RO         1905    .init_array         dm.o
    0x080117ac   0x08011798   0x00000004   Data   RO         1926    .init_array         rm.o
    0x080117b0   0x08011798   0x00000004   Data   RO         1959    .init_array         rmd.o
    0x080117b4   0x08011798   0x00000004   Data   RO         1993    .init_array         pid.o
    0x080117b8   0x08011798   0x00000004   Data   RO         2049    .init_array         pitch.o
    0x080117bc   0x08011798   0x00000004   Data   RO         2130    .init_array         shoot.o
    0x080117c0   0x08011798   0x00000004   Data   RO         2185    .init_array         yaw.o
    0x080117c4   0x08011798   0x00000000   Data   RO         2231    .init_array         c_w.l(init_aeabi.o)


    Execution Region RW_IRAM1 (Exec base: 0x20000000, Load base: 0x080117c8, Size: 0x00004690, Max: 0x0001c000, ABSOLUTE)

    Exec Addr    Load Addr    Size         Type   Attr      Idx    E Section Name        Object

    0x20000000   0x080117c8   0x00000001   Data   RW          119    .data.GIMBAL_088_State  main.o
    0x20000001   0x080117c9   0x00000003   PAD
    0x20000004   0x080117cc   0x00000004   Data   RW         1525    .data.SystemCoreClock  system_stm32f4xx.o
    0x20000008   0x080117d0   0x00000001   Data   RW         1771    .data._ZZN10Vision_LPF22Vision_Low_Pass_FilterEfE10fisrt_flag  rm_lib.o
    0x20000009   0x080117d1   0x00000003   PAD
    0x2000000c   0x080117d4   0x00000004   Data   RW         1992    .data._ZZN9PID_class15low_pass_filterEffE13fisrt_lp_flag  pid.o
    0x20000010   0x080117d8   0x00000004   Data   RW         1765    .data.param_Kp      rm_lib.o
    0x20000014   0x080117dc   0x00000001   Data   RW          903    .data.uwTickFreq    stm32f4xx_hal.o
    0x20000015   0x080117dd   0x00000003   PAD
    0x20000018   0x080117e0   0x00000004   Data   RW          902    .data.uwTickPrio    stm32f4xx_hal.o
    0x2000001c   0x080117e4   0x00000004   PAD
    0x20000020        -       0x00000060   Zero   RW         2683    .bss                c_w.l(libspace.o)
    0x20000080        -       0x00000018   Zero   RW         1570    .bss.AS             communication.o
    0x20000098        -       0x00000004   Zero   RW          124    .bss.BP_PID_OUT     main.o
    0x2000009c        -       0x00000001   Zero   RW          134    .bss.Buff_Flag      main.o
    0x2000009d   0x080117e4   0x00000003   PAD
    0x200000a0        -       0x00000054   Zero   RW          102    .bss.CAN_1          main.o
    0x200000f4        -       0x00000054   Zero   RW          103    .bss.CAN_2          main.o
    0x20000148        -       0x00000002   Zero   RW          133    .bss.Communicate_Rx_Flag_1  main.o
    0x2000014a        -       0x00000002   Zero   RW          132    .bss.Communicate_Send_Flag_1  main.o
    0x2000014c        -       0x00000070   Zero   RW          108    .bss.DM_PITCH       main.o
    0x200001bc        -       0x00000070   Zero   RW          109    .bss.DM_YAW         main.o
    0x2000022c        -       0x00000001   Zero   RW          136    .bss.DR16_Stop_Flag  main.o
    0x2000022d   0x080117e4   0x00000003   PAD
    0x20000230        -       0x00000270   Zero   RW          110    .bss.GIMBAL_088     main.o
    0x200004a0        -       0x00000004   Zero   RW          217    .bss.HAL_RCC_CAN1_CLK_ENABLED  can.o
    0x200004a4        -       0x00000001   Zero   RW         1844    .bss.IMU_FIFO       hipnuc_dec.o
    0x200004a5   0x080117e4   0x00000001   PAD
    0x200004a6        -       0x00000002   Zero   RW         1841    .bss.IMU_rx_size    hipnuc_dec.o
    0x200004a8        -       0x00000004   Zero   RW         1761    .bss.I_ex           rm_lib.o
    0x200004ac        -       0x00000004   Zero   RW         1762    .bss.I_ey           rm_lib.o
    0x200004b0        -       0x00000004   Zero   RW         1763    .bss.I_ez           rm_lib.o
    0x200004b4        -       0x0000001c   Zero   RW          115    .bss.LPF_Deal_pitch  main.o
    0x200004d0        -       0x00000010   Zero   RW          101    .bss.LPF_factor     main.o
    0x200004e0        -       0x00000010   Zero   RW          385    .bss.LPF_factor     stm32f4xx_it.o
    0x200004f0        -       0x00000010   Zero   RW         1573    .bss.LPF_factor     communication.o
    0x20000500        -       0x00000010   Zero   RW         1756    .bss.LPF_factor     rm_lib.o
    0x20000510        -       0x00000010   Zero   RW         1904    .bss.LPF_factor     dm.o
    0x20000520        -       0x00000010   Zero   RW         1925    .bss.LPF_factor     rm.o
    0x20000530        -       0x00000010   Zero   RW         1958    .bss.LPF_factor     rmd.o
    0x20000540        -       0x00000010   Zero   RW         1991    .bss.LPF_factor     pid.o
    0x20000550        -       0x00000010   Zero   RW         2043    .bss.LPF_factor     pitch.o
    0x20000560        -       0x00000010   Zero   RW         2113    .bss.LPF_factor     shoot.o
    0x20000570        -       0x00000010   Zero   RW         2175    .bss.LPF_factor     yaw.o
    0x20000580        -       0x00000020   Zero   RW          107    .bss.M2006_BP       main.o
    0x200005a0        -       0x00000070   Zero   RW         2117    .bss.M2006_BP_Angle  shoot.o
    0x20000610        -       0x00000070   Zero   RW         2119    .bss.M2006_BP_Con_Angle  shoot.o
    0x20000680        -       0x00000070   Zero   RW         2118    .bss.M2006_BP_Con_Speed  shoot.o
    0x200006f0        -       0x00000070   Zero   RW         2116    .bss.M2006_BP_Speed  shoot.o
    0x20000760        -       0x00000020   Zero   RW          106    .bss.M3508_MCL_Left  main.o
    0x20000780        -       0x00000070   Zero   RW         2114    .bss.M3508_MCL_Left_Speed  shoot.o
    0x200007f0        -       0x00000020   Zero   RW          105    .bss.M3508_MCL_Right  main.o
    0x20000810        -       0x00000070   Zero   RW         2115    .bss.M3508_MCL_Right_Speed  shoot.o
    0x20000880        -       0x00000070   Zero   RW         2045    .bss.M6020_Pitch_Angle  pitch.o
    0x200008f0        -       0x00000070   Zero   RW         2044    .bss.M6020_Pitch_Speed  pitch.o
    0x20000960        -       0x00000020   Zero   RW          104    .bss.M6020_YAW      main.o
    0x20000980        -       0x00000004   Zero   RW          140    .bss.MCL_PID_OUT    main.o
    0x20000984        -       0x00000080   Zero   RW         1567    .bss.Mini_PC_rx_buf  communication.o
    0x20000a04        -       0x00000080   Zero   RW         1566    .bss.Mini_PC_tx_buf  communication.o
    0x20000a84        -       0x00000070   Zero   RW         2047    .bss.PID_Pitch_mang_zm  pitch.o
    0x20000af4        -       0x00000070   Zero   RW         2046    .bss.PID_Pitch_sp_zm  pitch.o
    0x20000b64        -       0x00000001   Zero   RW          121    .bss.PITCH_Mode     main.o
    0x20000b65   0x080117e4   0x00000003   PAD
    0x20000b68        -       0x0000001c   Zero   RW          116    .bss.Pitch_MCU      main.o
    0x20000b84        -       0x0000001c   Zero   RW          114    .bss.Pitch_PID_OUT  main.o
    0x20000ba0        -       0x00000004   Zero   RW          122    .bss.Pitch_Pid_Out  main.o
    0x20000ba4        -       0x00000001   Zero   RW          141    .bss.Right_Flag     main.o
    0x20000ba5   0x080117e4   0x00000003   PAD
    0x20000ba8        -       0x00000020   Zero   RW         1571    .bss.SuperPower     communication.o
    0x20000bc8        -       0x00000001   Zero   RW         2121    .bss.UD_BP_ALIGN    shoot.o
    0x20000bc9        -       0x00000001   Zero   RW         2123    .bss.UD_BP_DF       shoot.o
    0x20000bca        -       0x00000001   Zero   RW         2120    .bss.UD_BP_ON       shoot.o
    0x20000bcb        -       0x00000001   Zero   RW         2122    .bss.UD_BP_PREFAB_RELEASE  shoot.o
    0x20000bcc        -       0x00000001   Zero   RW          156    .bss.UD_BoPan_lian  main.o
    0x20000bcd        -       0x00000001   Zero   RW          154    .bss.UD_Buff        main.o
    0x20000bce        -       0x00000001   Zero   RW          151    .bss.UD_E           main.o
    0x20000bcf        -       0x00000001   Zero   RW          157    .bss.UD_GenSui      main.o
    0x20000bd0        -       0x00000001   Zero   RW          161    .bss.UD_GenSui_chance  main.o
    0x20000bd1        -       0x00000001   Zero   RW          160    .bss.UD_Laser       main.o
    0x20000bd2        -       0x00000001   Zero   RW         2124    .bss.UD_PR_BP       shoot.o
    0x20000bd3        -       0x00000001   Zero   RW          153    .bss.UD_SpeedDown   main.o
    0x20000bd4        -       0x00000001   Zero   RW          152    .bss.UD_SpeedUp     main.o
    0x20000bd5        -       0x00000001   Zero   RW          155    .bss.UD_YK_BoPan    main.o
    0x20000bd6        -       0x00000001   Zero   RW         2176    .bss.UD_Yaw_Back    yaw.o
    0x20000bd7        -       0x00000001   Zero   RW          159    .bss.UD_ch0_exceed_600  main.o
    0x20000bd8        -       0x00000001   Zero   RW          158    .bss.UD_l           main.o
    0x20000bd9   0x080117e4   0x00000003   PAD
    0x20000bdc        -       0x0000001c   Zero   RW          111    .bss.V_Pitch        main.o
    0x20000bf8        -       0x0000001c   Zero   RW          112    .bss.V_Yaw          main.o
    0x20000c14        -       0x00000001   Zero   RW          120    .bss.YAW_Mode       main.o
    0x20000c15   0x080117e4   0x00000003   PAD
    0x20000c18        -       0x000001b8   Zero   RW          117    .bss.YK             main.o
    0x20000dd0        -       0x00000002   Zero   RW          162    .bss.YK_MODE_SW_C_N  main.o
    0x20000dd2        -       0x00000002   Zero   RW          163    .bss.YK_MODE_SW_C_S  main.o
    0x20000dd4        -       0x00000002   Zero   RW          164    .bss.YK_MODE_SW_N_C  main.o
    0x20000dd6        -       0x00000002   Zero   RW          165    .bss.YK_MODE_SW_S_C  main.o
    0x20000dd8        -       0x00000001   Zero   RW          118    .bss.YK_Mode        main.o
    0x20000dd9   0x080117e4   0x00000003   PAD
    0x20000ddc        -       0x0000004c   Zero   RW         2177    .bss.Yaw            yaw.o
    0x20000e28        -       0x0000004c   Zero   RW         2179    .bss.Yaw_Back       yaw.o
    0x20000e74        -       0x0000001c   Zero   RW          113    .bss.Yaw_PID_OUT    main.o
    0x20000e90        -       0x00000004   Zero   RW          123    .bss.Yaw_Pid_Out    main.o
    0x20000e94        -       0x0000004c   Zero   RW         2178    .bss.Yaw_Zm         yaw.o
    0x20000ee0        -       0x00000004   Zero   RW          399    .bss.Zm_Yaw_Acc     stm32f4xx_it.o
    0x20000ee4        -       0x00000004   Zero   RW          398    .bss.Zm_Yaw_Vel     stm32f4xx_it.o
    0x20000ee8        -       0x00000001   Zero   RW         2129    .bss._ZL9buff_mode  shoot.o
    0x20000ee9        -       0x00000001   Zero   RW          167    .bss._ZZ10start_dealvE4open  main.o
    0x20000eea        -       0x00000001   Zero   RW          166    .bss._ZZ21can2_communicate_dealvE4flag  main.o
    0x20000eeb        -       0x00000001   Zero   RW          170    .bss._ZZ29HAL_TIM_PeriodElapsedCallbackE10motor_flag  main.o
    0x20000eec        -       0x00000001   Zero   RW          171    .bss._ZZ29HAL_TIM_PeriodElapsedCallbackE12dm_send_flag  main.o
    0x20000eed        -       0x00000001   Zero   RW          169    .bss._ZZ29HAL_TIM_PeriodElapsedCallbackE13re_start_flag  main.o
    0x20000eee   0x080117e4   0x00000002   PAD
    0x20000ef0        -       0x00000004   Zero   RW         2629    .bss.__cxa_new_handler  libcppabi_w.l(cxa_handlers.cpp.o)
    0x20000ef4        -       0x00000004   Zero   RW         2126    .bss.bp             shoot.o
    0x20000ef8        -       0x00000001   Zero   RW         1768    .bss.calibrationState  rm_lib.o
    0x20000ef9   0x080117e4   0x00000007   PAD
    0x20000f00        -       0x00000008   Zero   RW          387    .bss.disable_irq_1  stm32f4xx_it.o
    0x20000f08        -       0x00000008   Zero   RW          388    .bss.disable_irq_2  stm32f4xx_it.o
    0x20000f10        -       0x00000028   Zero   RW          215    .bss.hcan1          can.o
    0x20000f38        -       0x00000028   Zero   RW          216    .bss.hcan2          can.o
    0x20000f60        -       0x00000060   Zero   RW          300    .bss.hdma_uart5_rx  usart.o
    0x20000fc0        -       0x00000060   Zero   RW          301    .bss.hdma_uart5_tx  usart.o
    0x20001020        -       0x00000060   Zero   RW          302    .bss.hdma_usart1_rx  usart.o
    0x20001080        -       0x00000060   Zero   RW          303    .bss.hdma_usart2_rx  usart.o
    0x200010e0        -       0x00000060   Zero   RW          304    .bss.hdma_usart2_tx  usart.o
    0x20001140        -       0x00000060   Zero   RW          305    .bss.hdma_usart3_rx  usart.o
    0x200011a0        -       0x00000060   Zero   RW          306    .bss.hdma_usart3_tx  usart.o
    0x20001200        -       0x00000060   Zero   RW          307    .bss.hdma_usart6_rx  usart.o
    0x20001260        -       0x000003a4   Zero   RW         1839    .bss.hipnuc_raw     hipnuc_dec.o
    0x20001604        -       0x00000058   Zero   RW          239    .bss.hspi1          spi.o
    0x2000165c        -       0x00000048   Zero   RW          267    .bss.htim1          tim.o
    0x200016a4        -       0x00000048   Zero   RW          268    .bss.htim2          tim.o
    0x200016ec        -       0x00000048   Zero   RW          269    .bss.htim3          tim.o
    0x20001734        -       0x00000048   Zero   RW          270    .bss.htim5          tim.o
    0x2000177c        -       0x00000048   Zero   RW          271    .bss.htim6          tim.o
    0x200017c4        -       0x00000048   Zero   RW          272    .bss.htim7          tim.o
    0x2000180c        -       0x00000048   Zero   RW          273    .bss.htim8          tim.o
    0x20001854        -       0x00000048   Zero   RW          296    .bss.huart1         usart.o
    0x2000189c        -       0x00000048   Zero   RW          297    .bss.huart2         usart.o
    0x200018e4        -       0x00000048   Zero   RW          298    .bss.huart3         usart.o
    0x2000192c        -       0x00000048   Zero   RW          295    .bss.huart5         usart.o
    0x20001974        -       0x00000048   Zero   RW          299    .bss.huart6         usart.o
    0x200019bc        -       0x0000004c   Zero   RW         1840    .bss.imu_data       hipnuc_dec.o
    0x20001a08        -       0x00000200   Zero   RW         1842    .bss.imu_dma_rxbuf  hipnuc_dec.o
    0x20001c08        -       0x00000080   Zero   RW         1757    .bss.info_ubuf      rm_lib.o
    0x20001c88        -       0x00000001   Zero   RW          126    .bss.jianshu_flag   main.o
    0x20001c89   0x080117e4   0x00000003   PAD
    0x20001c8c        -       0x00000004   Zero   RW         2125    .bss.mcl            shoot.o
    0x20001c90        -       0x00000004   Zero   RW         1766    .bss.param_Ki       rm_lib.o
    0x20001c94        -       0x00000004   Zero   RW         2048    .bss.pitch          pitch.o
    0x20001c98        -       0x00000004   Zero   RW          125    .bss.remain_heat    main.o
    0x20001c9c        -       0x00000020   Zero   RW         1568    .bss.request        communication.o
    0x20001cbc        -       0x00000002   Zero   RW          128    .bss.shooter_id1_17mm_barrel_cooling_value  main.o
    0x20001cbe        -       0x00000002   Zero   RW          131    .bss.shooter_id1_17mm_cooling_heat  main.o
    0x20001cc0        -       0x00000002   Zero   RW          129    .bss.shooter_id1_17mm_cooling_limit  main.o
    0x20001cc2        -       0x00000001   Zero   RW          149    .bss.start_flag     main.o
    0x20001cc3        -       0x00000001   Zero   RW          145    .bss.test_flag      main.o
    0x20001cc4        -       0x00000002   Zero   RW         2127    .bss.test_flag_1    shoot.o
    0x20001cc6        -       0x00000002   Zero   RW         2128    .bss.test_flag_2    shoot.o
    0x20001cc8        -       0x00000004   Zero   RW          904    .bss.uwTick         stm32f4xx_hal.o
    0x20001ccc        -       0x00000004   Zero   RW         2184    .bss.yaw            yaw.o
    0x20001cd0        -       0x00000070   Zero   RW         2180    .bss.yaw_angle      yaw.o
    0x20001d40        -       0x00000070   Zero   RW         2182    .bss.yaw_back_angle  yaw.o
    0x20001db0        -       0x00000070   Zero   RW         2183    .bss.yaw_back_speed  yaw.o
    0x20001e20        -       0x00000070   Zero   RW         2181    .bss.yaw_speed      yaw.o
    0x20001e90        -       0x00000800   Zero   RW            2    HEAP                startup_stm32f405xx.o
    0x20002690        -       0x00002000   Zero   RW            1    STACK               startup_stm32f405xx.o


    Execution Region RW_IRAM2 (Exec base: 0x2001c000, Load base: 0x080117e8, Size: 0x00000000, Max: 0x00004000, ABSOLUTE)

    **** No section assigned to this execution region ****


==============================================================================

Image component sizes


      Code (inc. data)   RO Data    RW Data    ZI Data      Debug   Object Name

       548          0          0          0         84       6361   can.o
       846         16        516          0        360      22175   communication.o
       932          0          4          0         16      23403   dm.o
       222          0          0          0          0       3271   dma.o
       374          0          0          0          0       2198   gpio.o
      2616          0          9          0       1523      10928   hipnuc_dec.o
      5440         68         23          1       1831      49260   main.o
      1338         16          4          4         16      23802   pid.o
      1400         88          4          0        468      25952   pitch.o
       314          0          4          0         16      20547   rm.o
      8586         48         22          5        161      66206   rm_lib.o
        62          0          4          0         16      22924   rmd.o
      5046        172          4          0        706      28852   shoot.o
       536          4          0          0          0      22352   smc.o
       220          0          0          0         88       4863   spi.o
        64         26        392          0      10240        832   startup_stm32f405xx.o
       270          0          0          5          4       7045   stm32f4xx_hal.o
      3194          0          0          0          0      11472   stm32f4xx_hal_can.o
       482          0          0          0          0       9625   stm32f4xx_hal_cortex.o
      2068          8          8          0          0       8454   stm32f4xx_hal_dma.o
       996          0          0          0          0       5082   stm32f4xx_hal_gpio.o
        74          0          0          0          0       1464   stm32f4xx_hal_msp.o
      2646          0          0          0          0       7583   stm32f4xx_hal_rcc.o
      3182          0          0          0          0      19350   stm32f4xx_hal_spi.o
      3918         14          0          0          0      35819   stm32f4xx_hal_tim.o
       306          0          0          0          0      15245   stm32f4xx_hal_tim_ex.o
      5006          0          0          0          0      20304   stm32f4xx_hal_uart.o
      1834         56          4          0         40      22326   stm32f4xx_it.o
        18          0         24          4          0       2493   system_stm32f4xx.o
      1556          0          0          0        504       9680   tim.o
      1830          0          0          0       1128       8722   usart.o
      1668        124          4          0        697      28673   yaw.o

    ----------------------------------------------------------------------
     57888        640       1060         28      17936     547263   Object Totals
         0          0         32          0          0          0   (incl. Generated)
       296          0          2          9         38          0   (incl. Padding)

    ----------------------------------------------------------------------

      Code (inc. data)   RO Data    RW Data    ZI Data      Debug   Library Member Name

         8          0          0          0          0         68   __main.o
       392          4         17          0          0         92   __printf_flags_ss_wp.o
        14          0          0          0          0         68   __printf_wp.o
         0          0          0          0          0          0   __rtentry.o
        12          0          0          0          0          0   __rtentry2.o
         6          0          0          0          0          0   __rtentry4.o
        52          8          0          0          0          0   __scatter.o
        26          0          0          0          0          0   __scatter_copy.o
        28          0          0          0          0          0   __scatter_zi.o
        72          0          0          0          0         96   _c16rtomb.o
         6          0          0          0          0          0   _printf_a.o
         6          0          0          0          0          0   _printf_c.o
        44          0          0          0          0        108   _printf_char.o
        48          6          0          0          0         96   _printf_char_common.o
        40          0          0          0          0         68   _printf_charcount.o
         6          0          0          0          0          0   _printf_d.o
       120         16          0          0          0         92   _printf_dec.o
         6          0          0          0          0          0   _printf_e.o
         6          0          0          0          0          0   _printf_f.o
      1052          0          0          0          0        148   _printf_fp_dec.o
       764          8         38          0          0        100   _printf_fp_hex.o
       128         16          0          0          0         84   _printf_fp_infnan.o
         6          0          0          0          0          0   _printf_g.o
       148          4         40          0          0        160   _printf_hex_int_ll_ptr.o
         6          0          0          0          0          0   _printf_i.o
       178          0          0          0          0         88   _printf_intcommon.o
        10          0          0          0          0          0   _printf_l.o
         6          0          0          0          0          0   _printf_lc.o
        10          0          0          0          0          0   _printf_ll.o
         6          0          0          0          0          0   _printf_lld.o
         6          0          0          0          0          0   _printf_lli.o
         6          0          0          0          0          0   _printf_llo.o
         6          0          0          0          0          0   _printf_llu.o
         6          0          0          0          0          0   _printf_llx.o
       124         16          0          0          0         92   _printf_longlong_dec.o
         6          0          0          0          0          0   _printf_ls.o
         6          0          0          0          0          0   _printf_n.o
         6          0          0          0          0          0   _printf_o.o
       112          8          0          0          0        124   _printf_oct_int_ll.o
         6          0          0          0          0          0   _printf_p.o
        78          0          0          0          0        108   _printf_pad.o
         0          0          0          0          0          0   _printf_percent.o
         4          0          0          0          0          0   _printf_percent_end.o
         6          0          0          0          0          0   _printf_s.o
        82          0          0          0          0         80   _printf_str.o
        36          0          0          0          0         84   _printf_truncate.o
         6          0          0          0          0          0   _printf_u.o
        44          0          0          0          0        108   _printf_wchar.o
       188          6          8          0          0         92   _printf_wctomb.o
         6          0          0          0          0          0   _printf_x.o
        22          0          0          0          0        100   _rserrno.o
        10          0          0          0          0         68   _sputc.o
         8          0          0          0          0         68   abs.o
       228          4        148          0          0         96   bigflt0.o
      1936        128          0          0          0        668   btod.o
        10          0          0          0          0         68   defsig_exit.o
        50          0          0          0          0         88   defsig_general.o
        80         58          0          0          0         76   defsig_rtmem_inner.o
        14          0          0          0          0         80   defsig_rtmem_outer.o
        18          0          0          0          0         80   exit.o
        94          0          0          0          0         80   h1_alloc.o
        52          0          0          0          0         68   h1_extend.o
        78          0          0          0          0         80   h1_free.o
        14          0          0          0          0         84   h1_init.o
         6          0          0          0          0        152   heapauxi.o
         4          0          0          0          0        136   hguard.o
         0          0          0          0          0          0   indicate_semi.o
        36          8          0          0          0         80   init_aeabi.o
       138          0          0          0          0        168   init_alloc.o
        44         10        272          0          0         76   lc_ctype_c.o
        44         10         28          0          0         76   lc_numeric_c.o
         2          0          0          0          0          0   libinit.o
        46          0          0          0          0          0   libinit2.o
         2          0          0          0          0          0   libshutdown.o
         2          0          0          0          0          0   libshutdown2.o
         8          4          0          0         96         68   libspace.o
       138          0          0          0          0         80   lludiv10.o
       240          0          0          0          0        100   lludivv7m.o
         0          0          0          0          0          0   maybetermalloc1.o
        16          4          0          0          0         76   rt_ctype_table.o
         8          4          0          0          0         68   rt_errno_addr_intlibspace.o
         8          4          0          0          0         68   rt_heap_descriptor_intlibspace.o
         8          4          0          0          0         68   rt_locale_intlibspace.o
        68          0          0          0          0         68   rt_memclr.o
        78          0          0          0          0         80   rt_memclr_w.o
       138          0          0          0          0         68   rt_memcpy_v6.o
       100          0          0          0          0         80   rt_memcpy_w.o
         2          0          0          0          0          0   rtexit.o
        10          0          0          0          0          0   rtexit2.o
        44          6          0          0          0         84   sprintf.o
       124          0          0          0          0         88   strcmpv7em.o
        12          4          0          0          0         68   sys_exit.o
        74          0          0          0          0         80   sys_stackheap_outer.o
        14          0          0          0          0         76   sys_wrch.o
         2          0          0          0          0         68   use_no_semi.o
        98          4          0          0          0        140   d2f.o
       812         16          0          0          0        392   daddsub_clz.o
        84          0          0          0          0        244   dcmp.o
        24          0          0          0          0        116   dcmpi.o
       692        140          0          0          0        264   ddiv.o
       120          4          0          0          0        140   deqf.o
        46          0          0          0          0        116   dflt_clz.o
       120          4          0          0          0        140   dgeqf.o
       120          4          0          0          0        140   dleqf.o
       340         12          0          0          0        152   dmul.o
       156          4          0          0          0        140   dnaninf.o
        12          0          0          0          0        116   dretinf.o
        86          4          0          0          0        132   f2d.o
       140          4          0          0          0        132   fnaninf.o
        26          0          0          0          0        116   fpinit.o
        10          0          0          0          0        116   fretinf.o
         4          0          0          0          0        116   printf1.o
         4          0          0          0          0        116   printf2.o
         0          0          0          0          0          0   usenofp.o
        38          0          0          0          0        380   new.cpp.o
        12          0          0          0          4        148   cxa_handlers.cpp.o
       300         42          0          0          0        176   asinf.o
       684         90          0          0          0        208   atan2f.o
        48          0          0          0          0        124   fpclassify.o
        38          0          0          0          0        116   fpclassifyf.o
        44         12          0          0          0        464   funder.o
        62          0          0          0          0        136   sqrtf.o

    ----------------------------------------------------------------------
     12120        680        552          0        100      10216   Library Totals
        30          0          1          0          0          0   (incl. Padding)

    ----------------------------------------------------------------------

      Code (inc. data)   RO Data    RW Data    ZI Data      Debug   Library Name

      7970        340        551          0         96       5636   c_w.l
      2894        196          0          0          0       2828   fz_wm.l
        38          0          0          0          0        380   libcpp_w.l
        12          0          0          0          4        148   libcppabi_w.l
      1176        144          0          0          0       1224   m_wm.l

    ----------------------------------------------------------------------
     12120        680        552          0        100      10216   Library Totals

    ----------------------------------------------------------------------

==============================================================================


      Code (inc. data)   RO Data    RW Data    ZI Data      Debug   

     70008       1320       1612         28      18036     551067   Grand Totals
     70008       1320       1612         28      18036     551067   ELF Image Totals
     70008       1320       1612         28          0          0   ROM Totals

==============================================================================

    Total RO  Size (Code + RO Data)                71620 (  69.94kB)
    Total RW  Size (RW Data + ZI Data)             18064 (  17.64kB)
    Total ROM Size (Code + RO Data + RW Data)      71648 (  69.97kB)

==============================================================================

