/home/yorkuy/code/Leg_Gimbal/Math_Lib/PID.cpp:3:6:bool PID_class::Get_6020mang_need_turn_direction_is(uint16_t, uint16_t)	0	static
/home/yorkuy/code/Leg_Gimbal/Math_Lib/PID.cpp:7:6:void PID_class::PID_update_for_6020mang(int16_t, uint16_t, wheel_dir_and_weight*)	16	static
/home/yorkuy/code/Leg_Gimbal/Math_Lib/PID.cpp:63:6:void PID_class::PID_new_update(float, float)	0	static
/home/yorkuy/code/Leg_Gimbal/Math_Lib/PID.cpp:94:6:void PID_class::PID_update(float, float)	0	static
/home/yorkuy/code/Leg_Gimbal/Math_Lib/PID.cpp:115:6:void PID_class::PID_Inc_update(float, float)	0	static
/home/yorkuy/code/Leg_Gimbal/Math_Lib/PID.cpp:168:7:float PID_class::low_pass_filter(float, float)	0	static
/home/yorkuy/code/Leg_Gimbal/Math_Lib/PID.cpp:139:6:void PID_class::PID_update_LP(float, float, float)	8	static
/home/yorkuy/code/Leg_Gimbal/Math_Lib/PID.cpp:185:6:void PID_Fuzzy_class::fuzzy(float, float)	12	static
/home/yorkuy/code/Leg_Gimbal/Math_Lib/PID.cpp:305:6:void PID_Fuzzy_class::FuzzyPID_update(float, float)	8	static
/home/yorkuy/code/Leg_Gimbal/Math_Lib/PID.cpp:330:1:cpp)	0	static
