/home/yorkuy/code/Leg_Gimbal/Control/Shoot.cpp:180:3:f BP::stateZERO()	0	static
/home/yorkuy/code/Leg_Gimbal/Control/Shoot.cpp:187:3:f BP::stateOneShot()	24	static
/home/yorkuy/code/Leg_Gimbal/Control/Shoot.cpp:196:3:f BP::stateContinuous()	24	static
/home/yorkuy/code/Leg_Gimbal/Control/Shoot.cpp:204:3:f BP::stateRecovery()	16	static
/home/yorkuy/code/Leg_Gimbal/Control/Shoot.cpp:35:6:void slope(float*, float, float)	0	static
/home/yorkuy/code/Leg_Gimbal/Control/Shoot.cpp:53:6:void MCL::MCL_while_layer(u8)	8	static
/home/yorkuy/code/Leg_Gimbal/Control/Shoot.cpp:89:4:f* MCL::MCL_deal(u8)	24	static
/home/yorkuy/code/Leg_Gimbal/Control/Shoot.cpp:160:6:void BP::switchState(BP::FsmState)	12	static
/home/yorkuy/code/Leg_Gimbal/Control/Shoot.cpp:170:10:f runCurrentState(BP*)	8	static
/home/yorkuy/code/Leg_Gimbal/Control/Shoot.cpp:377:6:void BP::Start_Recovery(double, double, u8)	24	static
/home/yorkuy/code/Leg_Gimbal/Control/Shoot.cpp:390:6:void BP::Stop_Recovery(double)	0	static
/home/yorkuy/code/Leg_Gimbal/Control/Shoot.cpp:222:3:f BP::BP_Out_Interface(u8, u8)	40	static
/home/yorkuy/code/Leg_Gimbal/Control/Shoot.cpp:404:6:void BP::BP_while_layer()	0	static
/home/yorkuy/code/Leg_Gimbal/Control/Shoot.cpp:429:6:void BP::BP_Energy()	0	static
/home/yorkuy/code/Leg_Gimbal/Control/Shoot.cpp:449:6:void BP::BP_time_out()	24	static
/home/yorkuy/code/Leg_Gimbal/Control/Shoot.cpp:502:3:f BP::BP_deal(u8, u8)	0	static
/home/yorkuy/code/Leg_Gimbal/Control/Shoot.cpp:505:1:cpp)	32	static
