/home/yorkuy/Code/Leg_Gimbal/Control/Yaw.cpp:193:7:float YAW::stateENCODER(u8)	16	static
/home/yorkuy/Code/Leg_Gimbal/Control/Yaw.cpp:83:6:void YAW::set_SMCref(f)	0	static
/home/yorkuy/Code/Leg_Gimbal/Control/Yaw.cpp:261:7:float YAW::stateZERO(u8)	8	static
/home/yorkuy/Code/Leg_Gimbal/Control/Yaw.cpp:211:7:float YAW::stateAUTO_ZM(u8)	16	static
/home/yorkuy/Code/Leg_Gimbal/Control/Yaw.cpp:46:7:float gm6020to_torq(float)	0	static
/home/yorkuy/Code/Leg_Gimbal/Control/Yaw.cpp:53:6:void YAW::yaw_mode_deal(u8, u8, u8)	12	static
/home/yorkuy/Code/Leg_Gimbal/Control/Yaw.cpp:83:6:void YAW::set_SMCref(f)	0	static
/home/yorkuy/Code/Leg_Gimbal/Control/Yaw.cpp:90:6:void YAW::set_Yaw_Angle(f)	0	static
/home/yorkuy/Code/Leg_Gimbal/Control/Yaw.cpp:95:16:static f (YAW::* YAW::stateFuncOf(YAW::State))(u8)	0	static
/home/yorkuy/Code/Leg_Gimbal/Control/Yaw.cpp:105:6:void YAW::switchState(YAW::State)	16	static
/home/yorkuy/Code/Leg_Gimbal/Control/Yaw.cpp:220:7:float YAW::stateSTANDUP(u8)	16	static
/home/yorkuy/Code/Leg_Gimbal/Control/Yaw.cpp:244:7:float YAW::stateBACKING(u8)	16	static
/home/yorkuy/Code/Leg_Gimbal/Control/Yaw.cpp:144:7:float YAW::stateNORMAL(u8)	16	static
/home/yorkuy/Code/Leg_Gimbal/Control/Yaw.cpp:115:3:f YAW::runCurrentState(u8)	16	static
/home/yorkuy/Code/Leg_Gimbal/Control/Yaw.cpp:124:6:void YAW::updateEncoderMang(f)	0	static
/home/yorkuy/Code/Leg_Gimbal/Control/Yaw.cpp:272:7:float YAW::Yaw_Out_Interface(u8)	16	static
/home/yorkuy/Code/Leg_Gimbal/Control/Yaw.cpp:328:1:cpp)	20	static
